{smcl}
{com}{sf}{ul off}{txt}{.-}
      name:  {res}<unnamed>
       {txt}log:  {res}C:\Users\k1754142\OneDrive\PhD Project\OpenSAFELY\Github Practice/logs/itsa_models.smcl
  {txt}log type:  {res}smcl
 {txt}opened on:  {res} 1 Apr 2022, 16:32:27
{txt}
{com}. 
. **Set Ado file path
. adopath + "$projectdir/analysis/extra_ados"
{txt}  [1]  (BASE)      "{res}C:\Program Files\Stata17\ado\base/{txt}"
  [2]  (SITE)      "{res}C:\Program Files\Stata17\ado\site/{txt}"
  [3]              "{res}.{txt}"
  [4]  (PERSONAL)  "{res}C:\Users\k1754142\ado\personal/{txt}"
  [5]  (PLUS)      "{res}C:\Users\k1754142\ado\plus/{txt}"
  [6]  (OLDPLACE)  "{res}c:\ado/{txt}"
  [7]              "{res}C:\Users\k1754142\OneDrive\PhD Project\OpenSAFELY\Github Practice/analysis/extra_ados{txt}"

{com}. 
. **Use cleaned data from previous step
. use "$projectdir/output/data/file_eia_all.dta", clear
{txt}
{com}. 
. set scheme plotplainblind
{txt}
{com}. 
. /*ITSA models===========================================================================*/
. 
. **Delay from rheum referral to rheum appt (all diagnoses)
. preserve
{txt}
{com}. asdoc tabstat time_ref_rheum_appt, by(mo_year_diagn) stat(count p50 p75 p25 mean sd) save($projectdir/output/tables/diagnostic_delay_all.doc) dec(0)
{txt}(File C:\Users\k1754142\OneDrive\PhD Project\OpenSAFELY\Github Practice/output/tables/diagnostic_delay_all.doc already exists, option {bf:append} was assumed)

Summary for variables: time_ref_rheum_appt
Group variable: __000000 (mo_year_diagn)

{ralign 8:__000000} {...}
{c |}         N       p50       p75       p25      Mean        SD
{hline 9}{c +}{hline 60}
{ralign 8:710} {...}
{c |}{...}
 {res}       39        84       187        41  123.3333  102.3447
{txt}{ralign 8:711} {...}
{c |}{...}
 {res}       37       120       196        52  128.1622  93.16667
{txt}{ralign 8:712} {...}
{c |}{...}
 {res}       52     112.5     218.5      41.5  135.7308   104.939
{txt}{ralign 8:713} {...}
{c |}{...}
 {res}       54     123.5       195        42  132.8519   107.478
{txt}{ralign 8:714} {...}
{c |}{...}
 {res}       54     139.5       253        79  165.1296  107.1169
{txt}{ralign 8:715} {...}
{c |}{...}
 {res}       82     153.5       244        58  159.1585  117.2425
{txt}{ralign 8:716} {...}
{c |}{...}
 {res}       75       113       216        51  140.9467  114.9483
{txt}{ralign 8:717} {...}
{c |}{...}
 {res}       94     129.5       256        65  163.2021  120.8642
{txt}{ralign 8:718} {...}
{c |}{...}
 {res}       77       175       297       107  205.3636  133.1917
{txt}{ralign 8:719} {...}
{c |}{...}
 {res}       94     173.5       317        89  209.5957  143.4291
{txt}{ralign 8:720} {...}
{c |}{...}
 {res}      107       164       315        60  199.3271  155.2781
{txt}{ralign 8:721} {...}
{c |}{...}
 {res}       94       188       322        68  208.9043  155.1877
{txt}{ralign 8:722} {...}
{c |}{...}
 {res}       84       175       323      89.5  223.1548  162.3957
{txt}{ralign 8:723} {...}
{c |}{...}
 {res}      114     227.5       371       119  258.6667  178.8314
{txt}{ralign 8:724} {...}
{c |}{...}
 {res}      124     176.5       321        88  213.2097  161.5195
{txt}{ralign 8:725} {...}
{c |}{...}
 {res}      121       236       417        97   270.157  193.8402
{txt}{ralign 8:726} {...}
{c |}{...}
 {res}      134     198.5       367        99  246.1866  188.6165
{txt}{ralign 8:727} {...}
{c |}{...}
 {res}      152       218     384.5       114  261.9013  196.7209
{txt}{ralign 8:728} {...}
{c |}{...}
 {res}      149       264       436       128  288.8188  199.3909
{txt}{ralign 8:729} {...}
{c |}{...}
 {res}      157       229       437       104  288.4777  217.1992
{txt}{ralign 8:730} {...}
{c |}{...}
 {res}      177       224       411        82   262.209  204.2419
{txt}{ralign 8:731} {...}
{c |}{...}
 {res}      168     238.5       413       101  287.3869  228.9359
{txt}{ralign 8:732} {...}
{c |}{...}
 {res}      182     271.5       460       124   319.489   236.258
{txt}{ralign 8:733} {...}
{c |}{...}
 {res}      125       240       493       124    313.16  239.4397
{txt}{ralign 8:734} {...}
{c |}{...}
 {res}      191       243       451        97  299.0995  244.9364
{txt}{ralign 8:735} {...}
{c |}{...}
 {res}      194     256.5       474       135  320.5928   240.939
{txt}{ralign 8:736} {...}
{c |}{...}
 {res}      185       247       451       116  317.0108  254.3446
{txt}{ralign 8:737} {...}
{c |}{...}
 {res}      165       265       488        86  317.7394  258.7295
{txt}{ralign 8:738} {...}
{c |}{...}
 {res}      200     255.5       463     100.5    308.86  247.8493
{txt}{ralign 8:739} {...}
{c |}{...}
 {res}      191       250       437       138  320.2932  242.1679
{txt}{ralign 8:740} {...}
{c |}{...}
 {res}      195       251       465       137  324.1795  247.4492
{txt}{ralign 8:741} {...}
{c |}{...}
 {res}      212     288.5     514.5     133.5  361.9057  293.7615
{txt}{ralign 8:742} {...}
{c |}{...}
 {res}      200     297.5     528.5     148.5    369.28  287.9595
{txt}{ralign 8:743} {...}
{c |}{...}
 {res}      228     279.5     472.5       121  343.6096  280.6258
{txt}{ralign 8:744} {...}
{c |}{...}
 {res}      208     282.5       504       124  356.1635  284.6077
{txt}{ralign 8:745} {...}
{c |}{...}
 {res}      165       284       506       135  355.3212  292.8649
{txt}{ralign 8:746} {...}
{c |}{...}
 {res}      219       295       569       122  376.3333  321.4084
{txt}{ralign 8:747} {...}
{c |}{...}
 {res}      102       337       629       157  398.3725  305.3604
{txt}{hline 9}{c +}{hline 60}
{ralign 8:Total} {...}
{c |}{...}
 {res}     5201       232       412       102  290.3009  241.7206
{txt}{hline 9}{c BT}{hline 60}
{res}Click to Open File:  {browse "C:\Users\k1754142\OneDrive\PhD Project\OpenSAFELY\Github Practice/output/tables/diagnostic_delay_all.doc"}
{txt}
{com}. keep if time_ref_rheum_appt!=. //drop those with no rheum ref and/or rheum appt
{txt}(28,705 observations deleted)

{com}. collapse (p50) p50_diag_delay=time_ref_rheum_appt (p75) p75_diag_delay=time_ref_rheum_appt (p25) p25_diag_delay=time_ref_rheum_appt (mean) mean_diag_delay=time_ref_rheum_appt (sd) sd_diag_delay=time_ref_rheum_appt (count) n_diag_delay=time_ref_rheum_appt, by(mo_year_diagn)
{res}{txt}
{com}. 
. tsset mo_year_diagn
{res}
{p 0 15 2}{txt:Time variable: }{res:mo_year_diagn}{txt:, }{res:{bind:2019m3}}{txt: to }{res:{bind:2022m4}}{p_end}
{txt}{col 9}Delta: {res}1 month
{txt}
{com}. 
. **Newey Standard Errors with 6 lags
. itsa p50_diag_delay if inrange(mo_year_diagn, tm(2019m3), tm(2022m3)), single trperiod(2020m3) lag(6) replace figure(title("", size(small)) subtitle("", size(medsmall)) ytitle("Median time to diagnosis, days", size(medsmall) margin(small)) ylabel(, nogrid) xtitle("Date of diagnosis", size(medsmall) margin(medsmall)) xlabel(710 "Mar 2019" 716 "Sep 2019" 722 "Mar 2020" 728 "Sep 2020" 734 "Mar 2021" 740 "Sep 2021" 746 "Mar 2022", nogrid) note("", size(v.small)) legend(off) saving("$projectdir/output/figures/ITSA_diagnostic_delay_newey.gph", replace)) posttrend 


{res}
{p 0 15 2}{txt:Time variable: }{res:mo_year_diagn}{txt:, }{res:{bind:2019m3}}{txt: to }{res:{bind:2022m4}}{p_end}
{txt}{col 9}Delta: {res}1 month

{txt}Regression with Newey–West standard errors{col 49}Number of obs{col 67}= {res}        37
{txt}Maximum lag = {res}6{col 49}{txt}F(  3,        33){col 67}= {res}    791.58
{col 49}{txt}Prob > F{col 67}= {res}    0.0000

{txt}{hline 13}{c TT}{hline 11}{hline 11}{hline 9}{hline 8}{hline 13}{hline 12}
{col 14}{c |}{col 26}  Newey–West
{col 1}_p50_diag_~y{col 14}{c |} Coefficient{col 26}  std. err.{col 38}      t{col 46}   P>|t|{col 54}     [95% con{col 67}f. interval]
{hline 13}{c +}{hline 11}{hline 11}{hline 9}{hline 8}{hline 13}{hline 12}
{space 10}_t {c |}{col 14}{res}{space 2} 7.531469{col 26}{space 2}  .549015{col 37}{space 1}   13.72{col 46}{space 3}0.000{col 54}{space 4} 6.414489{col 67}{space 3} 8.648448
{txt}{space 4}_x2020m3 {c |}{col 14}{res}{space 2} 12.97879{col 26}{space 2} 7.470256{col 37}{space 1}    1.74{col 46}{space 3}0.092{col 54}{space 4}-2.219563{col 67}{space 3} 28.17714
{txt}{space 2}_x_t2020m3 {c |}{col 14}{res}{space 2}-3.686469{col 26}{space 2} .5574271{col 37}{space 1}   -6.61{col 46}{space 3}0.000{col 54}{space 4}-4.820562{col 67}{space 3}-2.552375
{txt}{space 7}_cons {c |}{col 14}{res}{space 2} 98.24359{col 26}{space 2} 3.388641{col 37}{space 1}   28.99{col 46}{space 3}0.000{col 54}{space 4} 91.34935{col 67}{space 3} 105.1378
{txt}{hline 13}{c BT}{hline 11}{hline 11}{hline 9}{hline 8}{hline 13}{hline 12}


{col 20} Postintervention Linear Trend: 2020m3

Treated: _b[_t]+_b[_x_t2020m3]
{hline 13}{c TT}{hline 64}
Linear Trend {c |}{col 21}Coef. {col 29}Std. Err.{col 44}t{col 49}{col 59}[95% Conf. Interval]
{hline 13}{c +}{hline 64}
{col 1}     Treated{col 14}{c |}{res}{col 17}    3.845{col 28} .3054415{col 38}   12.59{col 46}   0.000{col 58} 3.223575{col 70} 4.466425
{txt}{hline 13}{c BT}{hline 64}
{p 0 4 2}
{txt}(note:  named style
v.small not found in class
gsize,  default attributes used)
{p_end}
{res}{txt}file {bf:C:\Users\k1754142\OneDrive\PhD Project\OpenSAFELY\Github Practice/output/figures/ITSA_diagnostic_delay_newey.gph} saved

{com}.         graph export "$projectdir/output/figures/ITSA_diagnostic_delay_newey.svg", as(svg) replace
{txt}{p 0 4 2}
file {bf}
C:\Users\k1754142\OneDrive\PhD Project\OpenSAFELY\Github Practice/output/figures/ITSA_diagnostic_delay_newey.svg{rm}
saved as
SVG
format
{p_end}

{com}. actest, lag(18) 

{txt}Cumby-Huizinga test for autocorrelation (Breusch-Godfrey)
  H0: variable is MA process up to order q
  HA: serial correlation present at specified lags >q
{hline 41}{c TT}{hline 35}
  H0: q=0 (serially uncorrelated){col 42}{c |}  H0: q=specified lag-1
  HA: s.c. present at range specified{col 42}{c |}  HA: s.c. present at lag specified
{hline 11}{c TT}{hline 29}{c +}{hline 5}{c TT}{hline 29}
{col 5}lags{col 12}{c |}{col 19}chi2{col 29}df{col 36}p-val{col 42}{c |}{col 44}lag{col 48}{c |}{col 55}chi2{col 65}df{col 72}p-val
{hline 11}{c +}{hline 29}{c +}{hline 5}{c +}{hline 29}
{res}{col 2}  1{txt}{col 6}-{res}{col 7}  1{txt}{col 12}{c |}{res}{col 17}  2.788{col 30}1{col 35}0.0950{txt}{col 42}{c |}{res}{col 44}  1{txt}{col 48}{c |}{res}{col 53}  2.788{col 66}1{col 71}0.0950
{col 2}  1{txt}{col 6}-{res}{col 7}  2{txt}{col 12}{c |}{res}{col 17}  4.152{col 30}2{col 35}0.1254{txt}{col 42}{c |}{res}{col 44}  2{txt}{col 48}{c |}{res}{col 53}  0.387{col 66}1{col 71}0.5340
{col 2}  1{txt}{col 6}-{res}{col 7}  3{txt}{col 12}{c |}{res}{col 17}  5.306{col 30}3{col 35}0.1507{txt}{col 42}{c |}{res}{col 44}  3{txt}{col 48}{c |}{res}{col 53}  0.173{col 66}1{col 71}0.6774
{col 2}  1{txt}{col 6}-{res}{col 7}  4{txt}{col 12}{c |}{res}{col 17}  5.306{col 30}4{col 35}0.2573{txt}{col 42}{c |}{res}{col 44}  4{txt}{col 48}{c |}{res}{col 53}  0.416{col 66}1{col 71}0.5191
{col 2}  1{txt}{col 6}-{res}{col 7}  5{txt}{col 12}{c |}{res}{col 17}  5.339{col 30}5{col 35}0.3759{txt}{col 42}{c |}{res}{col 44}  5{txt}{col 48}{c |}{res}{col 53}  0.015{col 66}1{col 71}0.9017
{col 2}  1{txt}{col 6}-{res}{col 7}  6{txt}{col 12}{c |}{res}{col 17}  5.624{col 30}6{col 35}0.4666{txt}{col 42}{c |}{res}{col 44}  6{txt}{col 48}{c |}{res}{col 53}  0.492{col 66}1{col 71}0.4829
{col 2}  1{txt}{col 6}-{res}{col 7}  7{txt}{col 12}{c |}{res}{col 17}  5.740{col 30}7{col 35}0.5704{txt}{col 42}{c |}{res}{col 44}  7{txt}{col 48}{c |}{res}{col 53}  0.294{col 66}1{col 71}0.5875
{col 2}  1{txt}{col 6}-{res}{col 7}  8{txt}{col 12}{c |}{res}{col 17}  7.592{col 30}8{col 35}0.4743{txt}{col 42}{c |}{res}{col 44}  8{txt}{col 48}{c |}{res}{col 53}  1.397{col 66}1{col 71}0.2372
{col 2}  1{txt}{col 6}-{res}{col 7}  9{txt}{col 12}{c |}{res}{col 17}  8.218{col 30}9{col 35}0.5124{txt}{col 42}{c |}{res}{col 44}  9{txt}{col 48}{c |}{res}{col 53}  0.096{col 66}1{txt}*{res}{col 71}0.7565
{col 2}  1{txt}{col 6}-{res}{col 7} 10{txt}{col 12}{c |}{res}{col 17}  8.825{col 30}10{col 35}0.5488{txt}{col 42}{c |}{res}{col 44} 10{txt}{col 48}{c |}{res}{col 53}  0.902{col 66}1{col 71}0.3422
{col 2}  1{txt}{col 6}-{res}{col 7} 11{txt}{col 12}{c |}{res}{col 17} 10.853{col 30}11{col 35}0.4557{txt}{col 42}{c |}{res}{col 44} 11{txt}{col 48}{c |}{res}{col 53}  1.967{col 66}1{col 71}0.1607
{col 2}  1{txt}{col 6}-{res}{col 7} 12{txt}{col 12}{c |}{res}{col 17} 14.630{col 30}12{col 35}0.2623{txt}{col 42}{c |}{res}{col 44} 12{txt}{col 48}{c |}{res}{col 53}  0.530{col 66}1{txt}*{res}{col 71}0.4665
{col 2}  1{txt}{col 6}-{res}{col 7} 13{txt}{col 12}{c |}{res}{col 17} 17.528{col 30}13{col 35}0.1763{txt}{col 42}{c |}{res}{col 44} 13{txt}{col 48}{c |}{res}{col 53}  0.030{col 66}1{txt}*{res}{col 71}0.8616
{col 2}  1{txt}{col 6}-{res}{col 7} 14{txt}{col 12}{c |}{res}{col 17} 17.609{col 30}14{col 35}0.2252{txt}{col 42}{c |}{res}{col 44} 14{txt}{col 48}{c |}{res}{col 53}  3.361{col 66}1{txt}*{res}{col 71}0.0667
{col 2}  1{txt}{col 6}-{res}{col 7} 15{txt}{col 12}{c |}{res}{col 17} 18.446{col 30}15{col 35}0.2400{txt}{col 42}{c |}{res}{col 44} 15{txt}{col 48}{c |}{res}{col 53}  1.469{col 66}1{col 71}0.2255
{col 2}  1{txt}{col 6}-{res}{col 7} 16{txt}{col 12}{c |}{res}{col 17} 19.471{col 30}16{col 35}0.2450{txt}{col 42}{c |}{res}{col 44} 16{txt}{col 48}{c |}{res}{col 53}  0.040{col 66}1{txt}*{res}{col 71}0.8417
{col 2}  1{txt}{col 6}-{res}{col 7} 17{txt}{col 12}{c |}{res}{col 17} 19.945{col 30}17{col 35}0.2770{txt}{col 42}{c |}{res}{col 44} 17{txt}{col 48}{c |}{res}{col 53}  0.387{col 66}1{txt}*{res}{col 71}0.5339
{col 2}  1{txt}{col 6}-{res}{col 7} 18{txt}{col 12}{c |}{res}{col 17} 21.802{col 30}18{col 35}0.2409{txt}{col 42}{c |}{res}{col 44} 18{txt}{col 48}{c |}{res}{col 53}  0.002{col 66}1{col 71}0.9610
{txt}{hline 11}{c BT}{hline 29}{c BT}{hline 5}{c BT}{hline 29}
  Test allows predetermined regressors/instruments
  Test requires conditional homoskedasticity
  * Eigenvalues adjusted to make matrix positive semidefinite

{com}. 
. **Prais-Winsten 
. itsa p50_diag_delay if inrange(mo_year_diagn, tm(2019m3), tm(2022m3)), single trperiod(2020m3) replace prais rhotype(tscorr) vce(robust) figure(title("", size(small)) subtitle("", size(medsmall)) ytitle("Median time to diagnosis, days", size(medsmall) margin(small)) ylabel(, nogrid) xtitle("Date of diagnosis", size(medsmall) margin(medsmall)) xlabel(710 "Mar 2019" 716 "Sep 2019" 722 "Mar 2020" 728 "Sep 2020" 734 "Mar 2021" 740 "Sep 2021" 746 "Mar 2022", nogrid) note("", size(v.small)) legend(off) saving("$projectdir/output/figures/ITSA_diagnostic_delay_prais.gph", replace)) posttrend 


{res}
{p 0 15 2}{txt:Time variable: }{res:mo_year_diagn}{txt:, }{res:{bind:2019m3}}{txt: to }{res:{bind:2022m4}}{p_end}
{txt}{col 9}Delta: {res}1 month

{txt}Iteration 0:   rho = {res}0.0000
{txt}Iteration 1:   rho = {res}-0.2741
{txt}Iteration 2:   rho = {res}-0.2867
{txt}Iteration 3:   rho = {res}-0.2869
{txt}Iteration 4:   rho = {res}-0.2870
{txt}Iteration 5:   rho = {res}-0.2870

{txt}Prais–Winsten AR(1) regression with iterated estimates

Linear regression                               Number of obs     = {res}        37
                                                {txt}F(3, 33)          =  {res}   352.80
                                                {txt}Prob > F          = {res}    0.0000
                                                {txt}R-squared         = {res}    0.9592
                                                {txt}Root MSE          =    {res} 16.658

{txt}{hline 13}{c TT}{hline 11}{hline 11}{hline 9}{hline 8}{hline 13}{hline 12}
{col 14}{c |}{col 26}  Semirobust
{col 1}_p50_diag_~y{col 14}{c |} Coefficient{col 26}  std. err.{col 38}      t{col 46}   P>|t|{col 54}     [95% con{col 67}f. interval]
{hline 13}{c +}{hline 11}{hline 11}{hline 9}{hline 8}{hline 13}{hline 12}
{space 10}_t {c |}{col 14}{res}{space 2} 7.113262{col 26}{space 2}  .731756{col 37}{space 1}    9.72{col 46}{space 3}0.000{col 54}{space 4} 5.624493{col 67}{space 3} 8.602031
{txt}{space 4}_x2020m3 {c |}{col 14}{res}{space 2} 16.97156{col 26}{space 2} 8.841074{col 37}{space 1}    1.92{col 46}{space 3}0.064{col 54}{space 4}-1.015744{col 67}{space 3} 34.95886
{txt}{space 2}_x_t2020m3 {c |}{col 14}{res}{space 2}-3.334932{col 26}{space 2} .8329774{col 37}{space 1}   -4.00{col 46}{space 3}0.000{col 54}{space 4}-5.029638{col 67}{space 3}-1.640227
{txt}{space 7}_cons {c |}{col 14}{res}{space 2} 100.3114{col 26}{space 2} 4.910266{col 37}{space 1}   20.43{col 46}{space 3}0.000{col 54}{space 4} 90.32137{col 67}{space 3} 110.3014
{txt}{hline 13}{c +}{hline 11}{hline 11}{hline 9}{hline 8}{hline 13}{hline 12}
         rho {c |}  {res} -.286953
{txt}{hline 13}{c BT}{hline 64}
Durbin–Watson statistic (original)    = {res}2.527770
{txt}Durbin–Watson statistic (transformed) = {res}2.091399


{txt}{col 20} Postintervention Linear Trend: 2020m3

Treated: _b[_t]+_b[_x_t2020m3]
{hline 13}{c TT}{hline 64}
Linear Trend {c |}{col 21}Coef. {col 29}Std. Err.{col 44}t{col 49}{col 59}[95% Conf. Interval]
{hline 13}{c +}{hline 64}
{col 1}     Treated{col 14}{c |}{res}{col 17}  3.77833{col 28} .3756025{col 38}   10.06{col 46}   0.000{col 58} 3.014161{col 70} 4.542499
{txt}{hline 13}{c BT}{hline 64}
{p 0 4 2}
{txt}(note:  named style
v.small not found in class
gsize,  default attributes used)
{p_end}
{res}{txt}file {bf:C:\Users\k1754142\OneDrive\PhD Project\OpenSAFELY\Github Practice/output/figures/ITSA_diagnostic_delay_prais.gph} saved

{com}.         graph export "$projectdir/output/figures/ITSA_diagnostic_delay_prais.svg", as(svg) replace      
{txt}{p 0 4 2}
file {bf}
C:\Users\k1754142\OneDrive\PhD Project\OpenSAFELY\Github Practice/output/figures/ITSA_diagnostic_delay_prais.svg{rm}
saved as
SVG
format
{p_end}

{com}. restore
{txt}
{com}. 
. /*
> **Time from last GP appt to rheum referral (all diagnoses)
> preserve
> keep if time_gp_rheum_ref_appt!=. //drop those with no last GP appt and/or rheum ref
> collapse (p50) p50_ref_delay=time_gp_rheum_ref_appt (p75) p75_ref_delay=time_gp_rheum_ref_appt (p25) p25_ref_delay=time_gp_rheum_ref_appt (mean) mean_ref_delay=time_gp_rheum_ref_appt (sd) sd_ref_delay=time_gp_rheum_ref_appt (count) n_ref_delay=time_gp_rheum_ref_appt, by(mo_year_diagn)
> 
> tsset mo_year_diagn
> 
> **Newey Standard Errors with 6 lags
> itsa p50_ref_delay if inrange(mo_year_diagn, tm(2019m3), tm(2022m3)), single trperiod(2020m3) lag(6) replace figure(title("", size(small)) subtitle("", size(medsmall)) ytitle("Median time to referral, days", size(medsmall) margin(small)) ylabel(, nogrid) xtitle("Date of diagnosis", size(medsmall) margin(medsmall)) xlabel(710 "Mar 2019" 716 "Sep 2019" 722 "Mar 2020" 728 "Sep 2020" 734 "Mar 2021" 740 "Sep 2021" 746 "Mar 2022", nogrid) note("", size(v.small)) legend(off) saving("$projectdir/output/figures/ITSA_referral_delay_newey.gph", replace)) posttrend 
>         graph export "$projectdir/output/figures/ITSA_referral_delay_newey.svg", as(svg) replace
> actest, lag(18) 
> 
> **Prais-Winsten 
> itsa p50_ref_delay if inrange(mo_year_diagn, tm(2019m3), tm(2022m3)), single trperiod(2020m3) replace prais rhotype(tscorr) vce(robust) figure(title("", size(small)) subtitle("", size(medsmall)) ytitle("Median time to referral, days", size(medsmall) margin(small)) ylabel(, nogrid) xtitle("Date of diagnosis", size(medsmall) margin(medsmall)) xlabel(710 "Mar 2019" 716 "Sep 2019" 722 "Mar 2020" 728 "Sep 2020" 734 "Mar 2021" 740 "Sep 2021" 746 "Mar 2022", nogrid) note("", size(v.small)) legend(off) saving("$projectdir/output/figures/ITSA_referral_delay_prais.gph", replace)) posttrend 
>         graph export "$projectdir/output/figures/ITSA_referral_delay_prais.svg", as(svg) replace        
> restore
> 
> **Delay from rheum appt to shared care csDMARD for RA patients (not including MTX high-cost drug) - may need to cut sooner to give sufficient time for DMARD
> preserve
> keep if time_to_csdmard!=. & ra_code==1 //drop those with no rheum appt and/or csDMARD prescription
> collapse (p50) p50_csdmard_delay=time_to_csdmard (p75) p75_csdmard_delay=time_to_csdmard (p25) p25_csdmard_delay=time_to_csdmard (mean) mean_csdmard_delay=time_to_csdmard (sd) sd_csdmard_delay=time_to_csdmard (count) n_csdmard_delay=time_to_csdmard, by(mo_year_diagn)
> 
> tsset mo_year_diagn
> 
> **Newey Standard Errors with 6 lags
> itsa p50_csdmard_delay if inrange(mo_year_diagn, tm(2019m3), tm(2022m3)), single trperiod(2020m3) lag(6) replace figure(title("", size(small)) subtitle("", size(medsmall)) ytitle("Median time to csDMARD, days", size(medsmall) margin(small)) ylabel(, nogrid) xtitle("Date of diagnosis", size(medsmall) margin(medsmall)) xlabel(710 "Mar 2019" 716 "Sep 2019" 722 "Mar 2020" 728 "Sep 2020" 734 "Mar 2021" 740 "Sep 2021" 746 "Mar 2022", nogrid) note("", size(v.small)) legend(off) saving("$projectdir/output/figures/ITSA_csDMARD_delay_newey.gph", replace)) posttrend 
>         graph export "$projectdir/output/figures/ITSA_csDMARD_delay_newey_ra.tif", replace
> actest, lag(18) 
> 
> **Prais-Winsten 
> itsa p50_csdmard_delay if inrange(mo_year_diagn, tm(2019m3), tm(2022m3)), single trperiod(2020m3) replace prais rhotype(tscorr) vce(robust) figure(title("", size(small)) subtitle("", size(medsmall)) ytitle("Median time to csDMARD, days", size(medsmall) margin(small)) ylabel(, nogrid) xtitle("Date of diagnosis", size(medsmall) margin(medsmall)) xlabel(710 "Mar 2019" 716 "Sep 2019" 722 "Mar 2020" 728 "Sep 2020" 734 "Mar 2021" 740 "Sep 2021" 746 "Mar 2022", nogrid) note("", size(v.small))  legend(off) saving("$projectdir/output/figures/ITSA_csDMARD_delay_prais.gph", replace)) posttrend 
>         graph export "$projectdir/output/figures/ITSA_csDMARD_delay_prais_ra.tif", replace      
> restore
> 
> **Delay from rheum appt to shared care csDMARD for PsA patients (not including MTX high-cost drug) - may need to cut sooner to give sufficient time for DMARD
> preserve
> keep if time_to_csdmard!=. & psa_code==1 //drop those with no rheum appt and/or csDMARD prescription
> collapse (p50) p50_csdmard_delay=time_to_csdmard (p75) p75_csdmard_delay=time_to_csdmard (p25) p25_csdmard_delay=time_to_csdmard (mean) mean_csdmard_delay=time_to_csdmard (sd) sd_csdmard_delay=time_to_csdmard (count) n_csdmard_delay=time_to_csdmard, by(mo_year_diagn)
> 
> tsset mo_year_diagn
> 
> **Newey Standard Errors with 6 lags
> itsa p50_csdmard_delay if inrange(mo_year_diagn, tm(2019m3), tm(2022m3)), single trperiod(2020m3) lag(6) replace figure(title("", size(small)) subtitle("", size(medsmall)) ytitle("Median time to csDMARD, days", size(medsmall) margin(small)) ylabel(, nogrid) xtitle("Date of diagnosis", size(medsmall) margin(medsmall)) xlabel(710 "Mar 2019" 716 "Sep 2019" 722 "Mar 2020" 728 "Sep 2020" 734 "Mar 2021" 740 "Sep 2021" 746 "Mar 2022", nogrid) note("", size(v.small)) legend(off) saving("$projectdir/output/figures/ITSA_csDMARD_delay_newey.gph", replace)) posttrend 
>         graph export "$projectdir/output/figures/ITSA_csDMARD_delay_newey_psa.tif", replace
> actest, lag(18) 
> 
> **Prais-Winsten 
> itsa p50_csdmard_delay if inrange(mo_year_diagn, tm(2019m3), tm(2022m3)), single trperiod(2020m3) replace prais rhotype(tscorr) vce(robust) figure(title("", size(small)) subtitle("", size(medsmall)) ytitle("Median time to csDMARD, days", size(medsmall) margin(small)) ylabel(, nogrid) xtitle("Date of diagnosis", size(medsmall) margin(medsmall)) xlabel(710 "Mar 2019" 716 "Sep 2019" 722 "Mar 2020" 728 "Sep 2020" 734 "Mar 2021" 740 "Sep 2021" 746 "Mar 2022", nogrid) note("", size(v.small))  legend(off) saving("$projectdir/output/figures/ITSA_csDMARD_delay_prais.gph", replace)) posttrend 
>         graph export "$projectdir/output/figures/ITSA_csDMARD_delay_prais_psa.tif", replace     
> restore
> 
> **Delay from rheum appt to shared care MTX for RA patients (not including MTX high-cost drug) - may need to cut sooner to give sufficient time for DMARD
> preserve
> keep if time_to_mtx!=. & ra_code==1 //drop those with no rheum appt and/or MTX prescription
> collapse (p50) p50_mtx_delay=time_to_mtx (p75) p75_mtx_delay=time_to_mtx (p25) p25_mtx_delay=time_to_mtx (mean) mean_mtx_delay=time_to_mtx (sd) sd_mtx_delay=time_to_mtx (count) n_mtx_delay=time_to_mtx, by(mo_year_diagn)
> 
> tsset mo_year_diagn
> 
> **Newey Standard Errors with 6 lags
> itsa p50_mtx_delay if inrange(mo_year_diagn, tm(2019m3), tm(2022m3)), single trperiod(2020m3) lag(6) replace figure(title("", size(small)) subtitle("", size(medsmall)) ytitle("Median time to methotrexate, days", size(medsmall) margin(small)) ylabel(, nogrid) xtitle("Date of diagnosis", size(medsmall) margin(medsmall)) xlabel(710 "Mar 2019" 716 "Sep 2019" 722 "Mar 2020" 728 "Sep 2020" 734 "Mar 2021" 740 "Sep 2021" 746 "Mar 2022", nogrid) note("", size(v.small)) legend(off) saving("$projectdir/output/figures/ITSA_mtx_delay_newey_ra.gph", replace)) posttrend 
>         graph export "$projectdir/output/figures/ITSA_mtx_delay_newey_ra.tif", replace
> actest, lag(18) 
> 
> **Prais-Winsten 
> itsa p50_mtx_delay if inrange(mo_year_diagn, tm(2019m3), tm(2022m3)), single trperiod(2020m3) replace prais rhotype(tscorr) vce(robust) figure(title("", size(small)) subtitle("", size(medsmall)) ytitle("Median time to methotrexate, days", size(medsmall) margin(small)) ylabel(, nogrid) xtitle("Date of diagnosis", size(medsmall) margin(medsmall)) xlabel(710 "Mar 2019" 716 "Sep 2019" 722 "Mar 2020" 728 "Sep 2020" 734 "Mar 2021" 740 "Sep 2021" 746 "Mar 2022", nogrid) note("", size(v.small))  legend(off) saving("$projectdir/output/figures/ITSA_mtx_delay_prais_ra.gph", replace)) posttrend 
>         graph export "$projectdir/output/figures/ITSA_mtx_delay_prais_ra.tif", replace  
> restore
> 
> **Delay from rheum appt to shared care MTX for PsA patients (not including MTX high-cost drug) - may need to cut sooner to give sufficient time for DMARD
> preserve
> keep if time_to_mtx!=. & psa_code==1 //drop those with no rheum appt and/or mtx prescription
> collapse (p50) p50_mtx_delay=time_to_mtx (p75) p75_mtx_delay=time_to_mtx (p25) p25_mtx_delay=time_to_mtx (mean) mean_mtx_delay=time_to_mtx (sd) sd_mtx_delay=time_to_mtx (count) n_mtx_delay=time_to_mtx, by(mo_year_diagn)
> 
> tsset mo_year_diagn
> 
> **Newey Standard Errors with 6 lags
> itsa p50_mtx_delay if inrange(mo_year_diagn, tm(2019m3), tm(2022m3)), single trperiod(2020m3) lag(6) replace figure(title("", size(small)) subtitle("", size(medsmall)) ytitle("Median time to methotrexate, days", size(medsmall) margin(small)) ylabel(, nogrid) xtitle("Date of diagnosis", size(medsmall) margin(medsmall)) xlabel(710 "Mar 2019" 716 "Sep 2019" 722 "Mar 2020" 728 "Sep 2020" 734 "Mar 2021" 740 "Sep 2021" 746 "Mar 2022", nogrid) note("", size(v.small)) legend(off) saving("$projectdir/output/figures/ITSA_mtx_delay_newey_psa.gph", replace)) posttrend 
>         graph export "$projectdir/output/figures/ITSA_mtx_delay_newey_psa.tif", replace
> actest, lag(18) 
> 
> **Prais-Winsten 
> itsa p50_mtx_delay if inrange(mo_year_diagn, tm(2019m3), tm(2022m3)), single trperiod(2020m3) replace prais rhotype(tscorr) vce(robust) figure(title("", size(small)) subtitle("", size(medsmall)) ytitle("Median time to methotrexate, days", size(medsmall) margin(small)) ylabel(, nogrid) xtitle("Date of diagnosis", size(medsmall) margin(medsmall)) xlabel(710 "Mar 2019" 716 "Sep 2019" 722 "Mar 2020" 728 "Sep 2020" 734 "Mar 2021" 740 "Sep 2021" 746 "Mar 2022", nogrid) note("", size(v.small))  legend(off) saving("$projectdir/output/figures/ITSA_mtx_delay_prais_psa.gph", replace)) posttrend 
>         graph export "$projectdir/output/figures/ITSA_mtx_delay_prais_psa.tif", replace 
> restore
> 
> **Delay from rheum appt to biologic for RA patients - may need to cut sooner to give sufficient time for DMARD
> preserve
> keep if time_to_biologic!=. & ra_code==1 //drop those with no rheum appt and/or biologic prescription
> collapse (p50) p50_biologic_delay=time_to_biologic (p75) p75_biologic_delay=time_to_biologic (p25) p25_biologic_delay=time_to_biologic (mean) mean_biologic_delay=time_to_biologic (sd) sd_biologic_delay=time_to_biologic (count) n_biologic_delay=time_to_biologic, by(mo_year_diagn)
> 
> tsset mo_year_diagn
> 
> **Newey Standard Errors with 6 lags
> itsa p50_biologic_delay if inrange(mo_year_diagn, tm(2019m3), tm(2022m3)), single trperiod(2020m3) lag(6) replace figure(title("", size(small)) subtitle("", size(medsmall)) ytitle("Median time to biologic, days", size(medsmall) margin(small)) ylabel(, nogrid) xtitle("Date of diagnosis", size(medsmall) margin(medsmall)) xlabel(710 "Mar 2019" 716 "Sep 2019" 722 "Mar 2020" 728 "Sep 2020" 734 "Mar 2021" 740 "Sep 2021" 746 "Mar 2022", nogrid) note("", size(v.small)) legend(off) saving("$projectdir/output/figures/ITSA_biologic_delay_newey_ra.gph", replace)) posttrend 
>         graph export "$projectdir/output/figures/ITSA_biologic_delay_newey_ra.tif", replace
> actest, lag(18) 
> 
> **Prais-Winsten 
> itsa p50_biologic_delay if inrange(mo_year_diagn, tm(2019m3), tm(2022m3)), single trperiod(2020m3) replace prais rhotype(tscorr) vce(robust) figure(title("", size(small)) subtitle("", size(medsmall)) ytitle("Median time to biologic, days", size(medsmall) margin(small)) ylabel(, nogrid) xtitle("Date of diagnosis", size(medsmall) margin(medsmall)) xlabel(710 "Mar 2019" 716 "Sep 2019" 722 "Mar 2020" 728 "Sep 2020" 734 "Mar 2021" 740 "Sep 2021" 746 "Mar 2022", nogrid) note("", size(v.small))  legend(off) saving("$projectdir/output/figures/ITSA_biologic_delay_prais_ra.gph", replace)) posttrend 
>         graph export "$projectdir/output/figures/ITSA_biologic_delay_prais_ra.tif", replace     
> restore
> 
> **Delay from rheum appt to biologic for PsA patients - may need to cut sooner to give sufficient time for DMARD
> preserve
> keep if time_to_biologic!=. & psa_code==1 //drop those with no rheum appt and/or biologic prescription - may need to cut sooner to give sufficient time for DMARD
> collapse (p50) p50_biologic_delay=time_to_biologic (p75) p75_biologic_delay=time_to_biologic (p25) p25_biologic_delay=time_to_biologic (mean) mean_biologic_delay=time_to_biologic (sd) sd_biologic_delay=time_to_biologic (count) n_biologic_delay=time_to_biologic, by(mo_year_diagn)
> 
> tsset mo_year_diagn
> 
> **Newey Standard Errors with 6 lags
> itsa p50_biologic_delay if inrange(mo_year_diagn, tm(2019m3), tm(2022m3)), single trperiod(2020m3) lag(6) replace figure(title("", size(small)) subtitle("", size(medsmall)) ytitle("Median time to biologic, days", size(medsmall) margin(small)) ylabel(, nogrid) xtitle("Date of diagnosis", size(medsmall) margin(medsmall)) xlabel(710 "Mar 2019" 716 "Sep 2019" 722 "Mar 2020" 728 "Sep 2020" 734 "Mar 2021" 740 "Sep 2021" 746 "Mar 2022", nogrid) note("", size(v.small)) legend(off) saving("$projectdir/output/figures/ITSA_biologic_delay_newey_psa.gph", replace)) posttrend 
>         graph export "$projectdir/output/figures/ITSA_biologic_delay_newey_psa.tif", replace
> actest, lag(18) 
> 
> **Prais-Winsten 
> itsa p50_biologic_delay if inrange(mo_year_diagn, tm(2019m3), tm(2022m3)), single trperiod(2020m3) replace prais rhotype(tscorr) vce(robust) figure(title("", size(small)) subtitle("", size(medsmall)) ytitle("Median time to biologic, days", size(medsmall) margin(small)) ylabel(, nogrid) xtitle("Date of diagnosis", size(medsmall) margin(medsmall)) xlabel(710 "Mar 2019" 716 "Sep 2019" 722 "Mar 2020" 728 "Sep 2020" 734 "Mar 2021" 740 "Sep 2021" 746 "Mar 2022", nogrid) note("", size(v.small))  legend(off) saving("$projectdir/output/figures/ITSA_biologic_delay_prais_psa.gph", replace)) posttrend 
>         graph export "$projectdir/output/figures/ITSA_biologic_delay_prais_psa.tif", replace    
> restore
> 
> **Delay from rheum appt to biologic for AxSpA patients - may need to cut sooner to give sufficient time for DMARD
> preserve
> keep if time_to_biologic!=. & anksp_code==1 //drop those with no rheum appt and/or biologic prescription - may need to cut sooner to give sufficient time for DMARD
> collapse (p50) p50_biologic_delay=time_to_biologic (p75) p75_biologic_delay=time_to_biologic (p25) p25_biologic_delay=time_to_biologic (mean) mean_biologic_delay=time_to_biologic (sd) sd_biologic_delay=time_to_biologic (count) n_biologic_delay=time_to_biologic, by(mo_year_diagn)
> 
> tsset mo_year_diagn
> 
> **Newey Standard Errors with 6 lags
> itsa p50_biologic_delay if inrange(mo_year_diagn, tm(2019m3), tm(2022m3)), single trperiod(2020m3) lag(6) replace figure(title("", size(small)) subtitle("", size(medsmall)) ytitle("Median time to biologic, days", size(medsmall) margin(small)) ylabel(, nogrid) xtitle("Date of diagnosis", size(medsmall) margin(medsmall)) xlabel(710 "Mar 2019" 716 "Sep 2019" 722 "Mar 2020" 728 "Sep 2020" 734 "Mar 2021" 740 "Sep 2021" 746 "Mar 2022", nogrid) note("", size(v.small)) legend(off) saving("$projectdir/output/figures/ITSA_biologic_delay_newey_anksp.gph", replace)) posttrend 
>         graph export "$projectdir/output/figures/ITSA_biologic_delay_newey_anksp.tif", replace
> actest, lag(18) 
> 
> **Prais-Winsten 
> itsa p50_biologic_delay if inrange(mo_year_diagn, tm(2019m3), tm(2022m3)), single trperiod(2020m3) replace prais rhotype(tscorr) vce(robust) figure(title("", size(small)) subtitle("", size(medsmall)) ytitle("Median time to biologic, days", size(medsmall) margin(small)) ylabel(, nogrid) xtitle("Date of diagnosis", size(medsmall) margin(medsmall)) xlabel(710 "Mar 2019" 716 "Sep 2019" 722 "Mar 2020" 728 "Sep 2020" 734 "Mar 2021" 740 "Sep 2021" 746 "Mar 2022", nogrid) note("", size(v.small))  legend(off) saving("$projectdir/output/figures/ITSA_biologic_delay_prais_anksp.gph", replace)) posttrend 
>         graph export "$projectdir/output/figures/ITSA_biologic_delay_prais_anksp.tif", replace  
> restore
> */
. 
. log close
      {txt}name:  {res}<unnamed>
       {txt}log:  {res}C:\Users\k1754142\OneDrive\PhD Project\OpenSAFELY\Github Practice/logs/itsa_models.smcl
  {txt}log type:  {res}smcl
 {txt}closed on:  {res} 1 Apr 2022, 16:32:35
{txt}{.-}
{smcl}
{txt}{sf}{ul off}