{smcl}
{txt}{sf}{ul off}{.-}
      name:  {res}<unnamed>
       {txt}log:  {res}/workspace/logs/itsa_models.smcl
  {txt}log type:  {res}smcl
 {txt}opened on:  {res} 4 Apr 2022, 15:45:18
{txt}
{com}. 
. **Set Ado file path
. adopath + "$projectdir/analysis/extra_ados"
{txt}  [1]  (BASE)      "{res}/usr/local/stata/ado/base/{txt}"
  [2]  (SITE)      "{res}/usr/local/ado/{txt}"
  [3]              "{res}.{txt}"
  [4]  (PERSONAL)  "{res}~/ado/personal/{txt}"
  [5]  (PLUS)      "{res}~/ado/plus/{txt}"
  [6]  (OLDPLACE)  "{res}~/ado/{txt}"
  [7]              "{res}/workspace/analysis/extra_ados{txt}"

{com}. 
. **Use cleaned data from previous step
. use "$projectdir/output/data/file_eia_all.dta", clear
{txt}
{com}. 
. set scheme plotplainblind
{txt}
{com}. 
. /*ITSA models===========================================================================*/
. 
. **Time from rheum referral to rheum appt (all diagnoses)
. preserve
{txt}
{com}. asdoc tabstat time_ref_rheum_appt, by(mo_year_diagn) stat(count p50 p75 p25 mean sd) save($projectdir/output/tables/diagnostic_delay_ref_rheum_appt.doc) dec(0)

{txt}Summary for variables: time_ref_rheum_appt
{col 6}by categories of: __000000 (mo_year_diagn)

{ralign 8:__000000} {...}
{c |}         N       p50       p75       p25      mean        sd
{hline 9}{c +}{hline 60}
{ralign 8:710} {...}
{c |}{...}
 {res}       36      85.5       189        52  110.7222  77.43149
{txt}{ralign 8:711} {...}
{c |}{...}
 {res}       34     181.5       221        82  158.1176  92.10461
{txt}{ralign 8:712} {...}
{c |}{...}
 {res}       47       118       208        59  138.0851  90.70613
{txt}{ralign 8:713} {...}
{c |}{...}
 {res}       61       127       205        76  146.5738  93.14173
{txt}{ralign 8:714} {...}
{c |}{...}
 {res}       56     150.5     241.5      81.5    165.75  110.9677
{txt}{ralign 8:715} {...}
{c |}{...}
 {res}       74       122       219        60  146.7432  110.3074
{txt}{ralign 8:716} {...}
{c |}{...}
 {res}       72       119       251      54.5  164.2083  133.9451
{txt}{ralign 8:717} {...}
{c |}{...}
 {res}       74       130       261        53  164.4189   125.968
{txt}{ralign 8:718} {...}
{c |}{...}
 {res}       74       169       302        85  197.8514  135.7873
{txt}{ralign 8:719} {...}
{c |}{...}
 {res}      104       187     326.5        93  215.4808  154.5694
{txt}{ralign 8:720} {...}
{c |}{...}
 {res}       93       163       303        84  200.3226  150.6581
{txt}{ralign 8:721} {...}
{c |}{...}
 {res}       94       200       392       115  248.7021  163.8407
{txt}{ralign 8:722} {...}
{c |}{...}
 {res}      108       202       331      99.5  225.7778  160.5057
{txt}{ralign 8:723} {...}
{c |}{...}
 {res}      114     204.5       389       112  240.6579  169.1334
{txt}{ralign 8:724} {...}
{c |}{...}
 {res}      115       215       363       118  247.1739  177.5514
{txt}{ralign 8:725} {...}
{c |}{...}
 {res}      122     224.5       371        95   245.877  177.6555
{txt}{ralign 8:726} {...}
{c |}{...}
 {res}      130       217       341        88  234.5769  172.6119
{txt}{ralign 8:727} {...}
{c |}{...}
 {res}      131       228       443       115  277.9847  192.6442
{txt}{ralign 8:728} {...}
{c |}{...}
 {res}      122       211       405        96  263.7951  205.5762
{txt}{ralign 8:729} {...}
{c |}{...}
 {res}      140     214.5     413.5     119.5  281.3857  217.3669
{txt}{ralign 8:730} {...}
{c |}{...}
 {res}      123       202       334        80  248.1301  201.2708
{txt}{ralign 8:731} {...}
{c |}{...}
 {res}      145       223       402       110  278.4069  211.9431
{txt}{ralign 8:732} {...}
{c |}{...}
 {res}      183       223       428        96  282.3934  229.0259
{txt}{ralign 8:733} {...}
{c |}{...}
 {res}      148       284       502     128.5  325.5811  236.9785
{txt}{ralign 8:734} {...}
{c |}{...}
 {res}      205       224       403       108  283.9463  228.0448
{txt}{ralign 8:735} {...}
{c |}{...}
 {res}      173       224       385       121   283.422  229.3954
{txt}{ralign 8:736} {...}
{c |}{...}
 {res}      162       264       481        96  312.1481  250.7328
{txt}{ralign 8:737} {...}
{c |}{...}
 {res}      177       267       482       100  319.8362  249.9187
{txt}{ralign 8:738} {...}
{c |}{...}
 {res}      193       302       525       141  347.9896  251.0928
{txt}{ralign 8:739} {...}
{c |}{...}
 {res}      192       304       530       139  362.4948  276.3615
{txt}{ralign 8:740} {...}
{c |}{...}
 {res}      168     312.5     552.5       151  372.1429  276.7274
{txt}{ralign 8:741} {...}
{c |}{...}
 {res}      183       292       539       142  355.3607  258.8921
{txt}{ralign 8:742} {...}
{c |}{...}
 {res}      186       268       497       122  343.7527  271.2658
{txt}{ralign 8:743} {...}
{c |}{...}
 {res}      185       293       455       144   329.227  252.4319
{txt}{ralign 8:744} {...}
{c |}{...}
 {res}      182       292       517       129  359.7143  289.7763
{txt}{ralign 8:745} {...}
{c |}{...}
 {res}      175       262       528       117  340.2229  271.0965
{txt}{ralign 8:746} {...}
{c |}{...}
 {res}      202     374.5       589       161  406.4554  298.3629
{txt}{ralign 8:747} {...}
{c |}{...}
 {res}      126       346       506       159  382.2302  271.5282
{txt}{hline 9}{c +}{hline 60}
{ralign 8:Total} {...}
{c |}{...}
 {res}     4909       230       422       107  290.5508  235.5961
{txt}{hline 9}{c BT}{hline 60}
{res}{txt}(note: file /workspace/output/tables/diagnostic_delay_ref_rheum_appt.doc not found)
{res}Click to Open File:  {browse "/workspace/output/tables/diagnostic_delay_ref_rheum_appt.doc"}
{txt}
{com}. keep if time_ref_rheum_appt!=. //drop those with no rheum ref and/or rheum appt
{txt}(27,456 observations deleted)

{com}. collapse (p50) p50_diag_delay=time_ref_rheum_appt (p75) p75_diag_delay=time_ref_rheum_appt (p25) p25_diag_delay=time_ref_rheum_appt (mean) mean_diag_delay=time_ref_rheum_appt (sd) sd_diag_delay=time_ref_rheum_appt (count) n_diag_delay=time_ref_rheum_appt, by(mo_year_diagn)
{txt}
{com}. 
. tsset mo_year_diagn
{res}{txt}{col 9}time variable:  {res}{col 25}mo_year_diagn, 2019m3 to 2022m4
{txt}{col 17}delta:  {res}1 month
{txt}
{com}. 
. **Newey Standard Errors with 6 lags
. itsa p50_diag_delay if inrange(mo_year_diagn, tm(2019m3), tm(2022m3)), single trperiod(2020m3) lag(6) replace figure(title("", size(small)) subtitle("", size(medsmall)) ytitle("Median time to diagnosis, days", size(medsmall) margin(small)) ylabel(, nogrid) xtitle("Date of diagnosis", size(medsmall) margin(medsmall)) xlabel(710 "Mar 2019" 716 "Sep 2019" 722 "Mar 2020" 728 "Sep 2020" 734 "Mar 2021" 740 "Sep 2021" 746 "Mar 2022", nogrid) note("", size(v.small)) legend(off) saving("$projectdir/output/figures/ITSA_diagnostic_delay_newey.gph", replace)) posttrend 


{res}{txt}{col 9}time variable:  {res}{col 25}mo_year_diagn, 2019m3 to 2022m4
{txt}{col 17}delta:  {res}1 month

{txt}Regression with Newey-West standard errors{col 49}Number of obs{col 67}= {res}        37
{txt}maximum lag: {res}6{col 49}{txt}F(  3,        33){col 67}= {res}    144.76
{col 49}{txt}Prob > F{col 67}= {res}    0.0000

{txt}{hline 13}{c TT}{hline 11}{hline 11}{hline 9}{hline 8}{hline 13}{hline 12}
{col 14}{c |}{col 26}  Newey-West
{col 1}_p50_diag_~y{col 14}{c |}      Coef.{col 26}   Std. Err.{col 38}      t{col 46}   P>|t|{col 54}     [95% Con{col 67}f. Interval]
{hline 13}{c +}{hline 11}{hline 11}{hline 9}{hline 8}{hline 13}{hline 12}
{space 10}_t {c |}{col 14}{res}{space 2} 6.019231{col 26}{space 2} 1.530075{col 37}{space 1}    3.93{col 46}{space 3}0.000{col 54}{space 4}  2.90627{col 67}{space 3} 9.132192
{txt}{space 4}_x2020m3 {c |}{col 14}{res}{space 2} 7.421026{col 26}{space 2} 10.83241{col 37}{space 1}    0.69{col 46}{space 3}0.498{col 54}{space 4}-14.61767{col 67}{space 3} 29.45972
{txt}{space 2}_x_t2020m3 {c |}{col 14}{res}{space 2}-.9765385{col 26}{space 2} 1.745891{col 37}{space 1}   -0.56{col 46}{space 3}0.580{col 54}{space 4} -4.52858{col 67}{space 3} 2.575503
{txt}{space 7}_cons {c |}{col 14}{res}{space 2} 112.9359{col 26}{space 2} 9.862404{col 37}{space 1}   11.45{col 46}{space 3}0.000{col 54}{space 4} 92.87068{col 67}{space 3} 133.0011
{txt}{hline 13}{c BT}{hline 11}{hline 11}{hline 9}{hline 8}{hline 13}{hline 12}


{col 20} Postintervention Linear Trend: 2020m3

Treated: _b[_t]+_b[_x_t2020m3]
{hline 13}{c TT}{hline 64}
Linear Trend {c |}{col 21}Coef. {col 29}Std. Err.{col 44}t{col 49}{col 59}[95% Conf. Interval]
{hline 13}{c +}{hline 64}
{col 1}     Treated{col 14}{c |}{res}{col 17} 5.042692{col 28} .5290202{col 38}    9.53{col 46}   0.000{col 58} 3.966393{col 70} 6.118992
{txt}{hline 13}{c BT}{hline 64}
{p 0 4 2}
{txt}(note:  named style
v.small not found in class
gsize,  default attributes used)
{p_end}
{res}{txt}(note: file /workspace/output/figures/ITSA_diagnostic_delay_newey.gph not found)
{res}{txt}(file /workspace/output/figures/ITSA_diagnostic_delay_newey.gph saved)

{com}.         graph export "$projectdir/output/figures/ITSA_diagnostic_delay_newey.svg", as(svg) replace
{txt}(note: file /workspace/output/figures/ITSA_diagnostic_delay_newey.svg not found)
(file /workspace/output/figures/ITSA_diagnostic_delay_newey.svg written in SVG format)

{com}. actest, lag(18) 

{txt}Cumby-Huizinga test for autocorrelation (Breusch-Godfrey)
  H0: variable is MA process up to order q
  HA: serial correlation present at specified lags >q
{hline 41}{c TT}{hline 35}
  H0: q=0 (serially uncorrelated){col 42}{c |}  H0: q=specified lag-1
  HA: s.c. present at range specified{col 42}{c |}  HA: s.c. present at lag specified
{hline 11}{c TT}{hline 29}{c +}{hline 5}{c TT}{hline 29}
{col 5}lags{col 12}{c |}{col 19}chi2{col 29}df{col 36}p-val{col 42}{c |}{col 44}lag{col 48}{c |}{col 55}chi2{col 65}df{col 72}p-val
{hline 11}{c +}{hline 29}{c +}{hline 5}{c +}{hline 29}
{res}{col 2}  1{txt}{col 6}-{res}{col 7}  1{txt}{col 12}{c |}{res}{col 17}  0.105{col 30}1{col 35}0.7460{txt}{col 42}{c |}{res}{col 44}  1{txt}{col 48}{c |}{res}{col 53}  0.105{col 66}1{col 71}0.7460
{col 2}  1{txt}{col 6}-{res}{col 7}  2{txt}{col 12}{c |}{res}{col 17}  0.106{col 30}2{col 35}0.9486{txt}{col 42}{c |}{res}{col 44}  2{txt}{col 48}{c |}{res}{col 53}  0.000{col 66}1{col 71}0.9990
{col 2}  1{txt}{col 6}-{res}{col 7}  3{txt}{col 12}{c |}{res}{col 17}  0.113{col 30}3{col 35}0.9902{txt}{col 42}{c |}{res}{col 44}  3{txt}{col 48}{c |}{res}{col 53}  0.008{col 66}1{col 71}0.9307
{col 2}  1{txt}{col 6}-{res}{col 7}  4{txt}{col 12}{c |}{res}{col 17}  3.270{col 30}4{col 35}0.5137{txt}{col 42}{c |}{res}{col 44}  4{txt}{col 48}{c |}{res}{col 53}  3.154{col 66}1{col 71}0.0757
{col 2}  1{txt}{col 6}-{res}{col 7}  5{txt}{col 12}{c |}{res}{col 17}  4.627{col 30}5{col 35}0.4631{txt}{col 42}{c |}{res}{col 44}  5{txt}{col 48}{c |}{res}{col 53}  1.178{col 66}1{col 71}0.2777
{col 2}  1{txt}{col 6}-{res}{col 7}  6{txt}{col 12}{c |}{res}{col 17}  4.857{col 30}6{col 35}0.5623{txt}{col 42}{c |}{res}{col 44}  6{txt}{col 48}{c |}{res}{col 53}  0.200{col 66}1{col 71}0.6549
{col 2}  1{txt}{col 6}-{res}{col 7}  7{txt}{col 12}{c |}{res}{col 17}  5.019{col 30}7{col 35}0.6576{txt}{col 42}{c |}{res}{col 44}  7{txt}{col 48}{c |}{res}{col 53}  0.114{col 66}1{col 71}0.7352
{col 2}  1{txt}{col 6}-{res}{col 7}  8{txt}{col 12}{c |}{res}{col 17}  5.020{col 30}8{col 35}0.7555{txt}{col 42}{c |}{res}{col 44}  8{txt}{col 48}{c |}{res}{col 53}  0.064{col 66}1{col 71}0.8001
{col 2}  1{txt}{col 6}-{res}{col 7}  9{txt}{col 12}{c |}{res}{col 17} 10.600{col 30}9{col 35}0.3042{txt}{col 42}{c |}{res}{col 44}  9{txt}{col 48}{c |}{res}{col 53}  3.372{col 66}1{col 71}0.0663
{col 2}  1{txt}{col 6}-{res}{col 7} 10{txt}{col 12}{c |}{res}{col 17} 11.578{col 30}10{col 35}0.3143{txt}{col 42}{c |}{res}{col 44} 10{txt}{col 48}{c |}{res}{col 53}  0.011{col 66}1{txt}*{res}{col 71}0.9158
{col 2}  1{txt}{col 6}-{res}{col 7} 11{txt}{col 12}{c |}{res}{col 17} 14.440{col 30}11{col 35}0.2096{txt}{col 42}{c |}{res}{col 44} 11{txt}{col 48}{c |}{res}{col 53}  0.584{col 66}1{txt}*{res}{col 71}0.4447
{col 2}  1{txt}{col 6}-{res}{col 7} 12{txt}{col 12}{c |}{res}{col 17} 17.959{col 30}12{col 35}0.1169{txt}{col 42}{c |}{res}{col 44} 12{txt}{col 48}{c |}{res}{col 53}  0.377{col 66}1{txt}*{res}{col 71}0.5394
{col 2}  1{txt}{col 6}-{res}{col 7} 13{txt}{col 12}{c |}{res}{col 17} 18.590{col 30}13{col 35}0.1364{txt}{col 42}{c |}{res}{col 44} 13{txt}{col 48}{c |}{res}{col 53}  2.510{col 66}1{txt}*{res}{col 71}0.1131
{col 2}  1{txt}{col 6}-{res}{col 7} 14{txt}{col 12}{c |}{res}{col 17} 19.274{col 30}14{col 35}0.1547{txt}{col 42}{c |}{res}{col 44} 14{txt}{col 48}{c |}{res}{col 53}  1.300{col 66}1{txt}*{res}{col 71}0.2542
{col 2}  1{txt}{col 6}-{res}{col 7} 15{txt}{col 12}{c |}{res}{col 17} 19.600{col 30}15{col 35}0.1878{txt}{col 42}{c |}{res}{col 44} 15{txt}{col 48}{c |}{res}{col 53}  0.857{col 66}1{col 71}0.3547
{col 2}  1{txt}{col 6}-{res}{col 7} 16{txt}{col 12}{c |}{res}{col 17} 21.451{col 30}16{col 35}0.1618{txt}{col 42}{c |}{res}{col 44} 16{txt}{col 48}{c |}{res}{col 53}  0.139{col 66}1{col 71}0.7092
{col 2}  1{txt}{col 6}-{res}{col 7} 17{txt}{col 12}{c |}{res}{col 17} 23.453{col 30}17{col 35}0.1351{txt}{col 42}{c |}{res}{col 44} 17{txt}{col 48}{c |}{res}{col 53}  0.115{col 66}1{col 71}0.7349
{col 2}  1{txt}{col 6}-{res}{col 7} 18{txt}{col 12}{c |}{res}{col 17} 25.221{col 30}18{col 35}0.1189{txt}{col 42}{c |}{res}{col 44} 18{txt}{col 48}{c |}{res}{col 53}  0.060{col 66}1{col 71}0.8059
{txt}{hline 11}{c BT}{hline 29}{c BT}{hline 5}{c BT}{hline 29}
  Test allows predetermined regressors/instruments
  Test requires conditional homoskedasticity
  * Eigenvalues adjusted to make matrix positive semidefinite

{com}. 
. **Prais-Winsten 
. itsa p50_diag_delay if inrange(mo_year_diagn, tm(2019m3), tm(2022m3)), single trperiod(2020m3) replace prais rhotype(tscorr) vce(robust) figure(title("", size(small)) subtitle("", size(medsmall)) ytitle("Median time to diagnosis, days", size(medsmall) margin(small)) ylabel(, nogrid) xtitle("Date of diagnosis", size(medsmall) margin(medsmall)) xlabel(710 "Mar 2019" 716 "Sep 2019" 722 "Mar 2020" 728 "Sep 2020" 734 "Mar 2021" 740 "Sep 2021" 746 "Mar 2022", nogrid) note("", size(v.small)) legend(off) saving("$projectdir/output/figures/ITSA_diagnostic_delay_prais.gph", replace)) posttrend 


{res}{txt}{col 9}time variable:  {res}{col 25}mo_year_diagn, 2019m3 to 2022m4
{txt}{col 17}delta:  {res}1 month

{txt}Iteration 0:  rho = {res}0.0000
{txt}Iteration 1:  rho = {res}-0.0474
{txt}Iteration 2:  rho = {res}-0.0498
{txt}Iteration 3:  rho = {res}-0.0499
{txt}Iteration 4:  rho = {res}-0.0499
{txt}Iteration 5:  rho = {res}-0.0499

{txt}Prais-Winsten AR(1) regression -- iterated estimates

Linear regression                               Number of obs     = {res}        37
                                                {txt}F(3, 33)          =  {res}    52.66
                                                {txt}Prob > F          = {res}    0.0000
                                                {txt}R-squared         = {res}    0.8649
                                                {txt}Root MSE          =    {res} 26.255

{txt}{hline 13}{c TT}{hline 11}{hline 11}{hline 9}{hline 8}{hline 13}{hline 12}
{col 14}{c |}{col 26}  Semirobust
{col 1}_p50_diag_~y{col 14}{c |}      Coef.{col 26}   Std. Err.{col 38}      t{col 46}   P>|t|{col 54}     [95% Con{col 67}f. Interval]
{hline 13}{c +}{hline 11}{hline 11}{hline 9}{hline 8}{hline 13}{hline 12}
{space 10}_t {c |}{col 14}{res}{space 2} 5.931324{col 26}{space 2} 2.499588{col 37}{space 1}    2.37{col 46}{space 3}0.024{col 54}{space 4} .8458748{col 67}{space 3} 11.01677
{txt}{space 4}_x2020m3 {c |}{col 14}{res}{space 2} 8.238803{col 26}{space 2}  16.0247{col 37}{space 1}    0.51{col 46}{space 3}0.611{col 54}{space 4}-24.36369{col 67}{space 3}  40.8413
{txt}{space 2}_x_t2020m3 {c |}{col 14}{res}{space 2}-.9224582{col 26}{space 2} 2.610796{col 37}{space 1}   -0.35{col 46}{space 3}0.726{col 54}{space 4}-6.234163{col 67}{space 3} 4.389246
{txt}{space 7}_cons {c |}{col 14}{res}{space 2} 113.4843{col 26}{space 2} 18.66986{col 37}{space 1}    6.08{col 46}{space 3}0.000{col 54}{space 4} 75.50016{col 67}{space 3} 151.4684
{txt}{hline 13}{c +}{hline 11}{hline 11}{hline 9}{hline 8}{hline 13}{hline 12}
         rho {c |}  {res} -.049881
{txt}{hline 13}{c BT}{hline 64}
Durbin-Watson statistic (original)    {res}1.899224
{txt}Durbin-Watson statistic (transformed) {res}1.828103


{txt}{col 20} Postintervention Linear Trend: 2020m3

Treated: _b[_t]+_b[_x_t2020m3]
{hline 13}{c TT}{hline 64}
Linear Trend {c |}{col 21}Coef. {col 29}Std. Err.{col 44}t{col 49}{col 59}[95% Conf. Interval]
{hline 13}{c +}{hline 64}
{col 1}     Treated{col 14}{c |}{res}{col 17} 5.008866{col 28} .7769501{col 38}    6.45{col 46}   0.000{col 58} 3.428149{col 70} 6.589583
{txt}{hline 13}{c BT}{hline 64}
{p 0 4 2}
{txt}(note:  named style
v.small not found in class
gsize,  default attributes used)
{p_end}
{res}{txt}(note: file /workspace/output/figures/ITSA_diagnostic_delay_prais.gph not found)
{res}{txt}(file /workspace/output/figures/ITSA_diagnostic_delay_prais.gph saved)

{com}.         graph export "$projectdir/output/figures/ITSA_diagnostic_delay_prais.svg", as(svg) replace      
{txt}(note: file /workspace/output/figures/ITSA_diagnostic_delay_prais.svg not found)
(file /workspace/output/figures/ITSA_diagnostic_delay_prais.svg written in SVG format)

{com}. 
. **Time from rheum referral to rheum appt (all diagnoses) with second cut point corresponding to Jan 2021 lockdown
. **Newey Standard Errors with 6 lags
. itsa p50_diag_delay if inrange(mo_year_diagn, tm(2019m3), tm(2022m3)), single trperiod(2020m3; 2021m1) lag(6) replace figure(title("", size(small)) subtitle("", size(medsmall)) ytitle("Median time to diagnosis, days", size(medsmall) margin(small)) ylabel(, nogrid) xtitle("Date of diagnosis", size(medsmall) margin(medsmall)) xlabel(710 "Mar 2019" 716 "Sep 2019" 722 "Mar 2020" 728 "Sep 2020" 734 "Mar 2021" 740 "Sep 2021" 746 "Mar 2022", nogrid) note("", size(v.small)) legend(off) saving("$projectdir/output/figures/ITSA_diagnostic_delay_newey_2cuts.gph", replace)) posttrend 


{res}{txt}{col 9}time variable:  {res}{col 25}mo_year_diagn, 2019m3 to 2022m4
{txt}{col 17}delta:  {res}1 month

{txt}Regression with Newey-West standard errors{col 49}Number of obs{col 67}= {res}        37
{txt}maximum lag: {res}6{col 49}{txt}F(  5,        31){col 67}= {res}     88.15
{col 49}{txt}Prob > F{col 67}= {res}    0.0000

{txt}{hline 13}{c TT}{hline 11}{hline 11}{hline 9}{hline 8}{hline 13}{hline 12}
{col 14}{c |}{col 26}  Newey-West
{col 1}_p50_diag_~y{col 14}{c |}      Coef.{col 26}   Std. Err.{col 38}      t{col 46}   P>|t|{col 54}     [95% Con{col 67}f. Interval]
{hline 13}{c +}{hline 11}{hline 11}{hline 9}{hline 8}{hline 13}{hline 12}
{space 10}_t {c |}{col 14}{res}{space 2} 6.019231{col 26}{space 2} 1.578661{col 37}{space 1}    3.81{col 46}{space 3}0.001{col 54}{space 4} 2.799531{col 67}{space 3} 9.238931
{txt}{space 4}_x2020m3 {c |}{col 14}{res}{space 2} 25.17879{col 26}{space 2} 13.32026{col 37}{space 1}    1.89{col 46}{space 3}0.068{col 54}{space 4}-1.988061{col 67}{space 3} 52.34564
{txt}{space 2}_x_t2020m3 {c |}{col 14}{res}{space 2}-5.173776{col 26}{space 2}  1.52417{col 37}{space 1}   -3.39{col 46}{space 3}0.002{col 54}{space 4} -8.28234{col 67}{space 3}-2.065212
{txt}{space 4}_x2021m1 {c |}{col 14}{res}{space 2} 19.84167{col 26}{space 2} 9.169114{col 37}{space 1}    2.16{col 46}{space 3}0.038{col 54}{space 4} 1.141136{col 67}{space 3}  38.5422
{txt}{space 2}_x_t2021m1 {c |}{col 14}{res}{space 2} 4.929545{col 26}{space 2} 1.501521{col 37}{space 1}    3.28{col 46}{space 3}0.003{col 54}{space 4} 1.867173{col 67}{space 3} 7.991918
{txt}{space 7}_cons {c |}{col 14}{res}{space 2} 112.9359{col 26}{space 2} 10.17557{col 37}{space 1}   11.10{col 46}{space 3}0.000{col 54}{space 4} 92.18268{col 67}{space 3} 133.6891
{txt}{hline 13}{c BT}{hline 11}{hline 11}{hline 9}{hline 8}{hline 13}{hline 12}


{col 20} Postintervention Linear Trend: 2020m3

Treated: _b[_t]+_b[_x_t2020m3]
{hline 13}{c TT}{hline 64}
Linear Trend {c |}{col 21}Coef. {col 29}Std. Err.{col 44}t{col 49}{col 59}[95% Conf. Interval]
{hline 13}{c +}{hline 64}
{col 1}     Treated{col 14}{c |}{res}{col 17} .8454545{col 28} .8687987{col 38}    0.97{col 46}   0.338{col 58} -.926472{col 70} 2.617381
{txt}{hline 13}{c BT}{hline 64}


{col 20} Postintervention Linear Trend: 2021m1

Treated: _b[_t]+_b[_x_t2020m3]+_b[_x_t2021m1]
{hline 13}{c TT}{hline 64}
Linear Trend {c |}{col 21}Coef. {col 29}Std. Err.{col 44}t{col 49}{col 59}[95% Conf. Interval]
{hline 13}{c +}{hline 64}
{col 1}     Treated{col 14}{c |}{res}{col 17}    5.775{col 28} 1.193572{col 38}    4.84{col 46}   0.000{col 58} 3.340693{col 70} 8.209307
{txt}{hline 13}{c BT}{hline 64}
{p 0 4 2}
{txt}(note:  named style
v.small not found in class
gsize,  default attributes used)
{p_end}
{res}{txt}(note: file /workspace/output/figures/ITSA_diagnostic_delay_newey_2cuts.gph not found)
{res}{txt}(file /workspace/output/figures/ITSA_diagnostic_delay_newey_2cuts.gph saved)

{com}.         graph export "$projectdir/output/figures/ITSA_diagnostic_delay_newey_2cuts.svg", as(svg) replace
{txt}(note: file /workspace/output/figures/ITSA_diagnostic_delay_newey_2cuts.svg not found)
(file /workspace/output/figures/ITSA_diagnostic_delay_newey_2cuts.svg written in SVG format)

{com}. actest, lag(18) 

{txt}Cumby-Huizinga test for autocorrelation (Breusch-Godfrey)
  H0: variable is MA process up to order q
  HA: serial correlation present at specified lags >q
{hline 41}{c TT}{hline 35}
  H0: q=0 (serially uncorrelated){col 42}{c |}  H0: q=specified lag-1
  HA: s.c. present at range specified{col 42}{c |}  HA: s.c. present at lag specified
{hline 11}{c TT}{hline 29}{c +}{hline 5}{c TT}{hline 29}
{col 5}lags{col 12}{c |}{col 19}chi2{col 29}df{col 36}p-val{col 42}{c |}{col 44}lag{col 48}{c |}{col 55}chi2{col 65}df{col 72}p-val
{hline 11}{c +}{hline 29}{c +}{hline 5}{c +}{hline 29}
{res}{col 2}  1{txt}{col 6}-{res}{col 7}  1{txt}{col 12}{c |}{res}{col 17}  0.842{col 30}1{col 35}0.3588{txt}{col 42}{c |}{res}{col 44}  1{txt}{col 48}{c |}{res}{col 53}  0.842{col 66}1{col 71}0.3588
{col 2}  1{txt}{col 6}-{res}{col 7}  2{txt}{col 12}{c |}{res}{col 17}  0.894{col 30}2{col 35}0.6394{txt}{col 42}{c |}{res}{col 44}  2{txt}{col 48}{c |}{res}{col 53}  0.047{col 66}1{col 71}0.8280
{col 2}  1{txt}{col 6}-{res}{col 7}  3{txt}{col 12}{c |}{res}{col 17}  0.983{col 30}3{col 35}0.8054{txt}{col 42}{c |}{res}{col 44}  3{txt}{col 48}{c |}{res}{col 53}  0.077{col 66}1{col 71}0.7811
{col 2}  1{txt}{col 6}-{res}{col 7}  4{txt}{col 12}{c |}{res}{col 17}  6.686{col 30}4{col 35}0.1535{txt}{col 42}{c |}{res}{col 44}  4{txt}{col 48}{c |}{res}{col 53}  4.991{col 66}1{col 71}0.0255
{col 2}  1{txt}{col 6}-{res}{col 7}  5{txt}{col 12}{c |}{res}{col 17} 11.622{col 30}5{col 35}0.0404{txt}{col 42}{c |}{res}{col 44}  5{txt}{col 48}{c |}{res}{col 53}  1.435{col 66}1{col 71}0.2310
{col 2}  1{txt}{col 6}-{res}{col 7}  6{txt}{col 12}{c |}{res}{col 17} 14.080{col 30}6{col 35}0.0288{txt}{col 42}{c |}{res}{col 44}  6{txt}{col 48}{c |}{res}{col 53}  0.014{col 66}1{col 71}0.9048
{col 2}  1{txt}{col 6}-{res}{col 7}  7{txt}{col 12}{c |}{res}{col 17} 14.111{col 30}7{col 35}0.0492{txt}{col 42}{c |}{res}{col 44}  7{txt}{col 48}{c |}{res}{col 53}  1.003{col 66}1{col 71}0.3166
{col 2}  1{txt}{col 6}-{res}{col 7}  8{txt}{col 12}{c |}{res}{col 17} 14.116{col 30}8{col 35}0.0788{txt}{col 42}{c |}{res}{col 44}  8{txt}{col 48}{c |}{res}{col 53}  0.941{col 66}1{txt}*{res}{col 71}0.3321
{col 2}  1{txt}{col 6}-{res}{col 7}  9{txt}{col 12}{c |}{res}{col 17} 17.806{col 30}9{col 35}0.0375{txt}{col 42}{c |}{res}{col 44}  9{txt}{col 48}{c |}{res}{col 53}  1.224{col 66}1{col 71}0.2685
{col 2}  1{txt}{col 6}-{res}{col 7} 10{txt}{col 12}{c |}{res}{col 17} 18.648{col 30}10{col 35}0.0450{txt}{col 42}{c |}{res}{col 44} 10{txt}{col 48}{c |}{res}{col 53}  0.633{col 66}1{txt}*{res}{col 71}0.4263
{col 2}  1{txt}{col 6}-{res}{col 7} 11{txt}{col 12}{c |}{res}{col 17} 19.897{col 30}11{col 35}0.0468{txt}{col 42}{c |}{res}{col 44} 11{txt}{col 48}{c |}{res}{col 53}  1.167{col 66}1{col 71}0.2799
{col 2}  1{txt}{col 6}-{res}{col 7} 12{txt}{col 12}{c |}{res}{col 17} 21.430{col 30}12{col 35}0.0444{txt}{col 42}{c |}{res}{col 44} 12{txt}{col 48}{c |}{res}{col 53}  0.236{col 66}1{txt}*{res}{col 71}0.6272
{col 2}  1{txt}{col 6}-{res}{col 7} 13{txt}{col 12}{c |}{res}{col 17} 21.431{col 30}13{col 35}0.0648{txt}{col 42}{c |}{res}{col 44} 13{txt}{col 48}{c |}{res}{col 53}  1.840{col 66}1{txt}*{res}{col 71}0.1750
{col 2}  1{txt}{col 6}-{res}{col 7} 14{txt}{col 12}{c |}{res}{col 17} 21.436{col 30}14{col 35}0.0910{txt}{col 42}{c |}{res}{col 44} 14{txt}{col 48}{c |}{res}{col 53}  0.115{col 66}1{txt}*{res}{col 71}0.7342
{col 2}  1{txt}{col 6}-{res}{col 7} 15{txt}{col 12}{c |}{res}{col 17} 21.463{col 30}15{col 35}0.1227{txt}{col 42}{c |}{res}{col 44} 15{txt}{col 48}{c |}{res}{col 53}  0.285{col 66}1{txt}*{res}{col 71}0.5934
{col 2}  1{txt}{col 6}-{res}{col 7} 16{txt}{col 12}{c |}{res}{col 17} 22.563{col 30}16{col 35}0.1259{txt}{col 42}{c |}{res}{col 44} 16{txt}{col 48}{c |}{res}{col 53}  0.583{col 66}1{txt}*{res}{col 71}0.4453
{col 2}  1{txt}{col 6}-{res}{col 7} 17{txt}{col 12}{c |}{res}{col 17} 24.397{col 30}17{col 35}0.1090{txt}{col 42}{c |}{res}{col 44} 17{txt}{col 48}{c |}{res}{col 53}  0.219{col 66}1{col 71}0.6401
{col 2}  1{txt}{col 6}-{res}{col 7} 18{txt}{col 12}{c |}{res}{col 17} 27.125{col 30}18{col 35}0.0767{txt}{col 42}{c |}{res}{col 44} 18{txt}{col 48}{c |}{res}{col 53}  0.044{col 66}1{txt}*{res}{col 71}0.8341
{txt}{hline 11}{c BT}{hline 29}{c BT}{hline 5}{c BT}{hline 29}
  Test allows predetermined regressors/instruments
  Test requires conditional homoskedasticity
  * Eigenvalues adjusted to make matrix positive semidefinite

{com}. 
. **Prais-Winsten 
. itsa p50_diag_delay if inrange(mo_year_diagn, tm(2019m3), tm(2022m3)), single trperiod(2020m3; 2021m1) replace prais rhotype(tscorr) vce(robust) figure(title("", size(small)) subtitle("", size(medsmall)) ytitle("Median time to diagnosis, days", size(medsmall) margin(small)) ylabel(, nogrid) xtitle("Date of diagnosis", size(medsmall) margin(medsmall)) xlabel(710 "Mar 2019" 716 "Sep 2019" 722 "Mar 2020" 728 "Sep 2020" 734 "Mar 2021" 740 "Sep 2021" 746 "Mar 2022", nogrid) note("", size(v.small)) legend(off) saving("$projectdir/output/figures/ITSA_diagnostic_delay_prais_2cuts.gph", replace)) posttrend 


{res}{txt}{col 9}time variable:  {res}{col 25}mo_year_diagn, 2019m3 to 2022m4
{txt}{col 17}delta:  {res}1 month

{txt}Iteration 0:  rho = {res}0.0000
{txt}Iteration 1:  rho = {res}-0.1344
{txt}Iteration 2:  rho = {res}-0.1496
{txt}Iteration 3:  rho = {res}-0.1509
{txt}Iteration 4:  rho = {res}-0.1510
{txt}Iteration 5:  rho = {res}-0.1510
{txt}Iteration 6:  rho = {res}-0.1510

{txt}Prais-Winsten AR(1) regression -- iterated estimates

Linear regression                               Number of obs     = {res}        37
                                                {txt}F(5, 31)          =  {res}    36.79
                                                {txt}Prob > F          = {res}    0.0000
                                                {txt}R-squared         = {res}    0.8969
                                                {txt}Root MSE          =    {res} 25.817

{txt}{hline 13}{c TT}{hline 11}{hline 11}{hline 9}{hline 8}{hline 13}{hline 12}
{col 14}{c |}{col 26}  Semirobust
{col 1}_p50_diag_~y{col 14}{c |}      Coef.{col 26}   Std. Err.{col 38}      t{col 46}   P>|t|{col 54}     [95% Con{col 67}f. Interval]
{hline 13}{c +}{hline 11}{hline 11}{hline 9}{hline 8}{hline 13}{hline 12}
{space 10}_t {c |}{col 14}{res}{space 2} 5.686246{col 26}{space 2} 2.342988{col 37}{space 1}    2.43{col 46}{space 3}0.021{col 54}{space 4} .9076902{col 67}{space 3}  10.4648
{txt}{space 4}_x2020m3 {c |}{col 14}{res}{space 2} 29.12855{col 26}{space 2}  14.7423{col 37}{space 1}    1.98{col 46}{space 3}0.057{col 54}{space 4}-.9385695{col 67}{space 3} 59.19566
{txt}{space 2}_x_t2020m3 {c |}{col 14}{res}{space 2}-5.216989{col 26}{space 2} 2.440314{col 37}{space 1}   -2.14{col 46}{space 3}0.041{col 54}{space 4}-10.19404{col 67}{space 3}-.2399349
{txt}{space 4}_x2021m1 {c |}{col 14}{res}{space 2}  23.4977{col 26}{space 2}  15.2559{col 37}{space 1}    1.54{col 46}{space 3}0.134{col 54}{space 4}-7.616907{col 67}{space 3} 54.61231
{txt}{space 2}_x_t2021m1 {c |}{col 14}{res}{space 2} 5.019008{col 26}{space 2} 2.137864{col 37}{space 1}    2.35{col 46}{space 3}0.025{col 54}{space 4}  .658805{col 67}{space 3} 9.379212
{txt}{space 7}_cons {c |}{col 14}{res}{space 2} 114.7757{col 26}{space 2} 17.20186{col 37}{space 1}    6.67{col 46}{space 3}0.000{col 54}{space 4} 79.69226{col 67}{space 3} 149.8591
{txt}{hline 13}{c +}{hline 11}{hline 11}{hline 9}{hline 8}{hline 13}{hline 12}
         rho {c |}  {res}-.1510019
{txt}{hline 13}{c BT}{hline 64}
Durbin-Watson statistic (original)    {res}2.090504
{txt}Durbin-Watson statistic (transformed) {res}1.894572


{txt}{col 20} Postintervention Linear Trend: 2020m3

Treated: _b[_t]+_b[_x_t2020m3]
{hline 13}{c TT}{hline 64}
Linear Trend {c |}{col 21}Coef. {col 29}Std. Err.{col 44}t{col 49}{col 59}[95% Conf. Interval]
{hline 13}{c +}{hline 64}
{col 1}     Treated{col 14}{c |}{res}{col 17} .4692576{col 28} .8819426{col 38}    0.53{col 46}   0.598{col 58}-1.329476{col 70} 2.267991
{txt}{hline 13}{c BT}{hline 64}


{col 20} Postintervention Linear Trend: 2021m1

Treated: _b[_t]+_b[_x_t2020m3]+_b[_x_t2021m1]
{hline 13}{c TT}{hline 64}
Linear Trend {c |}{col 21}Coef. {col 29}Std. Err.{col 44}t{col 49}{col 59}[95% Conf. Interval]
{hline 13}{c +}{hline 64}
{col 1}     Treated{col 14}{c |}{res}{col 17} 5.488266{col 28} 2.012207{col 38}    2.73{col 46}   0.010{col 58} 1.384343{col 70} 9.592188
{txt}{hline 13}{c BT}{hline 64}
{p 0 4 2}
{txt}(note:  named style
v.small not found in class
gsize,  default attributes used)
{p_end}
{res}{txt}(note: file /workspace/output/figures/ITSA_diagnostic_delay_prais_2cuts.gph not found)
{res}{txt}(file /workspace/output/figures/ITSA_diagnostic_delay_prais_2cuts.gph saved)

{com}.         graph export "$projectdir/output/figures/ITSA_diagnostic_delay_prais_2cuts.svg", as(svg) replace        
{txt}(note: file /workspace/output/figures/ITSA_diagnostic_delay_prais_2cuts.svg not found)
(file /workspace/output/figures/ITSA_diagnostic_delay_prais_2cuts.svg written in SVG format)

{com}. restore
{txt}
{com}. 
. **Sensitivity analyses using time from last GP (pre-rheum appt) to rheum appt (all diagnoses)
. preserve
{txt}
{com}. asdoc tabstat time_gp_rheum_appt, by(mo_year_diagn) stat(count p50 p75 p25 mean sd) save($projectdir/output/tables/diagnostic_delay_GP_rheum_appt.doc) dec(0)

{txt}Summary for variables: time_gp_rheum_appt
{col 6}by categories of: __000000 (mo_year_diagn)

{ralign 8:__000000} {...}
{c |}         N       p50       p75       p25      mean        sd
{hline 9}{c +}{hline 60}
{ralign 8:710} {...}
{c |}{...}
 {res}       44       119     199.5      64.5  132.6591  85.56215
{txt}{ralign 8:711} {...}
{c |}{...}
 {res}       43       152       213        53  143.7674  104.7746
{txt}{ralign 8:712} {...}
{c |}{...}
 {res}       44       107     220.5        57  132.8864  93.97655
{txt}{ralign 8:713} {...}
{c |}{...}
 {res}       48     118.5       232        38   145.625  114.1299
{txt}{ralign 8:714} {...}
{c |}{...}
 {res}       56       157       259        52  170.5536  123.9431
{txt}{ralign 8:715} {...}
{c |}{...}
 {res}       79       151       253        81  170.6076   116.048
{txt}{ralign 8:716} {...}
{c |}{...}
 {res}       78     169.5       251        66  175.4487  120.5655
{txt}{ralign 8:717} {...}
{c |}{...}
 {res}       81       131       229        54  155.7284  117.4817
{txt}{ralign 8:718} {...}
{c |}{...}
 {res}       82       224       318        93  215.2439  135.8102
{txt}{ralign 8:719} {...}
{c |}{...}
 {res}      100     189.5       287      93.5    211.32  148.8134
{txt}{ralign 8:720} {...}
{c |}{...}
 {res}       89       156       272        64  192.1011  137.2802
{txt}{ralign 8:721} {...}
{c |}{...}
 {res}       94     184.5       325        85  219.3617  158.3574
{txt}{ralign 8:722} {...}
{c |}{...}
 {res}      105       180       303        77  201.7524  149.0227
{txt}{ralign 8:723} {...}
{c |}{...}
 {res}      109       219       334       112  235.6697  160.7166
{txt}{ralign 8:724} {...}
{c |}{...}
 {res}      122     170.5       346        87  219.2459  177.4136
{txt}{ralign 8:725} {...}
{c |}{...}
 {res}      122     179.5       360        84  235.7787  191.4676
{txt}{ralign 8:726} {...}
{c |}{...}
 {res}      121       190       385        99  249.4711  196.0263
{txt}{ralign 8:727} {...}
{c |}{...}
 {res}      122       170       314        73  216.8607  178.4462
{txt}{ralign 8:728} {...}
{c |}{...}
 {res}      128     247.5       397       145  280.1953   193.813
{txt}{ralign 8:729} {...}
{c |}{...}
 {res}      138       227       411        98  264.9275  201.1121
{txt}{ralign 8:730} {...}
{c |}{...}
 {res}      148     213.5       413       121  278.7905  203.2028
{txt}{ralign 8:731} {...}
{c |}{...}
 {res}      146       201       399       103  270.4795  220.9623
{txt}{ralign 8:732} {...}
{c |}{...}
 {res}      184     225.5       374       107  266.9783  204.0096
{txt}{ralign 8:733} {...}
{c |}{...}
 {res}      156       241     463.5     130.5  311.0833  234.1031
{txt}{ralign 8:734} {...}
{c |}{...}
 {res}      177       327       526       167  351.5989  238.2638
{txt}{ralign 8:735} {...}
{c |}{...}
 {res}      172       262     465.5       133  318.2907  238.4745
{txt}{ralign 8:736} {...}
{c |}{...}
 {res}      176     261.5     468.5       113  319.1875  255.1284
{txt}{ralign 8:737} {...}
{c |}{...}
 {res}      180       244       426       140  309.2889  237.5306
{txt}{ralign 8:738} {...}
{c |}{...}
 {res}      182     260.5       479       122  338.1978   263.961
{txt}{ralign 8:739} {...}
{c |}{...}
 {res}      183       243       461       106  319.8087  265.5714
{txt}{ralign 8:740} {...}
{c |}{...}
 {res}      183       247       461       105  304.2295  244.9281
{txt}{ralign 8:741} {...}
{c |}{...}
 {res}      191       283       464       126  337.0733  262.6819
{txt}{ralign 8:742} {...}
{c |}{...}
 {res}      200     278.5       443     123.5     336.2  268.9729
{txt}{ralign 8:743} {...}
{c |}{...}
 {res}      197       222       510       105  328.6548  281.2483
{txt}{ralign 8:744} {...}
{c |}{...}
 {res}      194       285       539       131  354.1959  263.7746
{txt}{ralign 8:745} {...}
{c |}{...}
 {res}      181       267       488       125  340.3757  278.2534
{txt}{ralign 8:746} {...}
{c |}{...}
 {res}      200       315       630     153.5   408.185  311.3599
{txt}{ralign 8:747} {...}
{c |}{...}
 {res}      124       292       595       143     368.5  263.9445
{txt}{hline 9}{c +}{hline 60}
{ralign 8:Total} {...}
{c |}{...}
 {res}     4979       225       405       104  285.0247  233.9431
{txt}{hline 9}{c BT}{hline 60}
{res}{txt}(note: file /workspace/output/tables/diagnostic_delay_GP_rheum_appt.doc not found)
{res}Click to Open File:  {browse "/workspace/output/tables/diagnostic_delay_GP_rheum_appt.doc"}
{txt}
{com}. keep if time_gp_rheum_appt!=. //drop those with no rheum ref and/or rheum appt
{txt}(27,386 observations deleted)

{com}. collapse (p50) p50_diag_delay=time_gp_rheum_appt (p75) p75_diag_delay=time_gp_rheum_appt (p25) p25_diag_delay=time_gp_rheum_appt (mean) mean_diag_delay=time_gp_rheum_appt (sd) sd_diag_delay=time_gp_rheum_appt (count) n_diag_delay=time_gp_rheum_appt, by(mo_year_diagn)
{txt}
{com}. 
. tsset mo_year_diagn
{res}{txt}{col 9}time variable:  {res}{col 25}mo_year_diagn, 2019m3 to 2022m4
{txt}{col 17}delta:  {res}1 month
{txt}
{com}. 
. **Newey Standard Errors with 6 lags
. itsa p50_diag_delay if inrange(mo_year_diagn, tm(2019m3), tm(2022m3)), single trperiod(2020m3) lag(6) replace figure(title("", size(small)) subtitle("", size(medsmall)) ytitle("Median time to diagnosis, days", size(medsmall) margin(small)) ylabel(, nogrid) xtitle("Date of diagnosis", size(medsmall) margin(medsmall)) xlabel(710 "Mar 2019" 716 "Sep 2019" 722 "Mar 2020" 728 "Sep 2020" 734 "Mar 2021" 740 "Sep 2021" 746 "Mar 2022", nogrid) note("", size(v.small)) legend(off) saving("$projectdir/output/figures/ITSA_diagnostic_delay_GP_newey.gph", replace)) posttrend 


{res}{txt}{col 9}time variable:  {res}{col 25}mo_year_diagn, 2019m3 to 2022m4
{txt}{col 17}delta:  {res}1 month

{txt}Regression with Newey-West standard errors{col 49}Number of obs{col 67}= {res}        37
{txt}maximum lag: {res}6{col 49}{txt}F(  3,        33){col 67}= {res}    102.44
{col 49}{txt}Prob > F{col 67}= {res}    0.0000

{txt}{hline 13}{c TT}{hline 11}{hline 11}{hline 9}{hline 8}{hline 13}{hline 12}
{col 14}{c |}{col 26}  Newey-West
{col 1}_p50_diag_~y{col 14}{c |}      Coef.{col 26}   Std. Err.{col 38}      t{col 46}   P>|t|{col 54}     [95% Con{col 67}f. Interval]
{hline 13}{c +}{hline 11}{hline 11}{hline 9}{hline 8}{hline 13}{hline 12}
{space 10}_t {c |}{col 14}{res}{space 2} 6.300699{col 26}{space 2} .9940789{col 37}{space 1}    6.34{col 46}{space 3}0.000{col 54}{space 4} 4.278231{col 67}{space 3} 8.323168
{txt}{space 4}_x2020m3 {c |}{col 14}{res}{space 2}-9.731212{col 26}{space 2} 10.13512{col 37}{space 1}   -0.96{col 46}{space 3}0.344{col 54}{space 4}-30.35127{col 67}{space 3} 10.88885
{txt}{space 2}_x_t2020m3 {c |}{col 14}{res}{space 2}-1.945699{col 26}{space 2} 1.180548{col 37}{space 1}   -1.65{col 46}{space 3}0.109{col 54}{space 4}-4.347542{col 67}{space 3} .4561432
{txt}{space 7}_cons {c |}{col 14}{res}{space 2} 120.2628{col 26}{space 2} 5.296868{col 37}{space 1}   22.70{col 46}{space 3}0.000{col 54}{space 4} 109.4863{col 67}{space 3} 131.0394
{txt}{hline 13}{c BT}{hline 11}{hline 11}{hline 9}{hline 8}{hline 13}{hline 12}


{col 20} Postintervention Linear Trend: 2020m3

Treated: _b[_t]+_b[_x_t2020m3]
{hline 13}{c TT}{hline 64}
Linear Trend {c |}{col 21}Coef. {col 29}Std. Err.{col 44}t{col 49}{col 59}[95% Conf. Interval]
{hline 13}{c +}{hline 64}
{col 1}     Treated{col 14}{c |}{res}{col 17}    4.355{col 28} .5272968{col 38}    8.26{col 46}   0.000{col 58} 3.282207{col 70} 5.427793
{txt}{hline 13}{c BT}{hline 64}
{p 0 4 2}
{txt}(note:  named style
v.small not found in class
gsize,  default attributes used)
{p_end}
{res}{txt}(note: file /workspace/output/figures/ITSA_diagnostic_delay_GP_newey.gph not found)
{res}{txt}(file /workspace/output/figures/ITSA_diagnostic_delay_GP_newey.gph saved)

{com}.         graph export "$projectdir/output/figures/ITSA_diagnostic_delay_GP_newey.svg", as(svg) replace
{txt}(note: file /workspace/output/figures/ITSA_diagnostic_delay_GP_newey.svg not found)
(file /workspace/output/figures/ITSA_diagnostic_delay_GP_newey.svg written in SVG format)

{com}. actest, lag(18) 

{txt}Cumby-Huizinga test for autocorrelation (Breusch-Godfrey)
  H0: variable is MA process up to order q
  HA: serial correlation present at specified lags >q
{hline 41}{c TT}{hline 35}
  H0: q=0 (serially uncorrelated){col 42}{c |}  H0: q=specified lag-1
  HA: s.c. present at range specified{col 42}{c |}  HA: s.c. present at lag specified
{hline 11}{c TT}{hline 29}{c +}{hline 5}{c TT}{hline 29}
{col 5}lags{col 12}{c |}{col 19}chi2{col 29}df{col 36}p-val{col 42}{c |}{col 44}lag{col 48}{c |}{col 55}chi2{col 65}df{col 72}p-val
{hline 11}{c +}{hline 29}{c +}{hline 5}{c +}{hline 29}
{res}{col 2}  1{txt}{col 6}-{res}{col 7}  1{txt}{col 12}{c |}{res}{col 17}  0.053{col 30}1{col 35}0.8177{txt}{col 42}{c |}{res}{col 44}  1{txt}{col 48}{c |}{res}{col 53}  0.053{col 66}1{col 71}0.8177
{col 2}  1{txt}{col 6}-{res}{col 7}  2{txt}{col 12}{c |}{res}{col 17}  0.234{col 30}2{col 35}0.8896{txt}{col 42}{c |}{res}{col 44}  2{txt}{col 48}{c |}{res}{col 53}  0.176{col 66}1{col 71}0.6747
{col 2}  1{txt}{col 6}-{res}{col 7}  3{txt}{col 12}{c |}{res}{col 17}  1.442{col 30}3{col 35}0.6957{txt}{col 42}{c |}{res}{col 44}  3{txt}{col 48}{c |}{res}{col 53}  1.113{col 66}1{col 71}0.2913
{col 2}  1{txt}{col 6}-{res}{col 7}  4{txt}{col 12}{c |}{res}{col 17}  1.464{col 30}4{col 35}0.8329{txt}{col 42}{c |}{res}{col 44}  4{txt}{col 48}{c |}{res}{col 53}  0.003{col 66}1{col 71}0.9540
{col 2}  1{txt}{col 6}-{res}{col 7}  5{txt}{col 12}{c |}{res}{col 17}  1.869{col 30}5{col 35}0.8670{txt}{col 42}{c |}{res}{col 44}  5{txt}{col 48}{c |}{res}{col 53}  0.636{col 66}1{col 71}0.4252
{col 2}  1{txt}{col 6}-{res}{col 7}  6{txt}{col 12}{c |}{res}{col 17}  2.226{col 30}6{col 35}0.8978{txt}{col 42}{c |}{res}{col 44}  6{txt}{col 48}{c |}{res}{col 53}  0.218{col 66}1{col 71}0.6406
{col 2}  1{txt}{col 6}-{res}{col 7}  7{txt}{col 12}{c |}{res}{col 17}  2.232{col 30}7{col 35}0.9459{txt}{col 42}{c |}{res}{col 44}  7{txt}{col 48}{c |}{res}{col 53}  0.000{col 66}1{col 71}0.9918
{col 2}  1{txt}{col 6}-{res}{col 7}  8{txt}{col 12}{c |}{res}{col 17}  2.585{col 30}8{col 35}0.9577{txt}{col 42}{c |}{res}{col 44}  8{txt}{col 48}{c |}{res}{col 53}  0.480{col 66}1{col 71}0.4883
{col 2}  1{txt}{col 6}-{res}{col 7}  9{txt}{col 12}{c |}{res}{col 17} 10.663{col 30}9{col 35}0.2995{txt}{col 42}{c |}{res}{col 44}  9{txt}{col 48}{c |}{res}{col 53}  5.257{col 66}1{col 71}0.0219
{col 2}  1{txt}{col 6}-{res}{col 7} 10{txt}{col 12}{c |}{res}{col 17} 11.407{col 30}10{col 35}0.3267{txt}{col 42}{c |}{res}{col 44} 10{txt}{col 48}{c |}{res}{col 53}  0.000{col 66}1{txt}*{res}{col 71}0.9916
{col 2}  1{txt}{col 6}-{res}{col 7} 11{txt}{col 12}{c |}{res}{col 17} 14.592{col 30}11{col 35}0.2020{txt}{col 42}{c |}{res}{col 44} 11{txt}{col 48}{c |}{res}{col 53}  0.108{col 66}1{txt}*{res}{col 71}0.7430
{col 2}  1{txt}{col 6}-{res}{col 7} 12{txt}{col 12}{c |}{res}{col 17} 16.563{col 30}12{col 35}0.1668{txt}{col 42}{c |}{res}{col 44} 12{txt}{col 48}{c |}{res}{col 53}  1.019{col 66}1{txt}*{res}{col 71}0.3127
{col 2}  1{txt}{col 6}-{res}{col 7} 13{txt}{col 12}{c |}{res}{col 17} 17.196{col 30}13{col 35}0.1905{txt}{col 42}{c |}{res}{col 44} 13{txt}{col 48}{c |}{res}{col 53}  0.019{col 66}1{txt}*{res}{col 71}0.8914
{col 2}  1{txt}{col 6}-{res}{col 7} 14{txt}{col 12}{c |}{res}{col 17} 17.489{col 30}14{col 35}0.2310{txt}{col 42}{c |}{res}{col 44} 14{txt}{col 48}{c |}{res}{col 53}  0.143{col 66}1{txt}*{res}{col 71}0.7048
{col 2}  1{txt}{col 6}-{res}{col 7} 15{txt}{col 12}{c |}{res}{col 17} 18.658{col 30}15{col 35}0.2296{txt}{col 42}{c |}{res}{col 44} 15{txt}{col 48}{c |}{res}{col 53}  0.091{col 66}1{txt}*{res}{col 71}0.7632
{col 2}  1{txt}{col 6}-{res}{col 7} 16{txt}{col 12}{c |}{res}{col 17} 19.719{col 30}16{col 35}0.2331{txt}{col 42}{c |}{res}{col 44} 16{txt}{col 48}{c |}{res}{col 53}  1.163{col 66}1{txt}*{res}{col 71}0.2807
{col 2}  1{txt}{col 6}-{res}{col 7} 17{txt}{col 12}{c |}{res}{col 17} 21.272{col 30}17{col 35}0.2144{txt}{col 42}{c |}{res}{col 44} 17{txt}{col 48}{c |}{res}{col 53}  0.230{col 66}1{col 71}0.6312
{col 2}  1{txt}{col 6}-{res}{col 7} 18{txt}{col 12}{c |}{res}{col 17} 21.878{col 30}18{col 35}0.2375{txt}{col 42}{c |}{res}{col 44} 18{txt}{col 48}{c |}{res}{col 53}  2.277{col 66}1{txt}*{res}{col 71}0.1313
{txt}{hline 11}{c BT}{hline 29}{c BT}{hline 5}{c BT}{hline 29}
  Test allows predetermined regressors/instruments
  Test requires conditional homoskedasticity
  * Eigenvalues adjusted to make matrix positive semidefinite

{com}. 
. **Prais-Winsten 
. itsa p50_diag_delay if inrange(mo_year_diagn, tm(2019m3), tm(2022m3)), single trperiod(2020m3) replace prais rhotype(tscorr) vce(robust) figure(title("", size(small)) subtitle("", size(medsmall)) ytitle("Median time to diagnosis, days", size(medsmall) margin(small)) ylabel(, nogrid) xtitle("Date of diagnosis", size(medsmall) margin(medsmall)) xlabel(710 "Mar 2019" 716 "Sep 2019" 722 "Mar 2020" 728 "Sep 2020" 734 "Mar 2021" 740 "Sep 2021" 746 "Mar 2022", nogrid) note("", size(v.small)) legend(off) saving("$projectdir/output/figures/ITSA_diagnostic_delay_GP_prais.gph", replace)) posttrend 


{res}{txt}{col 9}time variable:  {res}{col 25}mo_year_diagn, 2019m3 to 2022m4
{txt}{col 17}delta:  {res}1 month

{txt}Iteration 0:  rho = {res}0.0000
{txt}Iteration 1:  rho = {res}-0.0374
{txt}Iteration 2:  rho = {res}-0.0375
{txt}Iteration 3:  rho = {res}-0.0375

{txt}Prais-Winsten AR(1) regression -- iterated estimates

Linear regression                               Number of obs     = {res}        37
                                                {txt}F(3, 33)          =  {res}    52.58
                                                {txt}Prob > F          = {res}    0.0000
                                                {txt}R-squared         = {res}    0.7853
                                                {txt}Root MSE          =    {res} 27.945

{txt}{hline 13}{c TT}{hline 11}{hline 11}{hline 9}{hline 8}{hline 13}{hline 12}
{col 14}{c |}{col 26}  Semirobust
{col 1}_p50_diag_~y{col 14}{c |}      Coef.{col 26}   Std. Err.{col 38}      t{col 46}   P>|t|{col 54}     [95% Con{col 67}f. Interval]
{hline 13}{c +}{hline 11}{hline 11}{hline 9}{hline 8}{hline 13}{hline 12}
{space 10}_t {c |}{col 14}{res}{space 2} 6.298288{col 26}{space 2} 1.796087{col 37}{space 1}    3.51{col 46}{space 3}0.001{col 54}{space 4} 2.644121{col 67}{space 3} 9.952455
{txt}{space 4}_x2020m3 {c |}{col 14}{res}{space 2} -9.63734{col 26}{space 2} 18.26007{col 37}{space 1}   -0.53{col 46}{space 3}0.601{col 54}{space 4}-46.78774{col 67}{space 3} 27.51306
{txt}{space 2}_x_t2020m3 {c |}{col 14}{res}{space 2}-1.952662{col 26}{space 2} 1.912457{col 37}{space 1}   -1.02{col 46}{space 3}0.315{col 54}{space 4}-5.843586{col 67}{space 3} 1.938262
{txt}{space 7}_cons {c |}{col 14}{res}{space 2} 120.2766{col 26}{space 2} 10.30056{col 37}{space 1}   11.68{col 46}{space 3}0.000{col 54}{space 4}  99.3199{col 67}{space 3} 141.2332
{txt}{hline 13}{c +}{hline 11}{hline 11}{hline 9}{hline 8}{hline 13}{hline 12}
         rho {c |}  {res}-.0375344
{txt}{hline 13}{c BT}{hline 64}
Durbin-Watson statistic (original)    {res}2.051756
{txt}Durbin-Watson statistic (transformed) {res}1.984842


{txt}{col 20} Postintervention Linear Trend: 2020m3

Treated: _b[_t]+_b[_x_t2020m3]
{hline 13}{c TT}{hline 64}
Linear Trend {c |}{col 21}Coef. {col 29}Std. Err.{col 44}t{col 49}{col 59}[95% Conf. Interval]
{hline 13}{c +}{hline 64}
{col 1}     Treated{col 14}{c |}{res}{col 17} 4.345626{col 28} .6775887{col 38}    6.41{col 46}   0.000{col 58} 2.967061{col 70}  5.72419
{txt}{hline 13}{c BT}{hline 64}
{p 0 4 2}
{txt}(note:  named style
v.small not found in class
gsize,  default attributes used)
{p_end}
{res}{txt}(note: file /workspace/output/figures/ITSA_diagnostic_delay_GP_prais.gph not found)
{res}{txt}(file /workspace/output/figures/ITSA_diagnostic_delay_GP_prais.gph saved)

{com}.         graph export "$projectdir/output/figures/ITSA_diagnostic_delay_GP_prais.svg", as(svg) replace   
{txt}(note: file /workspace/output/figures/ITSA_diagnostic_delay_GP_prais.svg not found)
(file /workspace/output/figures/ITSA_diagnostic_delay_GP_prais.svg written in SVG format)

{com}. restore
{txt}
{com}. 
. **Sensitivity analyses using combination of time from rheum ref to rheum appt; or, if no ref present, time from last GP appt to rheum appt (all diagnoses)
. preserve
{txt}
{com}. asdoc tabstat time_refgp_rheum_appt, by(mo_year_diagn) stat(count p50 p75 p25 mean sd) save($projectdir/output/tables/diagnostic_delay_GPref_rheum_appt.doc) dec(0)

{txt}Summary for variables: time_refgp_rheum_appt
{col 6}by categories of: __000000 (mo_year_diagn)

{ralign 8:__000000} {...}
{c |}         N       p50       p75       p25      mean        sd
{hline 9}{c +}{hline 60}
{ralign 8:710} {...}
{c |}{...}
 {res}       73        99       189        56   117.274  79.47873
{txt}{ralign 8:711} {...}
{c |}{...}
 {res}       69       162       206        60  143.2899  95.87862
{txt}{ralign 8:712} {...}
{c |}{...}
 {res}       84     110.5     203.5        57    132.25  91.36447
{txt}{ralign 8:713} {...}
{c |}{...}
 {res}       98       121       220        56  139.8469  100.4057
{txt}{ralign 8:714} {...}
{c |}{...}
 {res}      104       154       248        72  168.0288  117.8248
{txt}{ralign 8:715} {...}
{c |}{...}
 {res}      132       133       220        66  155.9545  110.3731
{txt}{ralign 8:716} {...}
{c |}{...}
 {res}      139       131       240        58  164.4101  126.5978
{txt}{ralign 8:717} {...}
{c |}{...}
 {res}      138     129.5       247        52  156.7029  121.4632
{txt}{ralign 8:718} {...}
{c |}{...}
 {res}      127       189       305        93  208.3701  133.6419
{txt}{ralign 8:719} {...}
{c |}{...}
 {res}      172     174.5       314        84  207.2267  151.7978
{txt}{ralign 8:720} {...}
{c |}{...}
 {res}      158     149.5       278        61  189.5886  146.3261
{txt}{ralign 8:721} {...}
{c |}{...}
 {res}      164     186.5       336      96.5  229.0122  158.4492
{txt}{ralign 8:722} {...}
{c |}{...}
 {res}      180     183.5     315.5      87.5  213.2111  156.4272
{txt}{ralign 8:723} {...}
{c |}{...}
 {res}      191       210       353       106  234.9267   165.141
{txt}{ralign 8:724} {...}
{c |}{...}
 {res}      207       192       329        97  224.2319  169.3333
{txt}{ralign 8:725} {...}
{c |}{...}
 {res}      210       180       367        89  239.0286  186.8034
{txt}{ralign 8:726} {...}
{c |}{...}
 {res}      209       202       346        87  235.1531  182.4649
{txt}{ralign 8:727} {...}
{c |}{...}
 {res}      215       196       379        93  243.0791  182.7889
{txt}{ralign 8:728} {...}
{c |}{...}
 {res}      205       216       388        96  259.5073  195.0792
{txt}{ralign 8:729} {...}
{c |}{...}
 {res}      234       202       365       103  258.0855  202.5642
{txt}{ralign 8:730} {...}
{c |}{...}
 {res}      231       210       367       104   255.961  190.6934
{txt}{ralign 8:731} {...}
{c |}{...}
 {res}      245       207       361       104  260.2694   203.282
{txt}{ralign 8:732} {...}
{c |}{...}
 {res}      304       202     389.5        92  260.5954  213.9794
{txt}{ralign 8:733} {...}
{c |}{...}
 {res}      253       242       424       122  298.9723  225.6585
{txt}{ralign 8:734} {...}
{c |}{...}
 {res}      299       243       412       113  294.7826  230.6455
{txt}{ralign 8:735} {...}
{c |}{...}
 {res}      277       220       397       109  279.1877   225.392
{txt}{ralign 8:736} {...}
{c |}{...}
 {res}      277       248       453        97  300.7076  243.5424
{txt}{ralign 8:737} {...}
{c |}{...}
 {res}      279       232       461       103  294.3333  229.4855
{txt}{ralign 8:738} {...}
{c |}{...}
 {res}      293       271       482       119  326.4539  249.0622
{txt}{ralign 8:739} {...}
{c |}{...}
 {res}      303       272       493       115  337.4059  271.5838
{txt}{ralign 8:740} {...}
{c |}{...}
 {res}      277       269       478       128  329.9747  257.9023
{txt}{ralign 8:741} {...}
{c |}{...}
 {res}      302       272       461       121  318.0298  240.7951
{txt}{ralign 8:742} {...}
{c |}{...}
 {res}      302       261       452       110  321.3477  258.1118
{txt}{ralign 8:743} {...}
{c |}{...}
 {res}      311       230       412       108  301.3955  259.1279
{txt}{ralign 8:744} {...}
{c |}{...}
 {res}      301       256       487       118   331.691  272.7598
{txt}{ralign 8:745} {...}
{c |}{...}
 {res}      282     223.5       494       115  319.6844  263.6356
{txt}{ralign 8:746} {...}
{c |}{...}
 {res}      313       307       555       141  376.3131  291.1155
{txt}{ralign 8:747} {...}
{c |}{...}
 {res}      198       297       489       132  349.1212  262.5768
{txt}{hline 9}{c +}{hline 60}
{ralign 8:Total} {...}
{c |}{...}
 {res}     8156       213       388        97  271.2041  224.7705
{txt}{hline 9}{c BT}{hline 60}
{res}{txt}(note: file /workspace/output/tables/diagnostic_delay_GPref_rheum_appt.doc not found)
{res}Click to Open File:  {browse "/workspace/output/tables/diagnostic_delay_GPref_rheum_appt.doc"}
{txt}
{com}. keep if time_refgp_rheum_appt!=. //drop those with no rheum ref and/or rheum appt
{txt}(24,209 observations deleted)

{com}. collapse (p50) p50_diag_delay=time_refgp_rheum_appt (p75) p75_diag_delay=time_refgp_rheum_appt (p25) p25_diag_delay=time_refgp_rheum_appt (mean) mean_diag_delay=time_refgp_rheum_appt (sd) sd_diag_delay=time_refgp_rheum_appt (count) n_diag_delay=time_refgp_rheum_appt, by(mo_year_diagn)
{txt}
{com}. 
. tsset mo_year_diagn
{res}{txt}{col 9}time variable:  {res}{col 25}mo_year_diagn, 2019m3 to 2022m4
{txt}{col 17}delta:  {res}1 month
{txt}
{com}. 
. **Newey Standard Errors with 6 lags
. itsa p50_diag_delay if inrange(mo_year_diagn, tm(2019m3), tm(2022m3)), single trperiod(2020m3) lag(6) replace figure(title("", size(small)) subtitle("", size(medsmall)) ytitle("Median time to diagnosis, days", size(medsmall) margin(small)) ylabel(, nogrid) xtitle("Date of diagnosis", size(medsmall) margin(medsmall)) xlabel(710 "Mar 2019" 716 "Sep 2019" 722 "Mar 2020" 728 "Sep 2020" 734 "Mar 2021" 740 "Sep 2021" 746 "Mar 2022", nogrid) note("", size(v.small)) legend(off) saving("$projectdir/output/figures/ITSA_diagnostic_delay_GPref_newey.gph", replace)) posttrend 


{res}{txt}{col 9}time variable:  {res}{col 25}mo_year_diagn, 2019m3 to 2022m4
{txt}{col 17}delta:  {res}1 month

{txt}Regression with Newey-West standard errors{col 49}Number of obs{col 67}= {res}        37
{txt}maximum lag: {res}6{col 49}{txt}F(  3,        33){col 67}= {res}    167.96
{col 49}{txt}Prob > F{col 67}= {res}    0.0000

{txt}{hline 13}{c TT}{hline 11}{hline 11}{hline 9}{hline 8}{hline 13}{hline 12}
{col 14}{c |}{col 26}  Newey-West
{col 1}_p50_diag_~y{col 14}{c |}      Coef.{col 26}   Std. Err.{col 38}      t{col 46}   P>|t|{col 54}     [95% Con{col 67}f. Interval]
{hline 13}{c +}{hline 11}{hline 11}{hline 9}{hline 8}{hline 13}{hline 12}
{space 10}_t {c |}{col 14}{res}{space 2} 5.463287{col 26}{space 2} .8408575{col 37}{space 1}    6.50{col 46}{space 3}0.000{col 54}{space 4} 3.752549{col 67}{space 3} 7.174024
{txt}{space 4}_x2020m3 {c |}{col 14}{res}{space 2}  5.27338{col 26}{space 2} 6.646025{col 37}{space 1}    0.79{col 46}{space 3}0.433{col 54}{space 4} -8.24806{col 67}{space 3} 18.79482
{txt}{space 2}_x_t2020m3 {c |}{col 14}{res}{space 2} -1.78521{col 26}{space 2}  .974269{col 37}{space 1}   -1.83{col 46}{space 3}0.076{col 54}{space 4}-3.767375{col 67}{space 3} .1969554
{txt}{space 7}_cons {c |}{col 14}{res}{space 2} 114.9103{col 26}{space 2} 5.258571{col 37}{space 1}   21.85{col 46}{space 3}0.000{col 54}{space 4} 104.2116{col 67}{space 3} 125.6089
{txt}{hline 13}{c BT}{hline 11}{hline 11}{hline 9}{hline 8}{hline 13}{hline 12}


{col 20} Postintervention Linear Trend: 2020m3

Treated: _b[_t]+_b[_x_t2020m3]
{hline 13}{c TT}{hline 64}
Linear Trend {c |}{col 21}Coef. {col 29}Std. Err.{col 44}t{col 49}{col 59}[95% Conf. Interval]
{hline 13}{c +}{hline 64}
{col 1}     Treated{col 14}{c |}{res}{col 17} 3.678077{col 28}  .449047{col 38}    8.19{col 46}   0.000{col 58} 2.764484{col 70}  4.59167
{txt}{hline 13}{c BT}{hline 64}
{p 0 4 2}
{txt}(note:  named style
v.small not found in class
gsize,  default attributes used)
{p_end}
{res}{txt}(note: file /workspace/output/figures/ITSA_diagnostic_delay_GPref_newey.gph not found)
{res}{txt}(file /workspace/output/figures/ITSA_diagnostic_delay_GPref_newey.gph saved)

{com}.         graph export "$projectdir/output/figures/ITSA_diagnostic_delay_GPref_newey.svg", as(svg) replace
{txt}(note: file /workspace/output/figures/ITSA_diagnostic_delay_GPref_newey.svg not found)
(file /workspace/output/figures/ITSA_diagnostic_delay_GPref_newey.svg written in SVG format)

{com}. actest, lag(18) 

{txt}Cumby-Huizinga test for autocorrelation (Breusch-Godfrey)
  H0: variable is MA process up to order q
  HA: serial correlation present at specified lags >q
{hline 41}{c TT}{hline 35}
  H0: q=0 (serially uncorrelated){col 42}{c |}  H0: q=specified lag-1
  HA: s.c. present at range specified{col 42}{c |}  HA: s.c. present at lag specified
{hline 11}{c TT}{hline 29}{c +}{hline 5}{c TT}{hline 29}
{col 5}lags{col 12}{c |}{col 19}chi2{col 29}df{col 36}p-val{col 42}{c |}{col 44}lag{col 48}{c |}{col 55}chi2{col 65}df{col 72}p-val
{hline 11}{c +}{hline 29}{c +}{hline 5}{c +}{hline 29}
{res}{col 2}  1{txt}{col 6}-{res}{col 7}  1{txt}{col 12}{c |}{res}{col 17}  0.756{col 30}1{col 35}0.3847{txt}{col 42}{c |}{res}{col 44}  1{txt}{col 48}{c |}{res}{col 53}  0.756{col 66}1{col 71}0.3847
{col 2}  1{txt}{col 6}-{res}{col 7}  2{txt}{col 12}{c |}{res}{col 17}  0.764{col 30}2{col 35}0.6823{txt}{col 42}{c |}{res}{col 44}  2{txt}{col 48}{c |}{res}{col 53}  0.006{col 66}1{col 71}0.9358
{col 2}  1{txt}{col 6}-{res}{col 7}  3{txt}{col 12}{c |}{res}{col 17}  0.927{col 30}3{col 35}0.8189{txt}{col 42}{c |}{res}{col 44}  3{txt}{col 48}{c |}{res}{col 53}  0.169{col 66}1{col 71}0.6811
{col 2}  1{txt}{col 6}-{res}{col 7}  4{txt}{col 12}{c |}{res}{col 17}  2.094{col 30}4{col 35}0.7185{txt}{col 42}{c |}{res}{col 44}  4{txt}{col 48}{c |}{res}{col 53}  0.980{col 66}1{col 71}0.3222
{col 2}  1{txt}{col 6}-{res}{col 7}  5{txt}{col 12}{c |}{res}{col 17}  2.114{col 30}5{col 35}0.8331{txt}{col 42}{c |}{res}{col 44}  5{txt}{col 48}{c |}{res}{col 53}  0.085{col 66}1{col 71}0.7702
{col 2}  1{txt}{col 6}-{res}{col 7}  6{txt}{col 12}{c |}{res}{col 17}  6.123{col 30}6{col 35}0.4096{txt}{col 42}{c |}{res}{col 44}  6{txt}{col 48}{c |}{res}{col 53}  2.820{col 66}1{col 71}0.0931
{col 2}  1{txt}{col 6}-{res}{col 7}  7{txt}{col 12}{c |}{res}{col 17}  6.420{col 30}7{col 35}0.4917{txt}{col 42}{c |}{res}{col 44}  7{txt}{col 48}{c |}{res}{col 53}  0.028{col 66}1{col 71}0.8665
{col 2}  1{txt}{col 6}-{res}{col 7}  8{txt}{col 12}{c |}{res}{col 17}  6.420{col 30}8{col 35}0.6003{txt}{col 42}{c |}{res}{col 44}  8{txt}{col 48}{c |}{res}{col 53}  0.253{col 66}1{col 71}0.6152
{col 2}  1{txt}{col 6}-{res}{col 7}  9{txt}{col 12}{c |}{res}{col 17} 10.770{col 30}9{col 35}0.2918{txt}{col 42}{c |}{res}{col 44}  9{txt}{col 48}{c |}{res}{col 53}  3.296{col 66}1{col 71}0.0694
{col 2}  1{txt}{col 6}-{res}{col 7} 10{txt}{col 12}{c |}{res}{col 17} 10.882{col 30}10{col 35}0.3668{txt}{col 42}{c |}{res}{col 44} 10{txt}{col 48}{c |}{res}{col 53}  0.862{col 66}1{txt}*{res}{col 71}0.3533
{col 2}  1{txt}{col 6}-{res}{col 7} 11{txt}{col 12}{c |}{res}{col 17} 14.523{col 30}11{col 35}0.2054{txt}{col 42}{c |}{res}{col 44} 11{txt}{col 48}{c |}{res}{col 53}  1.194{col 66}1{txt}*{res}{col 71}0.2746
{col 2}  1{txt}{col 6}-{res}{col 7} 12{txt}{col 12}{c |}{res}{col 17} 14.652{col 30}12{col 35}0.2610{txt}{col 42}{c |}{res}{col 44} 12{txt}{col 48}{c |}{res}{col 53}  0.634{col 66}1{txt}*{res}{col 71}0.4257
{col 2}  1{txt}{col 6}-{res}{col 7} 13{txt}{col 12}{c |}{res}{col 17} 14.852{col 30}13{col 35}0.3167{txt}{col 42}{c |}{res}{col 44} 13{txt}{col 48}{c |}{res}{col 53}  0.171{col 66}1{txt}*{res}{col 71}0.6793
{col 2}  1{txt}{col 6}-{res}{col 7} 14{txt}{col 12}{c |}{res}{col 17} 16.307{col 30}14{col 35}0.2950{txt}{col 42}{c |}{res}{col 44} 14{txt}{col 48}{c |}{res}{col 53}  0.552{col 66}1{txt}*{res}{col 71}0.4576
{col 2}  1{txt}{col 6}-{res}{col 7} 15{txt}{col 12}{c |}{res}{col 17} 17.307{col 30}15{col 35}0.3008{txt}{col 42}{c |}{res}{col 44} 15{txt}{col 48}{c |}{res}{col 53}  1.083{col 66}1{txt}*{res}{col 71}0.2981
{col 2}  1{txt}{col 6}-{res}{col 7} 16{txt}{col 12}{c |}{res}{col 17} 17.381{col 30}16{col 35}0.3614{txt}{col 42}{c |}{res}{col 44} 16{txt}{col 48}{c |}{res}{col 53}  0.005{col 66}1{col 71}0.9435
{col 2}  1{txt}{col 6}-{res}{col 7} 17{txt}{col 12}{c |}{res}{col 17} 20.632{col 30}17{col 35}0.2432{txt}{col 42}{c |}{res}{col 44} 17{txt}{col 48}{c |}{res}{col 53}  0.006{col 66}1{col 71}0.9364
{col 2}  1{txt}{col 6}-{res}{col 7} 18{txt}{col 12}{c |}{res}{col 17} 20.662{col 30}18{col 35}0.2968{txt}{col 42}{c |}{res}{col 44} 18{txt}{col 48}{c |}{res}{col 53}  0.164{col 66}1{col 71}0.6856
{txt}{hline 11}{c BT}{hline 29}{c BT}{hline 5}{c BT}{hline 29}
  Test allows predetermined regressors/instruments
  Test requires conditional homoskedasticity
  * Eigenvalues adjusted to make matrix positive semidefinite

{com}. 
. **Prais-Winsten 
. itsa p50_diag_delay if inrange(mo_year_diagn, tm(2019m3), tm(2022m3)), single trperiod(2020m3) replace prais rhotype(tscorr) vce(robust) figure(title("", size(small)) subtitle("", size(medsmall)) ytitle("Median time to diagnosis, days", size(medsmall) margin(small)) ylabel(, nogrid) xtitle("Date of diagnosis", size(medsmall) margin(medsmall)) xlabel(710 "Mar 2019" 716 "Sep 2019" 722 "Mar 2020" 728 "Sep 2020" 734 "Mar 2021" 740 "Sep 2021" 746 "Mar 2022", nogrid) note("", size(v.small)) legend(off) saving("$projectdir/output/figures/ITSA_diagnostic_delay_GPref_prais.gph", replace)) posttrend 


{res}{txt}{col 9}time variable:  {res}{col 25}mo_year_diagn, 2019m3 to 2022m4
{txt}{col 17}delta:  {res}1 month

{txt}Iteration 0:  rho = {res}0.0000
{txt}Iteration 1:  rho = {res}-0.1354
{txt}Iteration 2:  rho = {res}-0.1396
{txt}Iteration 3:  rho = {res}-0.1397
{txt}Iteration 4:  rho = {res}-0.1397
{txt}Iteration 5:  rho = {res}-0.1397

{txt}Prais-Winsten AR(1) regression -- iterated estimates

Linear regression                               Number of obs     = {res}        37
                                                {txt}F(3, 33)          =  {res}    59.44
                                                {txt}Prob > F          = {res}    0.0000
                                                {txt}R-squared         = {res}    0.8892
                                                {txt}Root MSE          =    {res} 20.193

{txt}{hline 13}{c TT}{hline 11}{hline 11}{hline 9}{hline 8}{hline 13}{hline 12}
{col 14}{c |}{col 26}  Semirobust
{col 1}_p50_diag_~y{col 14}{c |}      Coef.{col 26}   Std. Err.{col 38}      t{col 46}   P>|t|{col 54}     [95% Con{col 67}f. Interval]
{hline 13}{c +}{hline 11}{hline 11}{hline 9}{hline 8}{hline 13}{hline 12}
{space 10}_t {c |}{col 14}{res}{space 2}  5.29906{col 26}{space 2} 1.663683{col 37}{space 1}    3.19{col 46}{space 3}0.003{col 54}{space 4} 1.914271{col 67}{space 3} 8.683849
{txt}{space 4}_x2020m3 {c |}{col 14}{res}{space 2} 6.880177{col 26}{space 2} 12.43725{col 37}{space 1}    0.55{col 46}{space 3}0.584{col 54}{space 4}-18.42359{col 67}{space 3} 32.18395
{txt}{space 2}_x_t2020m3 {c |}{col 14}{res}{space 2}-1.677287{col 26}{space 2} 1.747465{col 37}{space 1}   -0.96{col 46}{space 3}0.344{col 54}{space 4}-5.232532{col 67}{space 3} 1.877958
{txt}{space 7}_cons {c |}{col 14}{res}{space 2} 115.8496{col 26}{space 2} 11.63512{col 37}{space 1}    9.96{col 46}{space 3}0.000{col 54}{space 4} 92.17776{col 67}{space 3} 139.5214
{txt}{hline 13}{c +}{hline 11}{hline 11}{hline 9}{hline 8}{hline 13}{hline 12}
         rho {c |}  {res}-.1397316
{txt}{hline 13}{c BT}{hline 64}
Durbin-Watson statistic (original)    {res}2.173251
{txt}Durbin-Watson statistic (transformed) {res}1.949304


{txt}{col 20} Postintervention Linear Trend: 2020m3

Treated: _b[_t]+_b[_x_t2020m3]
{hline 13}{c TT}{hline 64}
Linear Trend {c |}{col 21}Coef. {col 29}Std. Err.{col 44}t{col 49}{col 59}[95% Conf. Interval]
{hline 13}{c +}{hline 64}
{col 1}     Treated{col 14}{c |}{res}{col 17} 3.621773{col 28} .5802528{col 38}    6.24{col 46}   0.000{col 58}  2.44124{col 70} 4.802306
{txt}{hline 13}{c BT}{hline 64}
{p 0 4 2}
{txt}(note:  named style
v.small not found in class
gsize,  default attributes used)
{p_end}
{res}{txt}(note: file /workspace/output/figures/ITSA_diagnostic_delay_GPref_prais.gph not found)
{res}{txt}(file /workspace/output/figures/ITSA_diagnostic_delay_GPref_prais.gph saved)

{com}.         graph export "$projectdir/output/figures/ITSA_diagnostic_delay_GPref_prais.svg", as(svg) replace        
{txt}(note: file /workspace/output/figures/ITSA_diagnostic_delay_GPref_prais.svg not found)
(file /workspace/output/figures/ITSA_diagnostic_delay_GPref_prais.svg written in SVG format)

{com}. restore
{txt}
{com}. 
. /*
> **Time from last GP appt to rheum referral (all diagnoses)
> preserve
> asdoc tabstat time_gp_rheum_ref_appt, by(mo_year_diagn) stat(count p50 p75 p25 mean sd) save($projectdir/output/tables/referral_delay_GP_to_ref.doc) dec(0)
> keep if time_gp_rheum_ref_appt!=. //drop those with no last GP appt and/or rheum ref
> collapse (p50) p50_ref_delay=time_gp_rheum_ref_appt (p75) p75_ref_delay=time_gp_rheum_ref_appt (p25) p25_ref_delay=time_gp_rheum_ref_appt (mean) mean_ref_delay=time_gp_rheum_ref_appt (sd) sd_ref_delay=time_gp_rheum_ref_appt (count) n_ref_delay=time_gp_rheum_ref_appt, by(mo_year_diagn)
> 
> tsset mo_year_diagn
> 
> **Newey Standard Errors with 6 lags
> itsa p50_ref_delay if inrange(mo_year_diagn, tm(2019m3), tm(2022m3)), single trperiod(2020m3) lag(6) replace figure(title("", size(small)) subtitle("", size(medsmall)) ytitle("Median time to referral, days", size(medsmall) margin(small)) ylabel(, nogrid) xtitle("Date of diagnosis", size(medsmall) margin(medsmall)) xlabel(710 "Mar 2019" 716 "Sep 2019" 722 "Mar 2020" 728 "Sep 2020" 734 "Mar 2021" 740 "Sep 2021" 746 "Mar 2022", nogrid) note("", size(v.small)) legend(off) saving("$projectdir/output/figures/ITSA_referral_delay_newey.gph", replace)) posttrend 
>         graph export "$projectdir/output/figures/ITSA_referral_delay_newey.svg", as(svg) replace
> actest, lag(18) 
> 
> **Prais-Winsten 
> itsa p50_ref_delay if inrange(mo_year_diagn, tm(2019m3), tm(2022m3)), single trperiod(2020m3) replace prais rhotype(tscorr) vce(robust) figure(title("", size(small)) subtitle("", size(medsmall)) ytitle("Median time to referral, days", size(medsmall) margin(small)) ylabel(, nogrid) xtitle("Date of diagnosis", size(medsmall) margin(medsmall)) xlabel(710 "Mar 2019" 716 "Sep 2019" 722 "Mar 2020" 728 "Sep 2020" 734 "Mar 2021" 740 "Sep 2021" 746 "Mar 2022", nogrid) note("", size(v.small)) legend(off) saving("$projectdir/output/figures/ITSA_referral_delay_prais.gph", replace)) posttrend 
>         graph export "$projectdir/output/figures/ITSA_referral_delay_prais.svg", as(svg) replace        
> restore
> */
. 
. **Time from rheum appt to shared care csDMARD for RA patients (not including MTX high-cost drug) - may need to cut sooner to give sufficient time for DMARD
. preserve
{txt}
{com}. asdoc tabstat time_to_csdmard if ra_code==1, by(mo_year_diagn) stat(count p50 p75 p25 mean sd) save($projectdir/output/tables/csDMARD_delay_RA.doc) dec(0)

{txt}Summary for variables: time_to_csdmard
{col 6}by categories of: __000000 (mo_year_diagn)

{ralign 8:__000000} {...}
{c |}         N       p50       p75       p25      mean        sd
{hline 9}{c +}{hline 60}
{ralign 8:710} {...}
{c |}{...}
 {res}       66       490       716       257  508.0455   311.422
{txt}{ralign 8:711} {...}
{c |}{...}
 {res}       79       460       756       205  502.7342  337.5667
{txt}{ralign 8:712} {...}
{c |}{...}
 {res}       77       546       796       321  539.7273  328.6188
{txt}{ralign 8:713} {...}
{c |}{...}
 {res}       78     637.5       993       254  641.4231   396.403
{txt}{ralign 8:714} {...}
{c |}{...}
 {res}       79       398       718       186  484.1392   338.253
{txt}{ralign 8:715} {...}
{c |}{...}
 {res}       91       548       794       343  588.3626  330.3163
{txt}{ralign 8:716} {...}
{c |}{...}
 {res}       94     531.5       847       301  581.0532  357.8253
{txt}{ralign 8:717} {...}
{c |}{...}
 {res}       90       568       809       359  588.2667  318.4132
{txt}{ralign 8:718} {...}
{c |}{...}
 {res}       70     526.5       816       276  552.3286    340.99
{txt}{ralign 8:719} {...}
{c |}{...}
 {res}       88     567.5     867.5     316.5  610.8182  349.1119
{txt}{ralign 8:720} {...}
{c |}{...}
 {res}       81       585       857       268  577.1111  351.8099
{txt}{ralign 8:721} {...}
{c |}{...}
 {res}       74       530       890       302  588.7027   359.594
{txt}{ralign 8:722} {...}
{c |}{...}
 {res}       77       600       939       283  606.4026  391.4185
{txt}{ralign 8:723} {...}
{c |}{...}
 {res}       86     579.5       919       365  628.0581  342.9141
{txt}{ralign 8:724} {...}
{c |}{...}
 {res}       81       511       851       261  561.7284  369.6651
{txt}{ralign 8:725} {...}
{c |}{...}
 {res}       87       540       827       325  583.1149   333.329
{txt}{ralign 8:726} {...}
{c |}{...}
 {res}       76       578       801       341  561.9737   323.163
{txt}{ralign 8:727} {...}
{c |}{...}
 {res}       92       599       817     323.5  599.2174  351.1678
{txt}{ralign 8:728} {...}
{c |}{...}
 {res}       79       550       836       296  580.7089  331.2053
{txt}{ralign 8:729} {...}
{c |}{...}
 {res}       86       596       926       278  593.7093  375.0022
{txt}{ralign 8:730} {...}
{c |}{...}
 {res}       80     524.5       808       322  572.4125  341.9993
{txt}{ralign 8:731} {...}
{c |}{...}
 {res}       66     504.5       675       286  546.3182  345.2592
{txt}{ralign 8:732} {...}
{c |}{...}
 {res}       93       516       746       251  547.9247  362.4813
{txt}{ralign 8:733} {...}
{c |}{...}
 {res}       87       469       779       305  535.3908  344.0972
{txt}{ralign 8:734} {...}
{c |}{...}
 {res}       85       524       845       367  604.8353  339.8858
{txt}{ralign 8:735} {...}
{c |}{...}
 {res}       81       500       831       242  558.7654  359.2931
{txt}{ralign 8:736} {...}
{c |}{...}
 {res}       83       566       885       277  579.9036   359.711
{txt}{ralign 8:737} {...}
{c |}{...}
 {res}       96       497     712.5       296  548.5313  340.0885
{txt}{ralign 8:738} {...}
{c |}{...}
 {res}       78     533.5       765       251  540.3462  328.9703
{txt}{ralign 8:739} {...}
{c |}{...}
 {res}       85       608       891       352  629.5529  350.5857
{txt}{ralign 8:740} {...}
{c |}{...}
 {res}       85       557       820       286  562.0706  335.4281
{txt}{ralign 8:741} {...}
{c |}{...}
 {res}       89       606       877       355  606.8876  351.8587
{txt}{ralign 8:742} {...}
{c |}{...}
 {res}       84     539.5     840.5       261  570.2143  354.3249
{txt}{ralign 8:743} {...}
{c |}{...}
 {res}      106     465.5       721       217  516.0755  315.4325
{txt}{ralign 8:744} {...}
{c |}{...}
 {res}       89       580       864       301  603.1461  362.9033
{txt}{ralign 8:745} {...}
{c |}{...}
 {res}       79       541       788       304  563.8101  328.2321
{txt}{ralign 8:746} {...}
{c |}{...}
 {res}       96       558     919.5       270  602.5625  376.9801
{txt}{ralign 8:747} {...}
{c |}{...}
 {res}       35       506       660       272  500.4286    299.39
{txt}{hline 9}{c +}{hline 60}
{ralign 8:Total} {...}
{c |}{...}
 {res}     3128       533       833       290  571.9639  346.8233
{txt}{hline 9}{c BT}{hline 60}
{res}{txt}(note: file /workspace/output/tables/csDMARD_delay_RA.doc not found)
{res}Click to Open File:  {browse "/workspace/output/tables/csDMARD_delay_RA.doc"}
{txt}
{com}. keep if time_to_csdmard!=. & ra_code==1 //drop those with no rheum appt and/or csDMARD prescription
{txt}(29,237 observations deleted)

{com}. collapse (p50) p50_csdmard_delay=time_to_csdmard (p75) p75_csdmard_delay=time_to_csdmard (p25) p25_csdmard_delay=time_to_csdmard (mean) mean_csdmard_delay=time_to_csdmard (sd) sd_csdmard_delay=time_to_csdmard (count) n_csdmard_delay=time_to_csdmard, by(mo_year_diagn)
{txt}
{com}. 
. tsset mo_year_diagn
{res}{txt}{col 9}time variable:  {res}{col 25}mo_year_diagn, 2019m3 to 2022m4
{txt}{col 17}delta:  {res}1 month
{txt}
{com}. 
. **Newey Standard Errors with 6 lags
. itsa p50_csdmard_delay if inrange(mo_year_diagn, tm(2019m3), tm(2022m3)), single trperiod(2020m3) lag(6) replace figure(title("", size(small)) subtitle("", size(medsmall)) ytitle("Median time to csDMARD, days", size(medsmall) margin(small)) ylabel(, nogrid) xtitle("Date of diagnosis", size(medsmall) margin(medsmall)) xlabel(710 "Mar 2019" 716 "Sep 2019" 722 "Mar 2020" 728 "Sep 2020" 734 "Mar 2021" 740 "Sep 2021" 746 "Mar 2022", nogrid) note("", size(v.small)) legend(off) saving("$projectdir/output/figures/ITSA_csDMARD_delay_newey_ra.gph", replace)) posttrend 


{res}{txt}{col 9}time variable:  {res}{col 25}mo_year_diagn, 2019m3 to 2022m4
{txt}{col 17}delta:  {res}1 month

{txt}Regression with Newey-West standard errors{col 49}Number of obs{col 67}= {res}        37
{txt}maximum lag: {res}6{col 49}{txt}F(  3,        33){col 67}= {res}      4.74
{col 49}{txt}Prob > F{col 67}= {res}    0.0074

{txt}{hline 13}{c TT}{hline 11}{hline 11}{hline 9}{hline 8}{hline 13}{hline 12}
{col 14}{c |}{col 26}  Newey-West
{col 1}_p50_csdma~y{col 14}{c |}      Coef.{col 26}   Std. Err.{col 38}      t{col 46}   P>|t|{col 54}     [95% Con{col 67}f. Interval]
{hline 13}{c +}{hline 11}{hline 11}{hline 9}{hline 8}{hline 13}{hline 12}
{space 10}_t {c |}{col 14}{res}{space 2} 5.783217{col 26}{space 2} 1.663881{col 37}{space 1}    3.48{col 46}{space 3}0.001{col 54}{space 4} 2.398026{col 67}{space 3} 9.168407
{txt}{space 4}_x2020m3 {c |}{col 14}{res}{space 2}-15.70732{col 26}{space 2}  17.9093{col 37}{space 1}   -0.88{col 46}{space 3}0.387{col 54}{space 4}-52.14406{col 67}{space 3} 20.72942
{txt}{space 2}_x_t2020m3 {c |}{col 14}{res}{space 2}-6.491294{col 26}{space 2} 1.727915{col 37}{space 1}   -3.76{col 46}{space 3}0.001{col 54}{space 4}-10.00676{col 67}{space 3}-2.975824
{txt}{space 7}_cons {c |}{col 14}{res}{space 2} 500.5256{col 26}{space 2} 13.35891{col 37}{space 1}   37.47{col 46}{space 3}0.000{col 54}{space 4} 473.3467{col 67}{space 3} 527.7045
{txt}{hline 13}{c BT}{hline 11}{hline 11}{hline 9}{hline 8}{hline 13}{hline 12}


{col 20} Postintervention Linear Trend: 2020m3

Treated: _b[_t]+_b[_x_t2020m3]
{hline 13}{c TT}{hline 64}
Linear Trend {c |}{col 21}Coef. {col 29}Std. Err.{col 44}t{col 49}{col 59}[95% Conf. Interval]
{hline 13}{c +}{hline 64}
{col 1}     Treated{col 14}{c |}{res}{col 17}-.7080769{col 28} .8221487{col 38}   -0.86{col 46}   0.395{col 58}-2.380751{col 70} .9645972
{txt}{hline 13}{c BT}{hline 64}
{p 0 4 2}
{txt}(note:  named style
v.small not found in class
gsize,  default attributes used)
{p_end}
{res}{txt}(note: file /workspace/output/figures/ITSA_csDMARD_delay_newey_ra.gph not found)
{res}{txt}(file /workspace/output/figures/ITSA_csDMARD_delay_newey_ra.gph saved)

{com}.         graph export "$projectdir/output/figures/ITSA_csDMARD_delay_newey_ra.svg", replace
{txt}(note: file /workspace/output/figures/ITSA_csDMARD_delay_newey_ra.svg not found)
(file /workspace/output/figures/ITSA_csDMARD_delay_newey_ra.svg written in SVG format)

{com}. actest, lag(18) 

{txt}Cumby-Huizinga test for autocorrelation (Breusch-Godfrey)
  H0: variable is MA process up to order q
  HA: serial correlation present at specified lags >q
{hline 41}{c TT}{hline 35}
  H0: q=0 (serially uncorrelated){col 42}{c |}  H0: q=specified lag-1
  HA: s.c. present at range specified{col 42}{c |}  HA: s.c. present at lag specified
{hline 11}{c TT}{hline 29}{c +}{hline 5}{c TT}{hline 29}
{col 5}lags{col 12}{c |}{col 19}chi2{col 29}df{col 36}p-val{col 42}{c |}{col 44}lag{col 48}{c |}{col 55}chi2{col 65}df{col 72}p-val
{hline 11}{c +}{hline 29}{c +}{hline 5}{c +}{hline 29}
{res}{col 2}  1{txt}{col 6}-{res}{col 7}  1{txt}{col 12}{c |}{res}{col 17}  0.970{col 30}1{col 35}0.3246{txt}{col 42}{c |}{res}{col 44}  1{txt}{col 48}{c |}{res}{col 53}  0.970{col 66}1{col 71}0.3246
{col 2}  1{txt}{col 6}-{res}{col 7}  2{txt}{col 12}{c |}{res}{col 17}  1.231{col 30}2{col 35}0.5404{txt}{col 42}{c |}{res}{col 44}  2{txt}{col 48}{c |}{res}{col 53}  0.110{col 66}1{col 71}0.7406
{col 2}  1{txt}{col 6}-{res}{col 7}  3{txt}{col 12}{c |}{res}{col 17}  1.330{col 30}3{col 35}0.7221{txt}{col 42}{c |}{res}{col 44}  3{txt}{col 48}{c |}{res}{col 53}  0.210{col 66}1{col 71}0.6464
{col 2}  1{txt}{col 6}-{res}{col 7}  4{txt}{col 12}{c |}{res}{col 17}  1.393{col 30}4{col 35}0.8454{txt}{col 42}{c |}{res}{col 44}  4{txt}{col 48}{c |}{res}{col 53}  0.123{col 66}1{col 71}0.7255
{col 2}  1{txt}{col 6}-{res}{col 7}  5{txt}{col 12}{c |}{res}{col 17}  1.399{col 30}5{col 35}0.9244{txt}{col 42}{c |}{res}{col 44}  5{txt}{col 48}{c |}{res}{col 53}  0.002{col 66}1{col 71}0.9613
{col 2}  1{txt}{col 6}-{res}{col 7}  6{txt}{col 12}{c |}{res}{col 17}  2.434{col 30}6{col 35}0.8758{txt}{col 42}{c |}{res}{col 44}  6{txt}{col 48}{c |}{res}{col 53}  0.781{col 66}1{col 71}0.3769
{col 2}  1{txt}{col 6}-{res}{col 7}  7{txt}{col 12}{c |}{res}{col 17}  2.498{col 30}7{col 35}0.9272{txt}{col 42}{c |}{res}{col 44}  7{txt}{col 48}{c |}{res}{col 53}  0.274{col 66}1{col 71}0.6009
{col 2}  1{txt}{col 6}-{res}{col 7}  8{txt}{col 12}{c |}{res}{col 17}  6.411{col 30}8{col 35}0.6013{txt}{col 42}{c |}{res}{col 44}  8{txt}{col 48}{c |}{res}{col 53}  2.931{col 66}1{col 71}0.0869
{col 2}  1{txt}{col 6}-{res}{col 7}  9{txt}{col 12}{c |}{res}{col 17}  8.138{col 30}9{col 35}0.5203{txt}{col 42}{c |}{res}{col 44}  9{txt}{col 48}{c |}{res}{col 53}  0.134{col 66}1{col 71}0.7138
{col 2}  1{txt}{col 6}-{res}{col 7} 10{txt}{col 12}{c |}{res}{col 17}  8.462{col 30}10{col 35}0.5838{txt}{col 42}{c |}{res}{col 44} 10{txt}{col 48}{c |}{res}{col 53}  1.521{col 66}1{txt}*{res}{col 71}0.2174
{col 2}  1{txt}{col 6}-{res}{col 7} 11{txt}{col 12}{c |}{res}{col 17}  9.765{col 30}11{col 35}0.5516{txt}{col 42}{c |}{res}{col 44} 11{txt}{col 48}{c |}{res}{col 53}  0.953{col 66}1{col 71}0.3291
{col 2}  1{txt}{col 6}-{res}{col 7} 12{txt}{col 12}{c |}{res}{col 17} 10.216{col 30}12{col 35}0.5970{txt}{col 42}{c |}{res}{col 44} 12{txt}{col 48}{c |}{res}{col 53}  0.002{col 66}1{col 71}0.9605
{col 2}  1{txt}{col 6}-{res}{col 7} 13{txt}{col 12}{c |}{res}{col 17} 11.318{col 30}13{col 35}0.5842{txt}{col 42}{c |}{res}{col 44} 13{txt}{col 48}{c |}{res}{col 53}  0.026{col 66}1{col 71}0.8722
{col 2}  1{txt}{col 6}-{res}{col 7} 14{txt}{col 12}{c |}{res}{col 17} 11.874{col 30}14{col 35}0.6164{txt}{col 42}{c |}{res}{col 44} 14{txt}{col 48}{c |}{res}{col 53}  0.209{col 66}1{col 71}0.6476
{col 2}  1{txt}{col 6}-{res}{col 7} 15{txt}{col 12}{c |}{res}{col 17} 13.167{col 30}15{col 35}0.5894{txt}{col 42}{c |}{res}{col 44} 15{txt}{col 48}{c |}{res}{col 53}  0.617{col 66}1{col 71}0.4321
{col 2}  1{txt}{col 6}-{res}{col 7} 16{txt}{col 12}{c |}{res}{col 17} 13.509{col 30}16{col 35}0.6353{txt}{col 42}{c |}{res}{col 44} 16{txt}{col 48}{c |}{res}{col 53}  0.009{col 66}1{txt}*{res}{col 71}0.9244
{col 2}  1{txt}{col 6}-{res}{col 7} 17{txt}{col 12}{c |}{res}{col 17} 13.927{col 30}17{col 35}0.6722{txt}{col 42}{c |}{res}{col 44} 17{txt}{col 48}{c |}{res}{col 53}  0.157{col 66}1{txt}*{res}{col 71}0.6922
{col 2}  1{txt}{col 6}-{res}{col 7} 18{txt}{col 12}{c |}{res}{col 17} 14.230{col 30}18{col 35}0.7140{txt}{col 42}{c |}{res}{col 44} 18{txt}{col 48}{c |}{res}{col 53}  0.252{col 66}1{col 71}0.6160
{txt}{hline 11}{c BT}{hline 29}{c BT}{hline 5}{c BT}{hline 29}
  Test allows predetermined regressors/instruments
  Test requires conditional homoskedasticity
  * Eigenvalues adjusted to make matrix positive semidefinite

{com}. 
. **Prais-Winsten 
. itsa p50_csdmard_delay if inrange(mo_year_diagn, tm(2019m3), tm(2022m3)), single trperiod(2020m3) replace prais rhotype(tscorr) vce(robust) figure(title("", size(small)) subtitle("", size(medsmall)) ytitle("Median time to csDMARD, days", size(medsmall) margin(small)) ylabel(, nogrid) xtitle("Date of diagnosis", size(medsmall) margin(medsmall)) xlabel(710 "Mar 2019" 716 "Sep 2019" 722 "Mar 2020" 728 "Sep 2020" 734 "Mar 2021" 740 "Sep 2021" 746 "Mar 2022", nogrid) note("", size(v.small))  legend(off) saving("$projectdir/output/figures/ITSA_csDMARD_delay_prais_ra.gph", replace)) posttrend 


{res}{txt}{col 9}time variable:  {res}{col 25}mo_year_diagn, 2019m3 to 2022m4
{txt}{col 17}delta:  {res}1 month

{txt}Iteration 0:  rho = {res}0.0000
{txt}Iteration 1:  rho = {res}-0.1609
{txt}Iteration 2:  rho = {res}-0.1647
{txt}Iteration 3:  rho = {res}-0.1647
{txt}Iteration 4:  rho = {res}-0.1647

{txt}Prais-Winsten AR(1) regression -- iterated estimates

Linear regression                               Number of obs     = {res}        37
                                                {txt}F(3, 33)          =  {res}     1.30
                                                {txt}Prob > F          = {res}    0.2902
                                                {txt}R-squared         = {res}    0.2694
                                                {txt}Root MSE          =    {res} 47.986

{txt}{hline 13}{c TT}{hline 11}{hline 11}{hline 9}{hline 8}{hline 13}{hline 12}
{col 14}{c |}{col 26}  Semirobust
{col 1}_p50_csdma~y{col 14}{c |}      Coef.{col 26}   Std. Err.{col 38}      t{col 46}   P>|t|{col 54}     [95% Con{col 67}f. Interval]
{hline 13}{c +}{hline 11}{hline 11}{hline 9}{hline 8}{hline 13}{hline 12}
{space 10}_t {c |}{col 14}{res}{space 2} 6.148688{col 26}{space 2} 3.397841{col 37}{space 1}    1.81{col 46}{space 3}0.079{col 54}{space 4} -.764272{col 67}{space 3} 13.06165
{txt}{space 4}_x2020m3 {c |}{col 14}{res}{space 2}-20.41532{col 26}{space 2} 20.73291{col 37}{space 1}   -0.98{col 46}{space 3}0.332{col 54}{space 4}-62.59673{col 67}{space 3}  21.7661
{txt}{space 2}_x_t2020m3 {c |}{col 14}{res}{space 2}-6.786526{col 26}{space 2} 3.523159{col 37}{space 1}   -1.93{col 46}{space 3}0.063{col 54}{space 4}-13.95445{col 67}{space 3}  .381396
{txt}{space 7}_cons {c |}{col 14}{res}{space 2}   499.48{col 26}{space 2} 30.18462{col 37}{space 1}   16.55{col 46}{space 3}0.000{col 54}{space 4}  438.069{col 67}{space 3} 560.8911
{txt}{hline 13}{c +}{hline 11}{hline 11}{hline 9}{hline 8}{hline 13}{hline 12}
         rho {c |}  {res}-.1647424
{txt}{hline 13}{c BT}{hline 64}
Durbin-Watson statistic (original)    {res}2.314855
{txt}Durbin-Watson statistic (transformed) {res}2.024145


{txt}{col 20} Postintervention Linear Trend: 2020m3

Treated: _b[_t]+_b[_x_t2020m3]
{hline 13}{c TT}{hline 64}
Linear Trend {c |}{col 21}Coef. {col 29}Std. Err.{col 44}t{col 49}{col 59}[95% Conf. Interval]
{hline 13}{c +}{hline 64}
{col 1}     Treated{col 14}{c |}{res}{col 17}-.6378371{col 28} .9521702{col 38}   -0.67{col 46}   0.508{col 58}-2.575042{col 70} 1.299368
{txt}{hline 13}{c BT}{hline 64}
{p 0 4 2}
{txt}(note:  named style
v.small not found in class
gsize,  default attributes used)
{p_end}
{res}{txt}(note: file /workspace/output/figures/ITSA_csDMARD_delay_prais_ra.gph not found)
{res}{txt}(file /workspace/output/figures/ITSA_csDMARD_delay_prais_ra.gph saved)

{com}.         graph export "$projectdir/output/figures/ITSA_csDMARD_delay_prais_ra.svg", replace      
{txt}(note: file /workspace/output/figures/ITSA_csDMARD_delay_prais_ra.svg not found)
(file /workspace/output/figures/ITSA_csDMARD_delay_prais_ra.svg written in SVG format)

{com}. restore
{txt}
{com}. 
. **Time from rheum appt to shared care csDMARD for PsA patients (not including MTX high-cost drug) - may need to cut sooner to give sufficient time for DMARD
. preserve
{txt}
{com}. asdoc tabstat time_to_csdmard if psa_code==1, by(mo_year_diagn) stat(count p50 p75 p25 mean sd) save($projectdir/output/tables/csDMARD_delay_PsA.doc) dec(0)

{txt}Summary for variables: time_to_csdmard
{col 6}by categories of: __000000 (mo_year_diagn)

{ralign 8:__000000} {...}
{c |}         N       p50       p75       p25      mean        sd
{hline 9}{c +}{hline 60}
{ralign 8:710} {...}
{c |}{...}
 {res}       76       586       768     267.5  579.9605  358.5377
{txt}{ralign 8:711} {...}
{c |}{...}
 {res}       74     486.5       768       257  546.4459  351.8757
{txt}{ralign 8:712} {...}
{c |}{...}
 {res}       95       461       780       264  542.4947  364.8358
{txt}{ralign 8:713} {...}
{c |}{...}
 {res}       96     535.5       816     331.5  568.3021   319.567
{txt}{ralign 8:714} {...}
{c |}{...}
 {res}       78     564.5       823       260  568.1282  369.1679
{txt}{ralign 8:715} {...}
{c |}{...}
 {res}       92       514       719     336.5  559.9783  335.4926
{txt}{ralign 8:716} {...}
{c |}{...}
 {res}       78     451.5       752       200  496.1923  361.5608
{txt}{ralign 8:717} {...}
{c |}{...}
 {res}       85       512       781       283  569.4353  355.8342
{txt}{ralign 8:718} {...}
{c |}{...}
 {res}       91       466       763       264  537.8791  343.3068
{txt}{ralign 8:719} {...}
{c |}{...}
 {res}       80       513     855.5     250.5     553.1  368.6718
{txt}{ralign 8:720} {...}
{c |}{...}
 {res}       80       490     863.5     275.5  575.9125  372.8973
{txt}{ralign 8:721} {...}
{c |}{...}
 {res}       85       529       902       326  625.1882  378.9295
{txt}{ralign 8:722} {...}
{c |}{...}
 {res}       96       546       836     271.5    576.75  331.8135
{txt}{ralign 8:723} {...}
{c |}{...}
 {res}       97       576       789       246  562.5052  350.9234
{txt}{ralign 8:724} {...}
{c |}{...}
 {res}       74       569       823       345  596.4189  332.5266
{txt}{ralign 8:725} {...}
{c |}{...}
 {res}       99       612       906       297  608.8889  383.2696
{txt}{ralign 8:726} {...}
{c |}{...}
 {res}       73       521       795       249  532.5479  360.2025
{txt}{ralign 8:727} {...}
{c |}{...}
 {res}       71       473       805       202  519.5211  353.9947
{txt}{ralign 8:728} {...}
{c |}{...}
 {res}       76       673       905     309.5  640.4868  372.9971
{txt}{ralign 8:729} {...}
{c |}{...}
 {res}       73       581       855       333  613.1096   368.768
{txt}{ralign 8:730} {...}
{c |}{...}
 {res}       76     553.5       943     272.5  602.6842  384.2435
{txt}{ralign 8:731} {...}
{c |}{...}
 {res}       65       532       872       275  561.9692  354.7476
{txt}{ralign 8:732} {...}
{c |}{...}
 {res}       83       633       917       350  634.0482    360.25
{txt}{ralign 8:733} {...}
{c |}{...}
 {res}       79       605       867       271  592.8861  352.5765
{txt}{ralign 8:734} {...}
{c |}{...}
 {res}       88       598     948.5     321.5  634.2386  367.2151
{txt}{ralign 8:735} {...}
{c |}{...}
 {res}       73       495       730       274  534.9178  336.8446
{txt}{ralign 8:736} {...}
{c |}{...}
 {res}       88       562       895       244  610.5682  379.0338
{txt}{ralign 8:737} {...}
{c |}{...}
 {res}       91       588       913       343  631.2418  367.5613
{txt}{ralign 8:738} {...}
{c |}{...}
 {res}       74       514       859       304  582.4459  330.6925
{txt}{ralign 8:739} {...}
{c |}{...}
 {res}       78       478       745       210  505.3077  340.3899
{txt}{ralign 8:740} {...}
{c |}{...}
 {res}       82     554.5       877       335  602.6951  365.1231
{txt}{ralign 8:741} {...}
{c |}{...}
 {res}       81       527       849       244  573.2593  357.0475
{txt}{ralign 8:742} {...}
{c |}{...}
 {res}       76     597.5       824       401  625.2632  313.0571
{txt}{ralign 8:743} {...}
{c |}{...}
 {res}       79       588       940       356  617.3165  343.6714
{txt}{ralign 8:744} {...}
{c |}{...}
 {res}       83       667      1088       362  694.8675  392.8314
{txt}{ralign 8:745} {...}
{c |}{...}
 {res}       78       502       829       345  588.7821  330.4582
{txt}{ralign 8:746} {...}
{c |}{...}
 {res}       98       570       874       312  583.0714  342.9449
{txt}{ralign 8:747} {...}
{c |}{...}
 {res}       46       576       843       261  598.7174  366.4318
{txt}{hline 9}{c +}{hline 60}
{ralign 8:Total} {...}
{c |}{...}
 {res}     3087       546       845       286  583.1765  356.3324
{txt}{hline 9}{c BT}{hline 60}
{res}{txt}(note: file /workspace/output/tables/csDMARD_delay_PsA.doc not found)
{res}Click to Open File:  {browse "/workspace/output/tables/csDMARD_delay_PsA.doc"}
{txt}
{com}. keep if time_to_csdmard!=. & psa_code==1 //drop those with no rheum appt and/or csDMARD prescription
{txt}(29,278 observations deleted)

{com}. collapse (p50) p50_csdmard_delay=time_to_csdmard (p75) p75_csdmard_delay=time_to_csdmard (p25) p25_csdmard_delay=time_to_csdmard (mean) mean_csdmard_delay=time_to_csdmard (sd) sd_csdmard_delay=time_to_csdmard (count) n_csdmard_delay=time_to_csdmard, by(mo_year_diagn)
{txt}
{com}. 
. tsset mo_year_diagn
{res}{txt}{col 9}time variable:  {res}{col 25}mo_year_diagn, 2019m3 to 2022m4
{txt}{col 17}delta:  {res}1 month
{txt}
{com}. 
. **Newey Standard Errors with 6 lags
. itsa p50_csdmard_delay if inrange(mo_year_diagn, tm(2019m3), tm(2022m3)), single trperiod(2020m3) lag(6) replace figure(title("", size(small)) subtitle("", size(medsmall)) ytitle("Median time to csDMARD, days", size(medsmall) margin(small)) ylabel(, nogrid) xtitle("Date of diagnosis", size(medsmall) margin(medsmall)) xlabel(710 "Mar 2019" 716 "Sep 2019" 722 "Mar 2020" 728 "Sep 2020" 734 "Mar 2021" 740 "Sep 2021" 746 "Mar 2022", nogrid) note("", size(v.small)) legend(off) saving("$projectdir/output/figures/ITSA_csDMARD_delay_newey_psa.gph", replace)) posttrend 


{res}{txt}{col 9}time variable:  {res}{col 25}mo_year_diagn, 2019m3 to 2022m4
{txt}{col 17}delta:  {res}1 month

{txt}Regression with Newey-West standard errors{col 49}Number of obs{col 67}= {res}        37
{txt}maximum lag: {res}6{col 49}{txt}F(  3,        33){col 67}= {res}     14.13
{col 49}{txt}Prob > F{col 67}= {res}    0.0000

{txt}{hline 13}{c TT}{hline 11}{hline 11}{hline 9}{hline 8}{hline 13}{hline 12}
{col 14}{c |}{col 26}  Newey-West
{col 1}_p50_csdma~y{col 14}{c |}      Coef.{col 26}   Std. Err.{col 38}      t{col 46}   P>|t|{col 54}     [95% Con{col 67}f. Interval]
{hline 13}{c +}{hline 11}{hline 11}{hline 9}{hline 8}{hline 13}{hline 12}
{space 10}_t {c |}{col 14}{res}{space 2}-2.793706{col 26}{space 2} 1.904203{col 37}{space 1}   -1.47{col 46}{space 3}0.152{col 54}{space 4}-6.667836{col 67}{space 3} 1.080424
{txt}{space 4}_x2020m3 {c |}{col 14}{res}{space 2} 75.91114{col 26}{space 2} 16.81372{col 37}{space 1}    4.51{col 46}{space 3}0.000{col 54}{space 4} 41.70337{col 67}{space 3} 110.1189
{txt}{space 2}_x_t2020m3 {c |}{col 14}{res}{space 2} 2.609091{col 26}{space 2} 2.012674{col 37}{space 1}    1.30{col 46}{space 3}0.204{col 54}{space 4}-1.485726{col 67}{space 3} 6.703908
{txt}{space 7}_cons {c |}{col 14}{res}{space 2} 524.4487{col 26}{space 2} 12.92382{col 37}{space 1}   40.58{col 46}{space 3}0.000{col 54}{space 4}  498.155{col 67}{space 3} 550.7424
{txt}{hline 13}{c BT}{hline 11}{hline 11}{hline 9}{hline 8}{hline 13}{hline 12}


{col 20} Postintervention Linear Trend: 2020m3

Treated: _b[_t]+_b[_x_t2020m3]
{hline 13}{c TT}{hline 64}
Linear Trend {c |}{col 21}Coef. {col 29}Std. Err.{col 44}t{col 49}{col 59}[95% Conf. Interval]
{hline 13}{c +}{hline 64}
{col 1}     Treated{col 14}{c |}{res}{col 17}-.1846154{col 28} .8275898{col 38}   -0.22{col 46}   0.825{col 58} -1.86836{col 70} 1.499129
{txt}{hline 13}{c BT}{hline 64}
{p 0 4 2}
{txt}(note:  named style
v.small not found in class
gsize,  default attributes used)
{p_end}
{res}{txt}(note: file /workspace/output/figures/ITSA_csDMARD_delay_newey_psa.gph not found)
{res}{txt}(file /workspace/output/figures/ITSA_csDMARD_delay_newey_psa.gph saved)

{com}.         graph export "$projectdir/output/figures/ITSA_csDMARD_delay_newey_psa.svg", replace
{txt}(note: file /workspace/output/figures/ITSA_csDMARD_delay_newey_psa.svg not found)
(file /workspace/output/figures/ITSA_csDMARD_delay_newey_psa.svg written in SVG format)

{com}. actest, lag(18) 

{txt}Cumby-Huizinga test for autocorrelation (Breusch-Godfrey)
  H0: variable is MA process up to order q
  HA: serial correlation present at specified lags >q
{hline 41}{c TT}{hline 35}
  H0: q=0 (serially uncorrelated){col 42}{c |}  H0: q=specified lag-1
  HA: s.c. present at range specified{col 42}{c |}  HA: s.c. present at lag specified
{hline 11}{c TT}{hline 29}{c +}{hline 5}{c TT}{hline 29}
{col 5}lags{col 12}{c |}{col 19}chi2{col 29}df{col 36}p-val{col 42}{c |}{col 44}lag{col 48}{c |}{col 55}chi2{col 65}df{col 72}p-val
{hline 11}{c +}{hline 29}{c +}{hline 5}{c +}{hline 29}
{res}{col 2}  1{txt}{col 6}-{res}{col 7}  1{txt}{col 12}{c |}{res}{col 17}  0.455{col 30}1{col 35}0.5000{txt}{col 42}{c |}{res}{col 44}  1{txt}{col 48}{c |}{res}{col 53}  0.455{col 66}1{col 71}0.5000
{col 2}  1{txt}{col 6}-{res}{col 7}  2{txt}{col 12}{c |}{res}{col 17}  2.903{col 30}2{col 35}0.2342{txt}{col 42}{c |}{res}{col 44}  2{txt}{col 48}{c |}{res}{col 53}  2.168{col 66}1{col 71}0.1409
{col 2}  1{txt}{col 6}-{res}{col 7}  3{txt}{col 12}{c |}{res}{col 17}  4.692{col 30}3{col 35}0.1958{txt}{col 42}{c |}{res}{col 44}  3{txt}{col 48}{c |}{res}{col 53}  0.785{col 66}1{col 71}0.3755
{col 2}  1{txt}{col 6}-{res}{col 7}  4{txt}{col 12}{c |}{res}{col 17}  6.265{col 30}4{col 35}0.1802{txt}{col 42}{c |}{res}{col 44}  4{txt}{col 48}{c |}{res}{col 53}  3.105{col 66}1{col 71}0.0781
{col 2}  1{txt}{col 6}-{res}{col 7}  5{txt}{col 12}{c |}{res}{col 17}  7.683{col 30}5{col 35}0.1746{txt}{col 42}{c |}{res}{col 44}  5{txt}{col 48}{c |}{res}{col 53}  0.555{col 66}1{col 71}0.4562
{col 2}  1{txt}{col 6}-{res}{col 7}  6{txt}{col 12}{c |}{res}{col 17}  8.521{col 30}6{col 35}0.2024{txt}{col 42}{c |}{res}{col 44}  6{txt}{col 48}{c |}{res}{col 53}  1.131{col 66}1{col 71}0.2875
{col 2}  1{txt}{col 6}-{res}{col 7}  7{txt}{col 12}{c |}{res}{col 17}  9.967{col 30}7{col 35}0.1904{txt}{col 42}{c |}{res}{col 44}  7{txt}{col 48}{c |}{res}{col 53}  0.373{col 66}1{col 71}0.5411
{col 2}  1{txt}{col 6}-{res}{col 7}  8{txt}{col 12}{c |}{res}{col 17} 12.457{col 30}8{col 35}0.1319{txt}{col 42}{c |}{res}{col 44}  8{txt}{col 48}{c |}{res}{col 53}  0.057{col 66}1{txt}*{res}{col 71}0.8119
{col 2}  1{txt}{col 6}-{res}{col 7}  9{txt}{col 12}{c |}{res}{col 17} 13.596{col 30}9{col 35}0.1374{txt}{col 42}{c |}{res}{col 44}  9{txt}{col 48}{c |}{res}{col 53}  0.038{col 66}1{txt}*{res}{col 71}0.8456
{col 2}  1{txt}{col 6}-{res}{col 7} 10{txt}{col 12}{c |}{res}{col 17} 14.779{col 30}10{col 35}0.1403{txt}{col 42}{c |}{res}{col 44} 10{txt}{col 48}{c |}{res}{col 53}  0.059{col 66}1{txt}*{res}{col 71}0.8081
{col 2}  1{txt}{col 6}-{res}{col 7} 11{txt}{col 12}{c |}{res}{col 17} 15.376{col 30}11{col 35}0.1659{txt}{col 42}{c |}{res}{col 44} 11{txt}{col 48}{c |}{res}{col 53}  0.364{col 66}1{txt}*{res}{col 71}0.5465
{col 2}  1{txt}{col 6}-{res}{col 7} 12{txt}{col 12}{c |}{res}{col 17} 15.655{col 30}12{col 35}0.2076{txt}{col 42}{c |}{res}{col 44} 12{txt}{col 48}{c |}{res}{col 53}  0.073{col 66}1{col 71}0.7869
{col 2}  1{txt}{col 6}-{res}{col 7} 13{txt}{col 12}{c |}{res}{col 17} 17.609{col 30}13{col 35}0.1729{txt}{col 42}{c |}{res}{col 44} 13{txt}{col 48}{c |}{res}{col 53}  0.850{col 66}1{col 71}0.3566
{col 2}  1{txt}{col 6}-{res}{col 7} 14{txt}{col 12}{c |}{res}{col 17} 17.897{col 30}14{col 35}0.2115{txt}{col 42}{c |}{res}{col 44} 14{txt}{col 48}{c |}{res}{col 53}  0.210{col 66}1{txt}*{res}{col 71}0.6465
{col 2}  1{txt}{col 6}-{res}{col 7} 15{txt}{col 12}{c |}{res}{col 17} 18.058{col 30}15{col 35}0.2596{txt}{col 42}{c |}{res}{col 44} 15{txt}{col 48}{c |}{res}{col 53}  1.652{col 66}1{txt}*{res}{col 71}0.1986
{col 2}  1{txt}{col 6}-{res}{col 7} 16{txt}{col 12}{c |}{res}{col 17} 18.099{col 30}16{col 35}0.3181{txt}{col 42}{c |}{res}{col 44} 16{txt}{col 48}{c |}{res}{col 53}  0.241{col 66}1{col 71}0.6234
{col 2}  1{txt}{col 6}-{res}{col 7} 17{txt}{col 12}{c |}{res}{col 17} 21.410{col 30}17{col 35}0.2085{txt}{col 42}{c |}{res}{col 44} 17{txt}{col 48}{c |}{res}{col 53}  4.901{col 66}1{col 71}0.0268
{col 2}  1{txt}{col 6}-{res}{col 7} 18{txt}{col 12}{c |}{res}{col 17} 23.421{col 30}18{col 35}0.1749{txt}{col 42}{c |}{res}{col 44} 18{txt}{col 48}{c |}{res}{col 53}  0.374{col 66}1{txt}*{res}{col 71}0.5406
{txt}{hline 11}{c BT}{hline 29}{c BT}{hline 5}{c BT}{hline 29}
  Test allows predetermined regressors/instruments
  Test requires conditional homoskedasticity
  * Eigenvalues adjusted to make matrix positive semidefinite

{com}. 
. **Prais-Winsten 
. itsa p50_csdmard_delay if inrange(mo_year_diagn, tm(2019m3), tm(2022m3)), single trperiod(2020m3) replace prais rhotype(tscorr) vce(robust) figure(title("", size(small)) subtitle("", size(medsmall)) ytitle("Median time to csDMARD, days", size(medsmall) margin(small)) ylabel(, nogrid) xtitle("Date of diagnosis", size(medsmall) margin(medsmall)) xlabel(710 "Mar 2019" 716 "Sep 2019" 722 "Mar 2020" 728 "Sep 2020" 734 "Mar 2021" 740 "Sep 2021" 746 "Mar 2022", nogrid) note("", size(v.small))  legend(off) saving("$projectdir/output/figures/ITSA_csDMARD_delay_prais_psa.gph", replace)) posttrend 


{res}{txt}{col 9}time variable:  {res}{col 25}mo_year_diagn, 2019m3 to 2022m4
{txt}{col 17}delta:  {res}1 month

{txt}Iteration 0:  rho = {res}0.0000
{txt}Iteration 1:  rho = {res}-0.1104
{txt}Iteration 2:  rho = {res}-0.1122
{txt}Iteration 3:  rho = {res}-0.1122
{txt}Iteration 4:  rho = {res}-0.1122

{txt}Prais-Winsten AR(1) regression -- iterated estimates

Linear regression                               Number of obs     = {res}        37
                                                {txt}F(3, 33)          =  {res}     7.06
                                                {txt}Prob > F          = {res}    0.0009
                                                {txt}R-squared         = {res}    0.2778
                                                {txt}Root MSE          =    {res} 50.133

{txt}{hline 13}{c TT}{hline 11}{hline 11}{hline 9}{hline 8}{hline 13}{hline 12}
{col 14}{c |}{col 26}  Semirobust
{col 1}_p50_csdma~y{col 14}{c |}      Coef.{col 26}   Std. Err.{col 38}      t{col 46}   P>|t|{col 54}     [95% Con{col 67}f. Interval]
{hline 13}{c +}{hline 11}{hline 11}{hline 9}{hline 8}{hline 13}{hline 12}
{space 10}_t {c |}{col 14}{res}{space 2}-2.733802{col 26}{space 2} 3.215225{col 37}{space 1}   -0.85{col 46}{space 3}0.401{col 54}{space 4}-9.275227{col 67}{space 3} 3.807623
{txt}{space 4}_x2020m3 {c |}{col 14}{res}{space 2} 77.35672{col 26}{space 2} 26.07755{col 37}{space 1}    2.97{col 46}{space 3}0.006{col 54}{space 4} 24.30154{col 67}{space 3} 130.4119
{txt}{space 2}_x_t2020m3 {c |}{col 14}{res}{space 2} 2.491299{col 26}{space 2} 3.444831{col 37}{space 1}    0.72{col 46}{space 3}0.475{col 54}{space 4}-4.517261{col 67}{space 3}  9.49986
{txt}{space 7}_cons {c |}{col 14}{res}{space 2} 523.1553{col 26}{space 2} 24.33208{col 37}{space 1}   21.50{col 46}{space 3}0.000{col 54}{space 4} 473.6513{col 67}{space 3} 572.6593
{txt}{hline 13}{c +}{hline 11}{hline 11}{hline 9}{hline 8}{hline 13}{hline 12}
         rho {c |}  {res}-.1122127
{txt}{hline 13}{c BT}{hline 64}
Durbin-Watson statistic (original)    {res}2.174971
{txt}Durbin-Watson statistic (transformed) {res}2.009504


{txt}{col 20} Postintervention Linear Trend: 2020m3

Treated: _b[_t]+_b[_x_t2020m3]
{hline 13}{c TT}{hline 64}
Linear Trend {c |}{col 21}Coef. {col 29}Std. Err.{col 44}t{col 49}{col 59}[95% Conf. Interval]
{hline 13}{c +}{hline 64}
{col 1}     Treated{col 14}{c |}{res}{col 17}-.2425027{col 28} 1.312455{col 38}   -0.18{col 46}   0.855{col 58}-2.912713{col 70} 2.427708
{txt}{hline 13}{c BT}{hline 64}
{p 0 4 2}
{txt}(note:  named style
v.small not found in class
gsize,  default attributes used)
{p_end}
{res}{txt}(note: file /workspace/output/figures/ITSA_csDMARD_delay_prais_psa.gph not found)
{res}{txt}(file /workspace/output/figures/ITSA_csDMARD_delay_prais_psa.gph saved)

{com}.         graph export "$projectdir/output/figures/ITSA_csDMARD_delay_prais_psa.svg", replace     
{txt}(note: file /workspace/output/figures/ITSA_csDMARD_delay_prais_psa.svg not found)
(file /workspace/output/figures/ITSA_csDMARD_delay_prais_psa.svg written in SVG format)

{com}. restore
{txt}
{com}. 
. **Time from rheum appt to shared care MTX for RA patients (not including MTX high-cost drug) - may need to cut sooner to give sufficient time for DMARD
. preserve
{txt}
{com}. asdoc tabstat time_to_mtx if ra_code==1, by(mo_year_diagn) stat(count p50 p75 p25 mean sd) save($projectdir/output/tables/MTX_delay_RA.doc) dec(0)

{txt}Summary for variables: time_to_mtx
{col 6}by categories of: __000000 (mo_year_diagn)

{ralign 8:__000000} {...}
{c |}         N       p50       p75       p25      mean        sd
{hline 9}{c +}{hline 60}
{ralign 8:710} {...}
{c |}{...}
 {res}       23       720       927       369  658.3043  329.1132
{txt}{ralign 8:711} {...}
{c |}{...}
 {res}       37       429       769       192  477.7568  350.1419
{txt}{ralign 8:712} {...}
{c |}{...}
 {res}       31       643       875       280  587.0323  335.7997
{txt}{ralign 8:713} {...}
{c |}{...}
 {res}       32       652    1005.5     247.5  679.2188  427.7102
{txt}{ralign 8:714} {...}
{c |}{...}
 {res}       29       344       718       174  464.7931    346.57
{txt}{ralign 8:715} {...}
{c |}{...}
 {res}       38       480       703       261  526.9737  332.8371
{txt}{ralign 8:716} {...}
{c |}{...}
 {res}       48     498.5       882     266.5  579.0625  398.9724
{txt}{ralign 8:717} {...}
{c |}{...}
 {res}       48     654.5       920       401  675.7708  356.1679
{txt}{ralign 8:718} {...}
{c |}{...}
 {res}       32       562       971     461.5  667.5313  361.6652
{txt}{ralign 8:719} {...}
{c |}{...}
 {res}       34     545.5       787       300  550.3529  326.7647
{txt}{ralign 8:720} {...}
{c |}{...}
 {res}       36       529       812     245.5  548.3889  363.1866
{txt}{ralign 8:721} {...}
{c |}{...}
 {res}       37       629       975       332  645.3243  382.0156
{txt}{ralign 8:722} {...}
{c |}{...}
 {res}       38       635       805       266  581.9474  335.9753
{txt}{ralign 8:723} {...}
{c |}{...}
 {res}       43       633      1001       348  646.6977  359.9627
{txt}{ralign 8:724} {...}
{c |}{...}
 {res}       31       465       737       101  506.0968  382.8014
{txt}{ralign 8:725} {...}
{c |}{...}
 {res}       37       530       827       332  591.7297  318.7751
{txt}{ralign 8:726} {...}
{c |}{...}
 {res}       35       638       868       416  618.2286  314.9708
{txt}{ralign 8:727} {...}
{c |}{...}
 {res}       43       667       953       274  637.3953   376.206
{txt}{ralign 8:728} {...}
{c |}{...}
 {res}       44       554     861.5     311.5  586.5682  342.3251
{txt}{ralign 8:729} {...}
{c |}{...}
 {res}       34     602.5       959       304  632.4412  392.3734
{txt}{ralign 8:730} {...}
{c |}{...}
 {res}       47       565       843       410  601.1702  326.7973
{txt}{ralign 8:731} {...}
{c |}{...}
 {res}       34     531.5       908       378  633.4706  376.9588
{txt}{ralign 8:732} {...}
{c |}{...}
 {res}       50       615       802       315    610.72  356.4859
{txt}{ralign 8:733} {...}
{c |}{...}
 {res}       34       533       689       350  529.2353  279.0721
{txt}{ralign 8:734} {...}
{c |}{...}
 {res}       44       490     769.5     380.5  552.6136  301.9638
{txt}{ralign 8:735} {...}
{c |}{...}
 {res}       34       448       867       196  520.7059  386.8445
{txt}{ralign 8:736} {...}
{c |}{...}
 {res}       36       490     852.5     357.5  583.0833  326.5081
{txt}{ralign 8:737} {...}
{c |}{...}
 {res}       42     481.5       622       293  518.3095  338.8868
{txt}{ralign 8:738} {...}
{c |}{...}
 {res}       36     555.5     873.5     313.5  576.3333  349.1455
{txt}{ralign 8:739} {...}
{c |}{...}
 {res}       40     693.5     861.5     434.5   669.425  337.5556
{txt}{ralign 8:740} {...}
{c |}{...}
 {res}       41       710       911       428  656.4878  334.3002
{txt}{ralign 8:741} {...}
{c |}{...}
 {res}       38     658.5       898       420  671.1579  324.5246
{txt}{ralign 8:742} {...}
{c |}{...}
 {res}       38       582       983       253  615.5526  382.7718
{txt}{ralign 8:743} {...}
{c |}{...}
 {res}       53       553       720       198  527.0189  322.5067
{txt}{ralign 8:744} {...}
{c |}{...}
 {res}       39       842      1153       516  788.0769  383.3088
{txt}{ralign 8:745} {...}
{c |}{...}
 {res}       37       556       786       382  599.9459  335.2643
{txt}{ralign 8:746} {...}
{c |}{...}
 {res}       52     630.5       943     332.5  658.4808   386.624
{txt}{ralign 8:747} {...}
{c |}{...}
 {res}       13       578       916       382  641.7692  389.4546
{txt}{hline 9}{c +}{hline 60}
{ralign 8:Total} {...}
{c |}{...}
 {res}     1438       568       874       311  600.7851  353.9052
{txt}{hline 9}{c BT}{hline 60}
{res}{txt}(note: file /workspace/output/tables/MTX_delay_RA.doc not found)
{res}Click to Open File:  {browse "/workspace/output/tables/MTX_delay_RA.doc"}
{txt}
{com}. keep if time_to_mtx!=. & ra_code==1 //drop those with no rheum appt and/or MTX prescription
{txt}(30,927 observations deleted)

{com}. collapse (p50) p50_mtx_delay=time_to_mtx (p75) p75_mtx_delay=time_to_mtx (p25) p25_mtx_delay=time_to_mtx (mean) mean_mtx_delay=time_to_mtx (sd) sd_mtx_delay=time_to_mtx (count) n_mtx_delay=time_to_mtx, by(mo_year_diagn)
{txt}
{com}. 
. tsset mo_year_diagn
{res}{txt}{col 9}time variable:  {res}{col 25}mo_year_diagn, 2019m3 to 2022m4
{txt}{col 17}delta:  {res}1 month
{txt}
{com}. 
. **Newey Standard Errors with 6 lags
. itsa p50_mtx_delay if inrange(mo_year_diagn, tm(2019m3), tm(2022m3)), single trperiod(2020m3) lag(6) replace figure(title("", size(small)) subtitle("", size(medsmall)) ytitle("Median time to methotrexate, days", size(medsmall) margin(small)) ylabel(, nogrid) xtitle("Date of diagnosis", size(medsmall) margin(medsmall)) xlabel(710 "Mar 2019" 716 "Sep 2019" 722 "Mar 2020" 728 "Sep 2020" 734 "Mar 2021" 740 "Sep 2021" 746 "Mar 2022", nogrid) note("", size(v.small)) legend(off) saving("$projectdir/output/figures/ITSA_mtx_delay_newey_ra.gph", replace)) posttrend 


{res}{txt}{col 9}time variable:  {res}{col 25}mo_year_diagn, 2019m3 to 2022m4
{txt}{col 17}delta:  {res}1 month

{txt}Regression with Newey-West standard errors{col 49}Number of obs{col 67}= {res}        37
{txt}maximum lag: {res}6{col 49}{txt}F(  3,        33){col 67}= {res}      0.72
{col 49}{txt}Prob > F{col 67}= {res}    0.5454

{txt}{hline 13}{c TT}{hline 11}{hline 11}{hline 9}{hline 8}{hline 13}{hline 12}
{col 14}{c |}{col 26}  Newey-West
{col 1}_p50_mtx_d~y{col 14}{c |}      Coef.{col 26}   Std. Err.{col 38}      t{col 46}   P>|t|{col 54}     [95% Con{col 67}f. Interval]
{hline 13}{c +}{hline 11}{hline 11}{hline 9}{hline 8}{hline 13}{hline 12}
{space 10}_t {c |}{col 14}{res}{space 2}-.9912587{col 26}{space 2} 5.542221{col 37}{space 1}   -0.18{col 46}{space 3}0.859{col 54}{space 4}-12.26699{col 67}{space 3} 10.28447
{txt}{space 4}_x2020m3 {c |}{col 14}{res}{space 2}  3.89331{col 26}{space 2} 36.03077{col 37}{space 1}    0.11{col 46}{space 3}0.915{col 54}{space 4}-69.41184{col 67}{space 3} 77.19846
{txt}{space 2}_x_t2020m3 {c |}{col 14}{res}{space 2}  3.63472{col 26}{space 2} 6.308966{col 37}{space 1}    0.58{col 46}{space 3}0.568{col 54}{space 4}-9.200968{col 67}{space 3} 16.47041
{txt}{space 7}_cons {c |}{col 14}{res}{space 2} 562.6603{col 26}{space 2} 39.73984{col 37}{space 1}   14.16{col 46}{space 3}0.000{col 54}{space 4} 481.8089{col 67}{space 3} 643.5116
{txt}{hline 13}{c BT}{hline 11}{hline 11}{hline 9}{hline 8}{hline 13}{hline 12}


{col 20} Postintervention Linear Trend: 2020m3

Treated: _b[_t]+_b[_x_t2020m3]
{hline 13}{c TT}{hline 64}
Linear Trend {c |}{col 21}Coef. {col 29}Std. Err.{col 44}t{col 49}{col 59}[95% Conf. Interval]
{hline 13}{c +}{hline 64}
{col 1}     Treated{col 14}{c |}{res}{col 17} 2.643462{col 28} 2.069092{col 38}    1.28{col 46}   0.210{col 58}-1.566137{col 70}  6.85306
{txt}{hline 13}{c BT}{hline 64}
{p 0 4 2}
{txt}(note:  named style
v.small not found in class
gsize,  default attributes used)
{p_end}
{res}{txt}(note: file /workspace/output/figures/ITSA_mtx_delay_newey_ra.gph not found)
{res}{txt}(file /workspace/output/figures/ITSA_mtx_delay_newey_ra.gph saved)

{com}.         graph export "$projectdir/output/figures/ITSA_mtx_delay_newey_ra.svg", replace
{txt}(note: file /workspace/output/figures/ITSA_mtx_delay_newey_ra.svg not found)
(file /workspace/output/figures/ITSA_mtx_delay_newey_ra.svg written in SVG format)

{com}. actest, lag(18) 

{txt}Cumby-Huizinga test for autocorrelation (Breusch-Godfrey)
  H0: variable is MA process up to order q
  HA: serial correlation present at specified lags >q
{hline 41}{c TT}{hline 35}
  H0: q=0 (serially uncorrelated){col 42}{c |}  H0: q=specified lag-1
  HA: s.c. present at range specified{col 42}{c |}  HA: s.c. present at lag specified
{hline 11}{c TT}{hline 29}{c +}{hline 5}{c TT}{hline 29}
{col 5}lags{col 12}{c |}{col 19}chi2{col 29}df{col 36}p-val{col 42}{c |}{col 44}lag{col 48}{c |}{col 55}chi2{col 65}df{col 72}p-val
{hline 11}{c +}{hline 29}{c +}{hline 5}{c +}{hline 29}
{res}{col 2}  1{txt}{col 6}-{res}{col 7}  1{txt}{col 12}{c |}{res}{col 17}  0.054{col 30}1{col 35}0.8161{txt}{col 42}{c |}{res}{col 44}  1{txt}{col 48}{c |}{res}{col 53}  0.054{col 66}1{col 71}0.8161
{col 2}  1{txt}{col 6}-{res}{col 7}  2{txt}{col 12}{c |}{res}{col 17}  0.169{col 30}2{col 35}0.9190{txt}{col 42}{c |}{res}{col 44}  2{txt}{col 48}{c |}{res}{col 53}  0.109{col 66}1{col 71}0.7417
{col 2}  1{txt}{col 6}-{res}{col 7}  3{txt}{col 12}{c |}{res}{col 17}  0.169{col 30}3{col 35}0.9824{txt}{col 42}{c |}{res}{col 44}  3{txt}{col 48}{c |}{res}{col 53}  0.002{col 66}1{col 71}0.9654
{col 2}  1{txt}{col 6}-{res}{col 7}  4{txt}{col 12}{c |}{res}{col 17}  0.184{col 30}4{col 35}0.9960{txt}{col 42}{c |}{res}{col 44}  4{txt}{col 48}{c |}{res}{col 53}  0.009{col 66}1{col 71}0.9253
{col 2}  1{txt}{col 6}-{res}{col 7}  5{txt}{col 12}{c |}{res}{col 17}  0.357{col 30}5{col 35}0.9964{txt}{col 42}{c |}{res}{col 44}  5{txt}{col 48}{c |}{res}{col 53}  0.149{col 66}1{col 71}0.6999
{col 2}  1{txt}{col 6}-{res}{col 7}  6{txt}{col 12}{c |}{res}{col 17}  1.280{col 30}6{col 35}0.9728{txt}{col 42}{c |}{res}{col 44}  6{txt}{col 48}{c |}{res}{col 53}  0.766{col 66}1{col 71}0.3815
{col 2}  1{txt}{col 6}-{res}{col 7}  7{txt}{col 12}{c |}{res}{col 17}  2.565{col 30}7{col 35}0.9221{txt}{col 42}{c |}{res}{col 44}  7{txt}{col 48}{c |}{res}{col 53}  1.564{col 66}1{col 71}0.2111
{col 2}  1{txt}{col 6}-{res}{col 7}  8{txt}{col 12}{c |}{res}{col 17}  4.188{col 30}8{col 35}0.8398{txt}{col 42}{c |}{res}{col 44}  8{txt}{col 48}{c |}{res}{col 53}  1.308{col 66}1{col 71}0.2527
{col 2}  1{txt}{col 6}-{res}{col 7}  9{txt}{col 12}{c |}{res}{col 17}  4.984{col 30}9{col 35}0.8357{txt}{col 42}{c |}{res}{col 44}  9{txt}{col 48}{c |}{res}{col 53}  0.261{col 66}1{col 71}0.6093
{col 2}  1{txt}{col 6}-{res}{col 7} 10{txt}{col 12}{c |}{res}{col 17}  5.168{col 30}10{col 35}0.8796{txt}{col 42}{c |}{res}{col 44} 10{txt}{col 48}{c |}{res}{col 53}  0.014{col 66}1{col 71}0.9065
{col 2}  1{txt}{col 6}-{res}{col 7} 11{txt}{col 12}{c |}{res}{col 17}  5.701{col 30}11{col 35}0.8926{txt}{col 42}{c |}{res}{col 44} 11{txt}{col 48}{c |}{res}{col 53}  0.162{col 66}1{col 71}0.6873
{col 2}  1{txt}{col 6}-{res}{col 7} 12{txt}{col 12}{c |}{res}{col 17}  6.255{col 30}12{col 35}0.9027{txt}{col 42}{c |}{res}{col 44} 12{txt}{col 48}{c |}{res}{col 53}  0.192{col 66}1{col 71}0.6610
{col 2}  1{txt}{col 6}-{res}{col 7} 13{txt}{col 12}{c |}{res}{col 17}  6.554{col 30}13{col 35}0.9236{txt}{col 42}{c |}{res}{col 44} 13{txt}{col 48}{c |}{res}{col 53}  0.015{col 66}1{txt}*{res}{col 71}0.9040
{col 2}  1{txt}{col 6}-{res}{col 7} 14{txt}{col 12}{c |}{res}{col 17}  7.549{col 30}14{col 35}0.9115{txt}{col 42}{c |}{res}{col 44} 14{txt}{col 48}{c |}{res}{col 53}  0.053{col 66}1{txt}*{res}{col 71}0.8175
{col 2}  1{txt}{col 6}-{res}{col 7} 15{txt}{col 12}{c |}{res}{col 17} 11.081{col 30}15{col 35}0.7468{txt}{col 42}{c |}{res}{col 44} 15{txt}{col 48}{c |}{res}{col 53}  0.451{col 66}1{txt}*{res}{col 71}0.5020
{col 2}  1{txt}{col 6}-{res}{col 7} 16{txt}{col 12}{c |}{res}{col 17} 16.365{col 30}16{col 35}0.4278{txt}{col 42}{c |}{res}{col 44} 16{txt}{col 48}{c |}{res}{col 53}  0.500{col 66}1{txt}*{res}{col 71}0.4793
{col 2}  1{txt}{col 6}-{res}{col 7} 17{txt}{col 12}{c |}{res}{col 17} 16.615{col 30}17{col 35}0.4808{txt}{col 42}{c |}{res}{col 44} 17{txt}{col 48}{c |}{res}{col 53}  1.569{col 66}1{txt}*{res}{col 71}0.2104
{col 2}  1{txt}{col 6}-{res}{col 7} 18{txt}{col 12}{c |}{res}{col 17} 18.044{col 30}18{col 35}0.4527{txt}{col 42}{c |}{res}{col 44} 18{txt}{col 48}{c |}{res}{col 53}  0.095{col 66}1{txt}*{res}{col 71}0.7579
{txt}{hline 11}{c BT}{hline 29}{c BT}{hline 5}{c BT}{hline 29}
  Test allows predetermined regressors/instruments
  Test requires conditional homoskedasticity
  * Eigenvalues adjusted to make matrix positive semidefinite

{com}. 
. **Prais-Winsten 
. itsa p50_mtx_delay if inrange(mo_year_diagn, tm(2019m3), tm(2022m3)), single trperiod(2020m3) replace prais rhotype(tscorr) vce(robust) figure(title("", size(small)) subtitle("", size(medsmall)) ytitle("Median time to methotrexate, days", size(medsmall) margin(small)) ylabel(, nogrid) xtitle("Date of diagnosis", size(medsmall) margin(medsmall)) xlabel(710 "Mar 2019" 716 "Sep 2019" 722 "Mar 2020" 728 "Sep 2020" 734 "Mar 2021" 740 "Sep 2021" 746 "Mar 2022", nogrid) note("", size(v.small))  legend(off) saving("$projectdir/output/figures/ITSA_mtx_delay_prais_ra.gph", replace)) posttrend 


{res}{txt}{col 9}time variable:  {res}{col 25}mo_year_diagn, 2019m3 to 2022m4
{txt}{col 17}delta:  {res}1 month

{txt}Iteration 0:  rho = {res}0.0000
{txt}Iteration 1:  rho = {res}0.0380
{txt}Iteration 2:  rho = {res}0.0391
{txt}Iteration 3:  rho = {res}0.0391
{txt}Iteration 4:  rho = {res}0.0391
{txt}Iteration 5:  rho = {res}0.0391

{txt}Prais-Winsten AR(1) regression -- iterated estimates

Linear regression                               Number of obs     = {res}        37
                                                {txt}F(3, 33)          =  {res}     0.53
                                                {txt}Prob > F          = {res}    0.6649
                                                {txt}R-squared         = {res}    0.0651
                                                {txt}Root MSE          =    {res} 97.085

{txt}{hline 13}{c TT}{hline 11}{hline 11}{hline 9}{hline 8}{hline 13}{hline 12}
{col 14}{c |}{col 26}  Semirobust
{col 1}_p50_mtx_d~y{col 14}{c |}      Coef.{col 26}   Std. Err.{col 38}      t{col 46}   P>|t|{col 54}     [95% Con{col 67}f. Interval]
{hline 13}{c +}{hline 11}{hline 11}{hline 9}{hline 8}{hline 13}{hline 12}
{space 10}_t {c |}{col 14}{res}{space 2} -1.26099{col 26}{space 2}  9.69418{col 37}{space 1}   -0.13{col 46}{space 3}0.897{col 54}{space 4}-20.98395{col 67}{space 3} 18.46197
{txt}{space 4}_x2020m3 {c |}{col 14}{res}{space 2} 5.131341{col 26}{space 2} 58.70454{col 37}{space 1}    0.09{col 46}{space 3}0.931{col 54}{space 4}-114.3039{col 67}{space 3} 124.5666
{txt}{space 2}_x_t2020m3 {c |}{col 14}{res}{space 2} 3.906048{col 26}{space 2} 10.08828{col 37}{space 1}    0.39{col 46}{space 3}0.701{col 54}{space 4}-16.61872{col 67}{space 3} 24.43082
{txt}{space 7}_cons {c |}{col 14}{res}{space 2} 564.6636{col 26}{space 2} 78.63263{col 37}{space 1}    7.18{col 46}{space 3}0.000{col 54}{space 4} 404.6843{col 67}{space 3} 724.6429
{txt}{hline 13}{c +}{hline 11}{hline 11}{hline 9}{hline 8}{hline 13}{hline 12}
         rho {c |}  {res} .0391438
{txt}{hline 13}{c BT}{hline 64}
Durbin-Watson statistic (original)    {res}1.844007
{txt}Durbin-Watson statistic (transformed) {res}1.917390


{txt}{col 20} Postintervention Linear Trend: 2020m3

Treated: _b[_t]+_b[_x_t2020m3]
{hline 13}{c TT}{hline 64}
Linear Trend {c |}{col 21}Coef. {col 29}Std. Err.{col 44}t{col 49}{col 59}[95% Conf. Interval]
{hline 13}{c +}{hline 64}
{col 1}     Treated{col 14}{c |}{res}{col 17} 2.645057{col 28} 2.744275{col 38}    0.96{col 46}   0.342{col 58}-2.938213{col 70} 8.228327
{txt}{hline 13}{c BT}{hline 64}
{p 0 4 2}
{txt}(note:  named style
v.small not found in class
gsize,  default attributes used)
{p_end}
{res}{txt}(note: file /workspace/output/figures/ITSA_mtx_delay_prais_ra.gph not found)
{res}{txt}(file /workspace/output/figures/ITSA_mtx_delay_prais_ra.gph saved)

{com}.         graph export "$projectdir/output/figures/ITSA_mtx_delay_prais_ra.svg", replace  
{txt}(note: file /workspace/output/figures/ITSA_mtx_delay_prais_ra.svg not found)
(file /workspace/output/figures/ITSA_mtx_delay_prais_ra.svg written in SVG format)

{com}. restore
{txt}
{com}. 
. **Time from rheum appt to shared care MTX for PsA patients (not including MTX high-cost drug) - may need to cut sooner to give sufficient time for DMARD
. preserve
{txt}
{com}. asdoc tabstat time_to_mtx if psa_code==1, by(mo_year_diagn) stat(count p50 p75 p25 mean sd) save($projectdir/output/tables/MTX_delay_PsA.doc) dec(0)

{txt}Summary for variables: time_to_mtx
{col 6}by categories of: __000000 (mo_year_diagn)

{ralign 8:__000000} {...}
{c |}         N       p50       p75       p25      mean        sd
{hline 9}{c +}{hline 60}
{ralign 8:710} {...}
{c |}{...}
 {res}       35       490       784       275       573  369.0636
{txt}{ralign 8:711} {...}
{c |}{...}
 {res}       27       372       647       128  444.4074  372.3887
{txt}{ralign 8:712} {...}
{c |}{...}
 {res}       41       660       849       410  638.5122  359.1253
{txt}{ralign 8:713} {...}
{c |}{...}
 {res}       43       530       869       379  617.1628  316.6635
{txt}{ralign 8:714} {...}
{c |}{...}
 {res}       34     518.5       822       284  570.5882  359.0477
{txt}{ralign 8:715} {...}
{c |}{...}
 {res}       41       652       723       356  621.5366  360.1715
{txt}{ralign 8:716} {...}
{c |}{...}
 {res}       39       556       826       238  570.8718  378.9313
{txt}{ralign 8:717} {...}
{c |}{...}
 {res}       38       439       751       272  494.9474  322.2603
{txt}{ralign 8:718} {...}
{c |}{...}
 {res}       40     446.5       972     234.5    575.35  392.8017
{txt}{ralign 8:719} {...}
{c |}{...}
 {res}       34       584       967       186  592.3529   413.022
{txt}{ralign 8:720} {...}
{c |}{...}
 {res}       37       598       910       360  633.8649   359.315
{txt}{ralign 8:721} {...}
{c |}{...}
 {res}       32       561     842.5     370.5  610.4375  321.3673
{txt}{ralign 8:722} {...}
{c |}{...}
 {res}       40     595.5     907.5     269.5    606.95    349.93
{txt}{ralign 8:723} {...}
{c |}{...}
 {res}       41       633       868       414  635.6829  361.8418
{txt}{ralign 8:724} {...}
{c |}{...}
 {res}       31       573       952       404  616.8065  348.9623
{txt}{ralign 8:725} {...}
{c |}{...}
 {res}       52     623.5       894       381  624.7115  355.2224
{txt}{ralign 8:726} {...}
{c |}{...}
 {res}       42       568       949       327  622.6667  366.7925
{txt}{ralign 8:727} {...}
{c |}{...}
 {res}       33       589       924       363  637.6364  369.4511
{txt}{ralign 8:728} {...}
{c |}{...}
 {res}       34     640.5       877       313  658.9706  363.2184
{txt}{ralign 8:729} {...}
{c |}{...}
 {res}       33       581       750       333  588.6667  315.0206
{txt}{ralign 8:730} {...}
{c |}{...}
 {res}       36       720       988     355.5  661.8611  384.0447
{txt}{ralign 8:731} {...}
{c |}{...}
 {res}       31       423       634       275  481.6452  297.8175
{txt}{ralign 8:732} {...}
{c |}{...}
 {res}       42     654.5       812       395  645.8095  356.3582
{txt}{ralign 8:733} {...}
{c |}{...}
 {res}       26     588.5       837       147  549.8462  362.8099
{txt}{ralign 8:734} {...}
{c |}{...}
 {res}       41       564       929       314   623.878  377.0098
{txt}{ralign 8:735} {...}
{c |}{...}
 {res}       38     446.5       818       226  510.1053  340.3604
{txt}{ralign 8:736} {...}
{c |}{...}
 {res}       33       694       964       405  688.7576  391.7967
{txt}{ralign 8:737} {...}
{c |}{...}
 {res}       43       602       843       332  598.2558  352.9925
{txt}{ralign 8:738} {...}
{c |}{...}
 {res}       26     678.5       809       365  616.6538  301.1384
{txt}{ralign 8:739} {...}
{c |}{...}
 {res}       38       605       826       255  587.4211  350.0007
{txt}{ralign 8:740} {...}
{c |}{...}
 {res}       42       535       850       271  574.5476  370.2459
{txt}{ralign 8:741} {...}
{c |}{...}
 {res}       29       570       845       379  602.8276  297.7952
{txt}{ralign 8:742} {...}
{c |}{...}
 {res}       35       677       996       459  719.2857  346.1892
{txt}{ralign 8:743} {...}
{c |}{...}
 {res}       36       588     886.5       309  592.0833  342.5359
{txt}{ralign 8:744} {...}
{c |}{...}
 {res}       36       674       943     426.5  669.8889  384.4441
{txt}{ralign 8:745} {...}
{c |}{...}
 {res}       33       516       818       400  616.6061  326.7268
{txt}{ralign 8:746} {...}
{c |}{...}
 {res}       49       665       890       389  650.9388  328.5499
{txt}{ralign 8:747} {...}
{c |}{...}
 {res}       19       790      1122       241  755.1053  425.2266
{txt}{hline 9}{c +}{hline 60}
{ralign 8:Total} {...}
{c |}{...}
 {res}     1380       579       877     325.5  607.6804  355.2801
{txt}{hline 9}{c BT}{hline 60}
{res}{txt}(note: file /workspace/output/tables/MTX_delay_PsA.doc not found)
{res}Click to Open File:  {browse "/workspace/output/tables/MTX_delay_PsA.doc"}
{txt}
{com}. keep if time_to_mtx!=. & psa_code==1 //drop those with no rheum appt and/or mtx prescription
{txt}(30,985 observations deleted)

{com}. collapse (p50) p50_mtx_delay=time_to_mtx (p75) p75_mtx_delay=time_to_mtx (p25) p25_mtx_delay=time_to_mtx (mean) mean_mtx_delay=time_to_mtx (sd) sd_mtx_delay=time_to_mtx (count) n_mtx_delay=time_to_mtx, by(mo_year_diagn)
{txt}
{com}. 
. tsset mo_year_diagn
{res}{txt}{col 9}time variable:  {res}{col 25}mo_year_diagn, 2019m3 to 2022m4
{txt}{col 17}delta:  {res}1 month
{txt}
{com}. 
. **Newey Standard Errors with 6 lags
. itsa p50_mtx_delay if inrange(mo_year_diagn, tm(2019m3), tm(2022m3)), single trperiod(2020m3) lag(6) replace figure(title("", size(small)) subtitle("", size(medsmall)) ytitle("Median time to methotrexate, days", size(medsmall) margin(small)) ylabel(, nogrid) xtitle("Date of diagnosis", size(medsmall) margin(medsmall)) xlabel(710 "Mar 2019" 716 "Sep 2019" 722 "Mar 2020" 728 "Sep 2020" 734 "Mar 2021" 740 "Sep 2021" 746 "Mar 2022", nogrid) note("", size(v.small)) legend(off) saving("$projectdir/output/figures/ITSA_mtx_delay_newey_psa.gph", replace)) posttrend 


{res}{txt}{col 9}time variable:  {res}{col 25}mo_year_diagn, 2019m3 to 2022m4
{txt}{col 17}delta:  {res}1 month

{txt}Regression with Newey-West standard errors{col 49}Number of obs{col 67}= {res}        37
{txt}maximum lag: {res}6{col 49}{txt}F(  3,        33){col 67}= {res}      8.79
{col 49}{txt}Prob > F{col 67}= {res}    0.0002

{txt}{hline 13}{c TT}{hline 11}{hline 11}{hline 9}{hline 8}{hline 13}{hline 12}
{col 14}{c |}{col 26}  Newey-West
{col 1}_p50_mtx_d~y{col 14}{c |}      Coef.{col 26}   Std. Err.{col 38}      t{col 46}   P>|t|{col 54}     [95% Con{col 67}f. Interval]
{hline 13}{c +}{hline 11}{hline 11}{hline 9}{hline 8}{hline 13}{hline 12}
{space 10}_t {c |}{col 14}{res}{space 2} 5.353147{col 26}{space 2} 3.871244{col 37}{space 1}    1.38{col 46}{space 3}0.176{col 54}{space 4}-2.522958{col 67}{space 3} 13.22925
{txt}{space 4}_x2020m3 {c |}{col 14}{res}{space 2} 24.34634{col 26}{space 2} 26.71407{col 37}{space 1}    0.91{col 46}{space 3}0.369{col 54}{space 4}-30.00384{col 67}{space 3} 78.69652
{txt}{space 2}_x_t2020m3 {c |}{col 14}{res}{space 2}-4.759685{col 26}{space 2} 3.956046{col 37}{space 1}   -1.20{col 46}{space 3}0.237{col 54}{space 4}-12.80832{col 67}{space 3} 3.288951
{txt}{space 7}_cons {c |}{col 14}{res}{space 2} 504.4744{col 26}{space 2} 25.88843{col 37}{space 1}   19.49{col 46}{space 3}0.000{col 54}{space 4}  451.804{col 67}{space 3} 557.1448
{txt}{hline 13}{c BT}{hline 11}{hline 11}{hline 9}{hline 8}{hline 13}{hline 12}


{col 20} Postintervention Linear Trend: 2020m3

Treated: _b[_t]+_b[_x_t2020m3]
{hline 13}{c TT}{hline 64}
Linear Trend {c |}{col 21}Coef. {col 29}Std. Err.{col 44}t{col 49}{col 59}[95% Conf. Interval]
{hline 13}{c +}{hline 64}
{col 1}     Treated{col 14}{c |}{res}{col 17} .5934615{col 28} .6654655{col 38}    0.89{col 46}   0.379{col 58}-.7604382{col 70} 1.947361
{txt}{hline 13}{c BT}{hline 64}
{p 0 4 2}
{txt}(note:  named style
v.small not found in class
gsize,  default attributes used)
{p_end}
{res}{txt}(note: file /workspace/output/figures/ITSA_mtx_delay_newey_psa.gph not found)
{res}{txt}(file /workspace/output/figures/ITSA_mtx_delay_newey_psa.gph saved)

{com}.         graph export "$projectdir/output/figures/ITSA_mtx_delay_newey_psa.svg", replace
{txt}(note: file /workspace/output/figures/ITSA_mtx_delay_newey_psa.svg not found)
(file /workspace/output/figures/ITSA_mtx_delay_newey_psa.svg written in SVG format)

{com}. actest, lag(18) 

{txt}Cumby-Huizinga test for autocorrelation (Breusch-Godfrey)
  H0: variable is MA process up to order q
  HA: serial correlation present at specified lags >q
{hline 41}{c TT}{hline 35}
  H0: q=0 (serially uncorrelated){col 42}{c |}  H0: q=specified lag-1
  HA: s.c. present at range specified{col 42}{c |}  HA: s.c. present at lag specified
{hline 11}{c TT}{hline 29}{c +}{hline 5}{c TT}{hline 29}
{col 5}lags{col 12}{c |}{col 19}chi2{col 29}df{col 36}p-val{col 42}{c |}{col 44}lag{col 48}{c |}{col 55}chi2{col 65}df{col 72}p-val
{hline 11}{c +}{hline 29}{c +}{hline 5}{c +}{hline 29}
{res}{col 2}  1{txt}{col 6}-{res}{col 7}  1{txt}{col 12}{c |}{res}{col 17}  4.321{col 30}1{col 35}0.0376{txt}{col 42}{c |}{res}{col 44}  1{txt}{col 48}{c |}{res}{col 53}  4.321{col 66}1{col 71}0.0376
{col 2}  1{txt}{col 6}-{res}{col 7}  2{txt}{col 12}{c |}{res}{col 17}  5.023{col 30}2{col 35}0.0811{txt}{col 42}{c |}{res}{col 44}  2{txt}{col 48}{c |}{res}{col 53}  0.011{col 66}1{col 71}0.9149
{col 2}  1{txt}{col 6}-{res}{col 7}  3{txt}{col 12}{c |}{res}{col 17}  7.094{col 30}3{col 35}0.0690{txt}{col 42}{c |}{res}{col 44}  3{txt}{col 48}{c |}{res}{col 53}  0.781{col 66}1{col 71}0.3769
{col 2}  1{txt}{col 6}-{res}{col 7}  4{txt}{col 12}{c |}{res}{col 17}  7.307{col 30}4{col 35}0.1205{txt}{col 42}{c |}{res}{col 44}  4{txt}{col 48}{c |}{res}{col 53}  0.210{col 66}1{txt}*{res}{col 71}0.6465
{col 2}  1{txt}{col 6}-{res}{col 7}  5{txt}{col 12}{c |}{res}{col 17}  9.690{col 30}5{col 35}0.0845{txt}{col 42}{c |}{res}{col 44}  5{txt}{col 48}{c |}{res}{col 53}  1.047{col 66}1{col 71}0.3062
{col 2}  1{txt}{col 6}-{res}{col 7}  6{txt}{col 12}{c |}{res}{col 17} 10.303{col 30}6{col 35}0.1125{txt}{col 42}{c |}{res}{col 44}  6{txt}{col 48}{c |}{res}{col 53}  0.294{col 66}1{col 71}0.5876
{col 2}  1{txt}{col 6}-{res}{col 7}  7{txt}{col 12}{c |}{res}{col 17} 11.167{col 30}7{col 35}0.1315{txt}{col 42}{c |}{res}{col 44}  7{txt}{col 48}{c |}{res}{col 53}  0.063{col 66}1{col 71}0.8020
{col 2}  1{txt}{col 6}-{res}{col 7}  8{txt}{col 12}{c |}{res}{col 17} 11.299{col 30}8{col 35}0.1853{txt}{col 42}{c |}{res}{col 44}  8{txt}{col 48}{c |}{res}{col 53}  0.416{col 66}1{txt}*{res}{col 71}0.5189
{col 2}  1{txt}{col 6}-{res}{col 7}  9{txt}{col 12}{c |}{res}{col 17} 11.613{col 30}9{col 35}0.2360{txt}{col 42}{c |}{res}{col 44}  9{txt}{col 48}{c |}{res}{col 53}  0.082{col 66}1{col 71}0.7746
{col 2}  1{txt}{col 6}-{res}{col 7} 10{txt}{col 12}{c |}{res}{col 17} 11.617{col 30}10{col 35}0.3115{txt}{col 42}{c |}{res}{col 44} 10{txt}{col 48}{c |}{res}{col 53}  0.364{col 66}1{col 71}0.5466
{col 2}  1{txt}{col 6}-{res}{col 7} 11{txt}{col 12}{c |}{res}{col 17} 12.281{col 30}11{col 35}0.3429{txt}{col 42}{c |}{res}{col 44} 11{txt}{col 48}{c |}{res}{col 53}  0.544{col 66}1{col 71}0.4606
{col 2}  1{txt}{col 6}-{res}{col 7} 12{txt}{col 12}{c |}{res}{col 17} 14.904{col 30}12{col 35}0.2468{txt}{col 42}{c |}{res}{col 44} 12{txt}{col 48}{c |}{res}{col 53}  0.454{col 66}1{col 71}0.5004
{col 2}  1{txt}{col 6}-{res}{col 7} 13{txt}{col 12}{c |}{res}{col 17} 17.406{col 30}13{col 35}0.1814{txt}{col 42}{c |}{res}{col 44} 13{txt}{col 48}{c |}{res}{col 53}  0.002{col 66}1{txt}*{res}{col 71}0.9672
{col 2}  1{txt}{col 6}-{res}{col 7} 14{txt}{col 12}{c |}{res}{col 17} 17.511{col 30}14{col 35}0.2299{txt}{col 42}{c |}{res}{col 44} 14{txt}{col 48}{c |}{res}{col 53}  1.349{col 66}1{txt}*{res}{col 71}0.2455
{col 2}  1{txt}{col 6}-{res}{col 7} 15{txt}{col 12}{c |}{res}{col 17} 18.847{col 30}15{col 35}0.2207{txt}{col 42}{c |}{res}{col 44} 15{txt}{col 48}{c |}{res}{col 53}  0.433{col 66}1{col 71}0.5107
{col 2}  1{txt}{col 6}-{res}{col 7} 16{txt}{col 12}{c |}{res}{col 17} 20.420{col 30}16{col 35}0.2019{txt}{col 42}{c |}{res}{col 44} 16{txt}{col 48}{c |}{res}{col 53}  0.001{col 66}1{txt}*{res}{col 71}0.9800
{col 2}  1{txt}{col 6}-{res}{col 7} 17{txt}{col 12}{c |}{res}{col 17} 21.141{col 30}17{col 35}0.2200{txt}{col 42}{c |}{res}{col 44} 17{txt}{col 48}{c |}{res}{col 53}  0.630{col 66}1{txt}*{res}{col 71}0.4273
{col 2}  1{txt}{col 6}-{res}{col 7} 18{txt}{col 12}{c |}{res}{col 17} 23.084{col 30}18{col 35}0.1874{txt}{col 42}{c |}{res}{col 44} 18{txt}{col 48}{c |}{res}{col 53}  0.997{col 66}1{col 71}0.3180
{txt}{hline 11}{c BT}{hline 29}{c BT}{hline 5}{c BT}{hline 29}
  Test allows predetermined regressors/instruments
  Test requires conditional homoskedasticity
  * Eigenvalues adjusted to make matrix positive semidefinite

{com}. 
. **Prais-Winsten 
. itsa p50_mtx_delay if inrange(mo_year_diagn, tm(2019m3), tm(2022m3)), single trperiod(2020m3) replace prais rhotype(tscorr) vce(robust) figure(title("", size(small)) subtitle("", size(medsmall)) ytitle("Median time to methotrexate, days", size(medsmall) margin(small)) ylabel(, nogrid) xtitle("Date of diagnosis", size(medsmall) margin(medsmall)) xlabel(710 "Mar 2019" 716 "Sep 2019" 722 "Mar 2020" 728 "Sep 2020" 734 "Mar 2021" 740 "Sep 2021" 746 "Mar 2022", nogrid) note("", size(v.small))  legend(off) saving("$projectdir/output/figures/ITSA_mtx_delay_prais_psa.gph", replace)) posttrend 


{res}{txt}{col 9}time variable:  {res}{col 25}mo_year_diagn, 2019m3 to 2022m4
{txt}{col 17}delta:  {res}1 month

{txt}Iteration 0:  rho = {res}0.0000
{txt}Iteration 1:  rho = {res}-0.3384
{txt}Iteration 2:  rho = {res}-0.3389
{txt}Iteration 3:  rho = {res}-0.3389

{txt}Prais-Winsten AR(1) regression -- iterated estimates

Linear regression                               Number of obs     = {res}        37
                                                {txt}F(3, 33)          =  {res}     2.94
                                                {txt}Prob > F          = {res}    0.0477
                                                {txt}R-squared         = {res}    0.4684
                                                {txt}Root MSE          =    {res} 73.227

{txt}{hline 13}{c TT}{hline 11}{hline 11}{hline 9}{hline 8}{hline 13}{hline 12}
{col 14}{c |}{col 26}  Semirobust
{col 1}_p50_mtx_d~y{col 14}{c |}      Coef.{col 26}   Std. Err.{col 38}      t{col 46}   P>|t|{col 54}     [95% Con{col 67}f. Interval]
{hline 13}{c +}{hline 11}{hline 11}{hline 9}{hline 8}{hline 13}{hline 12}
{space 10}_t {c |}{col 14}{res}{space 2} 5.206423{col 26}{space 2} 5.559833{col 37}{space 1}    0.94{col 46}{space 3}0.356{col 54}{space 4}-6.105141{col 67}{space 3} 16.51799
{txt}{space 4}_x2020m3 {c |}{col 14}{res}{space 2} 26.00213{col 26}{space 2} 38.39624{col 37}{space 1}    0.68{col 46}{space 3}0.503{col 54}{space 4} -52.1156{col 67}{space 3} 104.1199
{txt}{space 2}_x_t2020m3 {c |}{col 14}{res}{space 2} -4.75607{col 26}{space 2} 5.592466{col 37}{space 1}   -0.85{col 46}{space 3}0.401{col 54}{space 4}-16.13403{col 67}{space 3} 6.621887
{txt}{space 7}_cons {c |}{col 14}{res}{space 2} 505.6636{col 26}{space 2} 41.86599{col 37}{space 1}   12.08{col 46}{space 3}0.000{col 54}{space 4} 420.4866{col 67}{space 3} 590.8406
{txt}{hline 13}{c +}{hline 11}{hline 11}{hline 9}{hline 8}{hline 13}{hline 12}
         rho {c |}  {res}-.3389471
{txt}{hline 13}{c BT}{hline 64}
Durbin-Watson statistic (original)    {res}2.659189
{txt}Durbin-Watson statistic (transformed) {res}2.105003


{txt}{col 20} Postintervention Linear Trend: 2020m3

Treated: _b[_t]+_b[_x_t2020m3]
{hline 13}{c TT}{hline 64}
Linear Trend {c |}{col 21}Coef. {col 29}Std. Err.{col 44}t{col 49}{col 59}[95% Conf. Interval]
{hline 13}{c +}{hline 64}
{col 1}     Treated{col 14}{c |}{res}{col 17} .4503532{col 28} 1.007242{col 38}    0.45{col 46}   0.658{col 58}-1.598895{col 70} 2.499602
{txt}{hline 13}{c BT}{hline 64}
{p 0 4 2}
{txt}(note:  named style
v.small not found in class
gsize,  default attributes used)
{p_end}
{res}{txt}(note: file /workspace/output/figures/ITSA_mtx_delay_prais_psa.gph not found)
{res}{txt}(file /workspace/output/figures/ITSA_mtx_delay_prais_psa.gph saved)

{com}.         graph export "$projectdir/output/figures/ITSA_mtx_delay_prais_psa.svg", replace 
{txt}(note: file /workspace/output/figures/ITSA_mtx_delay_prais_psa.svg not found)
(file /workspace/output/figures/ITSA_mtx_delay_prais_psa.svg written in SVG format)

{com}. restore
{txt}
{com}. 
. **Time from rheum appt to biologic for all EIA patients (data available to 2020-11-27) - for patients who have at least 12 months of follow-up post-diagnosis
. preserve
{txt}
{com}. asdoc tabstat time_to_biologic if has_12m_follow_up==1, by(mo_year_diagn) stat(count p50 p75 p25 mean sd) save($projectdir/output/tables/Biol_delay_all.doc) dec(0)

{txt}Summary for variables: time_to_biologic
{col 6}by categories of: __000000 (mo_year_diagn)

{ralign 8:__000000} {...}
{c |}         N       p50       p75       p25      mean        sd
{hline 9}{c +}{hline 60}
{ralign 8:710} {...}
{c |}{...}
 {res}      445       430       686       243  478.9034   308.059
{txt}{ralign 8:711} {...}
{c |}{...}
 {res}      488     390.5       615       188  443.0738  317.2417
{txt}{ralign 8:712} {...}
{c |}{...}
 {res}      466       435       657       216  471.7489  308.8198
{txt}{ralign 8:713} {...}
{c |}{...}
 {res}      460       403       649       191  457.1457  314.6884
{txt}{ralign 8:714} {...}
{c |}{...}
 {res}      456     382.5     671.5       186  457.9496  322.8491
{txt}{ralign 8:715} {...}
{c |}{...}
 {res}      458       382       661       211  452.4236  312.9224
{txt}{ralign 8:716} {...}
{c |}{...}
 {res}      462       366       670       198  455.8203  327.6484
{txt}{ralign 8:717} {...}
{c |}{...}
 {res}      471       389       672       191  454.3652  312.6627
{txt}{ralign 8:718} {...}
{c |}{...}
 {res}      443       392       682       222  462.9255  304.4064
{txt}{ralign 8:719} {...}
{c |}{...}
 {res}      487       411       667       204  461.2279  312.8055
{txt}{ralign 8:720} {...}
{c |}{...}
 {res}      487       390       666       194  452.1889  327.9109
{txt}{ralign 8:721} {...}
{c |}{...}
 {res}      423       410       656       209  467.7069  320.2798
{txt}{ralign 8:722} {...}
{c |}{...}
 {res}      486       375       671       178  447.0412  327.7788
{txt}{ralign 8:723} {...}
{c |}{...}
 {res}      508     432.5       697       202  478.3268  331.9015
{txt}{ralign 8:724} {...}
{c |}{...}
 {res}      509       396       677       226  461.0491  309.4238
{txt}{ralign 8:725} {...}
{c |}{...}
 {res}      468       401       650     186.5  447.3889    310.43
{txt}{ralign 8:726} {...}
{c |}{...}
 {res}      494       426       653       206  463.3441  321.1137
{txt}{ralign 8:727} {...}
{c |}{...}
 {res}      461       425       664       236  467.0759  300.7527
{txt}{ralign 8:728} {...}
{c |}{...}
 {res}      432       399     664.5       232  469.9051  309.4965
{txt}{ralign 8:729} {...}
{c |}{...}
 {res}      486       391       644       184  447.2901  318.5256
{txt}{ralign 8:730} {...}
{c |}{...}
 {res}      436     427.5       674     222.5  469.5138  298.8814
{txt}{ralign 8:731} {...}
{c |}{...}
 {res}      446     403.5       663       203  452.8408  308.1265
{txt}{ralign 8:732} {...}
{c |}{...}
 {res}      540       394       657       204  455.3204  313.3645
{txt}{ralign 8:733} {...}
{c |}{...}
 {res}      429       385       628       218  454.9277  315.1132
{txt}{ralign 8:734} {...}
{c |}{...}
 {res}      487       403       658       191  462.0595  322.6439
{txt}{ralign 8:735} {...}
{c |}{...}
 {res}      451       401       682       208  466.0798  323.8267
{txt}{ralign 8:736} {...}
{c |}{...}
 {res}      451       415       667       231  474.6563  320.5537
{txt}{ralign 8:737} {...}
{c |}{...}
 {res}      473       369       657       185  439.6702  313.0494
{txt}{ralign 8:738} {...}
{c |}{...}
 {res}      458     416.5       640       197  453.0328  317.3346
{txt}{ralign 8:739} {...}
{c |}{...}
 {res}      423       429       659       220  467.8298  323.9235
{txt}{ralign 8:740} {...}
{c |}{...}
 {res}      466       394       678       184  465.1845  328.0843
{txt}{ralign 8:741} {...}
{c |}{...}
 {res}      501       389       671       200  464.3972  328.2062
{txt}{ralign 8:742} {...}
{c |}{...}
 {res}      455       426       713       220  485.2703  322.3134
{txt}{ralign 8:743} {...}
{c |}{...}
 {res}      479       412       677       221  471.1441  319.0719
{txt}{ralign 8:744} {...}
{c |}{...}
 {res}      440       404     621.5       232  465.4909   305.374
{txt}{ralign 8:745} {...}
{c |}{...}
 {res}      393       386       644       193  446.5242  319.0331
{txt}{ralign 8:746} {...}
{c |}{...}
 {res}      439       401       664       213  466.9157  323.4577
{txt}{ralign 8:747} {...}
{c |}{...}
 {res}      278       426       665       205  465.8921  306.2361
{txt}{hline 9}{c +}{hline 60}
{ralign 8:Total} {...}
{c |}{...}
 {res}    17435       401       663       207  461.0149  316.6909
{txt}{hline 9}{c BT}{hline 60}
{res}{txt}(note: file /workspace/output/tables/Biol_delay_all.doc not found)
{res}Click to Open File:  {browse "/workspace/output/tables/Biol_delay_all.doc"}
{txt}
{com}. keep if time_to_biologic!=. & has_12m_follow_up==1 //drop those with no rheum appt and/or biologic prescription
{txt}(14,930 observations deleted)

{com}. collapse (p50) p50_biologic_delay=time_to_biologic (p75) p75_biologic_delay=time_to_biologic (p25) p25_biologic_delay=time_to_biologic (mean) mean_biologic_delay=time_to_biologic (sd) sd_biologic_delay=time_to_biologic (count) n_biologic_delay=time_to_biologic, by(mo_year_diagn)
{txt}
{com}. 
. tsset mo_year_diagn
{res}{txt}{col 9}time variable:  {res}{col 25}mo_year_diagn, 2019m3 to 2022m4
{txt}{col 17}delta:  {res}1 month
{txt}
{com}. 
. **Newey Standard Errors with 6 lags
. itsa p50_biologic_delay if inrange(mo_year_diagn, tm(2019m3), tm(2020m11)), single trperiod(2020m3) lag(6) replace figure(title("", size(small)) subtitle("", size(medsmall)) ytitle("Median time to biologic, days", size(medsmall) margin(small)) ylabel(, nogrid) xtitle("Date of diagnosis", size(medsmall) margin(medsmall)) xlabel(710 "Mar 2019" 716 "Sep 2019" 722 "Mar 2020" 728 "Sep 2020" 734 "Mar 2021" 740 "Sep 2021" 746 "Mar 2022", nogrid) note("", size(v.small)) legend(off) saving("$projectdir/output/figures/ITSA_biologic_delay_newey_all.gph", replace)) posttrend 


{res}{txt}{col 9}time variable:  {res}{col 25}mo_year_diagn, 2019m3 to 2022m4
{txt}{col 17}delta:  {res}1 month

{txt}Regression with Newey-West standard errors{col 49}Number of obs{col 67}= {res}        21
{txt}maximum lag: {res}6{col 49}{txt}F(  3,        17){col 67}= {res}      2.56
{col 49}{txt}Prob > F{col 67}= {res}    0.0892

{txt}{hline 13}{c TT}{hline 11}{hline 11}{hline 9}{hline 8}{hline 13}{hline 12}
{col 14}{c |}{col 26}  Newey-West
{col 1}_p50_biolo~y{col 14}{c |}      Coef.{col 26}   Std. Err.{col 38}      t{col 46}   P>|t|{col 54}     [95% Con{col 67}f. Interval]
{hline 13}{c +}{hline 11}{hline 11}{hline 9}{hline 8}{hline 13}{hline 12}
{space 10}_t {c |}{col 14}{res}{space 2}-1.552448{col 26}{space 2} 1.600844{col 37}{space 1}   -0.97{col 46}{space 3}0.346{col 54}{space 4}-4.929932{col 67}{space 3} 1.825037
{txt}{space 4}_x2020m3 {c |}{col 14}{res}{space 2} 12.08535{col 26}{space 2}  14.9415{col 37}{space 1}    0.81{col 46}{space 3}0.430{col 54}{space 4}-19.43846{col 67}{space 3} 43.60916
{txt}{space 2}_x_t2020m3 {c |}{col 14}{res}{space 2} 3.477448{col 26}{space 2} 1.851168{col 37}{space 1}    1.88{col 46}{space 3}0.078{col 54}{space 4} -.428176{col 67}{space 3} 7.383071
{txt}{space 7}_cons {c |}{col 14}{res}{space 2} 406.9551{col 26}{space 2} 10.25469{col 37}{space 1}   39.68{col 46}{space 3}0.000{col 54}{space 4} 385.3196{col 67}{space 3} 428.5906
{txt}{hline 13}{c BT}{hline 11}{hline 11}{hline 9}{hline 8}{hline 13}{hline 12}


{col 20} Postintervention Linear Trend: 2020m3

Treated: _b[_t]+_b[_x_t2020m3]
{hline 13}{c TT}{hline 64}
Linear Trend {c |}{col 21}Coef. {col 29}Std. Err.{col 44}t{col 49}{col 59}[95% Conf. Interval]
{hline 13}{c +}{hline 64}
{col 1}     Treated{col 14}{c |}{res}{col 17}    1.925{col 28} 1.504473{col 38}    1.28{col 46}   0.218{col 58} -1.24916{col 70}  5.09916
{txt}{hline 13}{c BT}{hline 64}
{p 0 4 2}
{txt}(note:  named style
v.small not found in class
gsize,  default attributes used)
{p_end}
{res}{txt}(note: file /workspace/output/figures/ITSA_biologic_delay_newey_all.gph not found)
{res}{txt}(file /workspace/output/figures/ITSA_biologic_delay_newey_all.gph saved)

{com}.         graph export "$projectdir/output/figures/ITSA_biologic_delay_newey_all.svg", replace
{txt}(note: file /workspace/output/figures/ITSA_biologic_delay_newey_all.svg not found)
(file /workspace/output/figures/ITSA_biologic_delay_newey_all.svg written in SVG format)

{com}. actest, lag(18) 

{txt}Cumby-Huizinga test for autocorrelation (Breusch-Godfrey)
  H0: variable is MA process up to order q
  HA: serial correlation present at specified lags >q
{hline 41}{c TT}{hline 35}
  H0: q=0 (serially uncorrelated){col 42}{c |}  H0: q=specified lag-1
  HA: s.c. present at range specified{col 42}{c |}  HA: s.c. present at lag specified
{hline 11}{c TT}{hline 29}{c +}{hline 5}{c TT}{hline 29}
{col 5}lags{col 12}{c |}{col 19}chi2{col 29}df{col 36}p-val{col 42}{c |}{col 44}lag{col 48}{c |}{col 55}chi2{col 65}df{col 72}p-val
{hline 11}{c +}{hline 29}{c +}{hline 5}{c +}{hline 29}
{res}{col 2}  1{txt}{col 6}-{res}{col 7}  1{txt}{col 12}{c |}{res}{col 17}  0.726{col 30}1{col 35}0.3943{txt}{col 42}{c |}{res}{col 44}  1{txt}{col 48}{c |}{res}{col 53}  0.726{col 66}1{col 71}0.3943
{col 2}  1{txt}{col 6}-{res}{col 7}  2{txt}{col 12}{c |}{res}{col 17}  0.934{col 30}2{col 35}0.6269{txt}{col 42}{c |}{res}{col 44}  2{txt}{col 48}{c |}{res}{col 53}  0.336{col 66}1{col 71}0.5621
{col 2}  1{txt}{col 6}-{res}{col 7}  3{txt}{col 12}{c |}{res}{col 17}  1.216{col 30}3{col 35}0.7492{txt}{col 42}{c |}{res}{col 44}  3{txt}{col 48}{c |}{res}{col 53}  0.471{col 66}1{col 71}0.4923
{col 2}  1{txt}{col 6}-{res}{col 7}  4{txt}{col 12}{c |}{res}{col 17}  2.207{col 30}4{col 35}0.6977{txt}{col 42}{c |}{res}{col 44}  4{txt}{col 48}{c |}{res}{col 53}  0.143{col 66}1{col 71}0.7050
{col 2}  1{txt}{col 6}-{res}{col 7}  5{txt}{col 12}{c |}{res}{col 17}  5.450{col 30}5{col 35}0.3634{txt}{col 42}{c |}{res}{col 44}  5{txt}{col 48}{c |}{res}{col 53}  0.896{col 66}1{col 71}0.3437
{col 2}  1{txt}{col 6}-{res}{col 7}  6{txt}{col 12}{c |}{res}{col 17}  6.886{col 30}6{col 35}0.3316{txt}{col 42}{c |}{res}{col 44}  6{txt}{col 48}{c |}{res}{col 53}  0.180{col 66}1{col 71}0.6710
{col 2}  1{txt}{col 6}-{res}{col 7}  7{txt}{col 12}{c |}{res}{col 17}  7.153{col 30}7{col 35}0.4132{txt}{col 42}{c |}{res}{col 44}  7{txt}{col 48}{c |}{res}{col 53}  0.179{col 66}1{col 71}0.6727
{col 2}  1{txt}{col 6}-{res}{col 7}  8{txt}{col 12}{c |}{res}{col 17}  7.328{col 30}8{col 35}0.5017{txt}{col 42}{c |}{res}{col 44}  8{txt}{col 48}{c |}{res}{col 53}  0.238{col 66}1{col 71}0.6257
{col 2}  1{txt}{col 6}-{res}{col 7}  9{txt}{col 12}{c |}{res}{col 17}  7.351{col 30}9{col 35}0.6006{txt}{col 42}{c |}{res}{col 44}  9{txt}{col 48}{c |}{res}{col 53}  0.401{col 66}1{col 71}0.5265
{col 2}  1{txt}{col 6}-{res}{col 7} 10{txt}{col 12}{c |}{res}{col 17} 15.066{col 30}10{col 35}0.1297{txt}{col 42}{c |}{res}{col 44} 10{txt}{col 48}{c |}{res}{col 53}  2.320{col 66}1{col 71}0.1277
{col 2}  1{txt}{col 6}-{res}{col 7} 11{txt}{col 12}{c |}{res}{col 17} 15.722{col 30}11{col 35}0.1518{txt}{col 42}{c |}{res}{col 44} 11{txt}{col 48}{c |}{res}{col 53}  1.386{col 66}1{txt}*{res}{col 71}0.2391
{col 2}  1{txt}{col 6}-{res}{col 7} 12{txt}{col 12}{c |}{res}{col 17} 15.725{col 30}12{col 35}0.2041{txt}{col 42}{c |}{res}{col 44} 12{txt}{col 48}{c |}{res}{col 53}  2.127{col 66}1{col 71}0.1447
{col 2}  1{txt}{col 6}-{res}{col 7} 13{txt}{col 12}{c |}{res}{col 17} 16.160{col 30}13{col 35}0.2406{txt}{col 42}{c |}{res}{col 44} 13{txt}{col 48}{c |}{res}{col 53}  1.655{col 66}1{txt}*{res}{col 71}0.1982
{col 2}  1{txt}{col 6}-{res}{col 7} 14{txt}{col 12}{c |}{res}{col 17} 18.548{col 30}14{col 35}0.1830{txt}{col 42}{c |}{res}{col 44} 14{txt}{col 48}{c |}{res}{col 53}  0.558{col 66}1{col 71}0.4551
{col 2}  1{txt}{col 6}-{res}{col 7} 15{txt}{col 12}{c |}{res}{col 17} 18.860{col 30}15{col 35}0.2201{txt}{col 42}{c |}{res}{col 44} 15{txt}{col 48}{c |}{res}{col 53}  0.091{col 66}1{col 71}0.7627
{col 2}  1{txt}{col 6}-{res}{col 7} 16{txt}{col 12}{c |}{res}{col 17} 19.924{col 30}16{col 35}0.2236{txt}{col 42}{c |}{res}{col 44} 16{txt}{col 48}{c |}{res}{col 53}  0.246{col 66}1{col 71}0.6196
{col 2}  1{txt}{col 6}-{res}{col 7} 17{txt}{col 12}{c |}{res}{col 17} 21.000{col 30}17{col 35}0.2263{txt}{col 42}{c |}{res}{col 44} 17{txt}{col 48}{c |}{res}{col 53}  0.040{col 66}1{col 71}0.8420
{col 2}  1{txt}{col 6}-{res}{col 7} 18{txt}{col 12}{c |}{res}{col 17} 21.000{col 30}18{txt}*{res}{col 35}0.2794{txt}{col 42}{c |}{res}{col 44} 18{txt}{col 48}{c |}{res}{col 53}  0.283{col 66}1{col 71}0.5946
{txt}{hline 11}{c BT}{hline 29}{c BT}{hline 5}{c BT}{hline 29}
  Test allows predetermined regressors/instruments
  Test requires conditional homoskedasticity
  * Eigenvalues adjusted to make matrix positive semidefinite

{com}. 
. **Prais-Winsten 
. itsa p50_biologic_delay if inrange(mo_year_diagn, tm(2019m3), tm(2020m11)), single trperiod(2020m3) replace prais rhotype(tscorr) vce(robust) figure(title("", size(small)) subtitle("", size(medsmall)) ytitle("Median time to biologic, days", size(medsmall) margin(small)) ylabel(, nogrid) xtitle("Date of diagnosis", size(medsmall) margin(medsmall)) xlabel(710 "Mar 2019" 716 "Sep 2019" 722 "Mar 2020" 728 "Sep 2020" 734 "Mar 2021" 740 "Sep 2021" 746 "Mar 2022", nogrid) note("", size(v.small))  legend(off) saving("$projectdir/output/figures/ITSA_biologic_delay_prais_all.gph", replace)) posttrend 


{res}{txt}{col 9}time variable:  {res}{col 25}mo_year_diagn, 2019m3 to 2022m4
{txt}{col 17}delta:  {res}1 month

{txt}Iteration 0:  rho = {res}0.0000
{txt}Iteration 1:  rho = {res}-0.1777
{txt}Iteration 2:  rho = {res}-0.2097
{txt}Iteration 3:  rho = {res}-0.2134
{txt}Iteration 4:  rho = {res}-0.2138
{txt}Iteration 5:  rho = {res}-0.2139
{txt}Iteration 6:  rho = {res}-0.2139
{txt}Iteration 7:  rho = {res}-0.2139

{txt}Prais-Winsten AR(1) regression -- iterated estimates

Linear regression                               Number of obs     = {res}        21
                                                {txt}F(3, 17)          =  {res}     1.54
                                                {txt}Prob > F          = {res}    0.2417
                                                {txt}R-squared         = {res}    0.4252
                                                {txt}Root MSE          =    {res} 20.075

{txt}{hline 13}{c TT}{hline 11}{hline 11}{hline 9}{hline 8}{hline 13}{hline 12}
{col 14}{c |}{col 26}  Semirobust
{col 1}_p50_biolo~y{col 14}{c |}      Coef.{col 26}   Std. Err.{col 38}      t{col 46}   P>|t|{col 54}     [95% Con{col 67}f. Interval]
{hline 13}{c +}{hline 11}{hline 11}{hline 9}{hline 8}{hline 13}{hline 12}
{space 10}_t {c |}{col 14}{res}{space 2}-1.676204{col 26}{space 2} 1.449567{col 37}{space 1}   -1.16{col 46}{space 3}0.264{col 54}{space 4}-4.734524{col 67}{space 3} 1.382116
{txt}{space 4}_x2020m3 {c |}{col 14}{res}{space 2} 17.43669{col 26}{space 2} 14.85704{col 37}{space 1}    1.17{col 46}{space 3}0.257{col 54}{space 4}-13.90892{col 67}{space 3}  48.7823
{txt}{space 2}_x_t2020m3 {c |}{col 14}{res}{space 2} 2.838743{col 26}{space 2} 2.670647{col 37}{space 1}    1.06{col 46}{space 3}0.303{col 54}{space 4} -2.79583{col 67}{space 3} 8.473317
{txt}{space 7}_cons {c |}{col 14}{res}{space 2} 406.6794{col 26}{space 2} 10.02006{col 37}{space 1}   40.59{col 46}{space 3}0.000{col 54}{space 4} 385.5389{col 67}{space 3} 427.8199
{txt}{hline 13}{c +}{hline 11}{hline 11}{hline 9}{hline 8}{hline 13}{hline 12}
         rho {c |}  {res}-.2138734
{txt}{hline 13}{c BT}{hline 64}
Durbin-Watson statistic (original)    {res}2.262153
{txt}Durbin-Watson statistic (transformed) {res}1.884625


{txt}{col 20} Postintervention Linear Trend: 2020m3

Treated: _b[_t]+_b[_x_t2020m3]
{hline 13}{c TT}{hline 64}
Linear Trend {c |}{col 21}Coef. {col 29}Std. Err.{col 44}t{col 49}{col 59}[95% Conf. Interval]
{hline 13}{c +}{hline 64}
{col 1}     Treated{col 14}{c |}{res}{col 17} 1.162539{col 28} 2.252601{col 38}    0.52{col 46}   0.612{col 58}-3.590034{col 70} 5.915112
{txt}{hline 13}{c BT}{hline 64}
{p 0 4 2}
{txt}(note:  named style
v.small not found in class
gsize,  default attributes used)
{p_end}
{res}{txt}(note: file /workspace/output/figures/ITSA_biologic_delay_prais_all.gph not found)
{res}{txt}(file /workspace/output/figures/ITSA_biologic_delay_prais_all.gph saved)

{com}.         graph export "$projectdir/output/figures/ITSA_biologic_delay_prais_all.svg", replace    
{txt}(note: file /workspace/output/figures/ITSA_biologic_delay_prais_all.svg not found)
(file /workspace/output/figures/ITSA_biologic_delay_prais_all.svg written in SVG format)

{com}. restore
{txt}
{com}. 
. **Time from rheum appt to biologic for RA patients
. preserve
{txt}
{com}. asdoc tabstat time_to_biologic if ra_code==1 & has_12m_follow_up==1, by(mo_year_diagn) stat(count p50 p75 p25 mean sd) save($projectdir/output/tables/Biol_delay_ra.doc) dec(0)

{txt}Summary for variables: time_to_biologic
{col 6}by categories of: __000000 (mo_year_diagn)

{ralign 8:__000000} {...}
{c |}         N       p50       p75       p25      mean        sd
{hline 9}{c +}{hline 60}
{ralign 8:710} {...}
{c |}{...}
 {res}      131       478       715       243  491.2595   314.109
{txt}{ralign 8:711} {...}
{c |}{...}
 {res}      155       400       705       183  466.3548  344.3842
{txt}{ralign 8:712} {...}
{c |}{...}
 {res}      156       433     701.5     227.5  481.1474  300.9042
{txt}{ralign 8:713} {...}
{c |}{...}
 {res}      149       390       648       194  457.9933  313.0794
{txt}{ralign 8:714} {...}
{c |}{...}
 {res}      137       412       697       207  484.7007  323.7003
{txt}{ralign 8:715} {...}
{c |}{...}
 {res}      165       399       679       263  475.3576  315.5493
{txt}{ralign 8:716} {...}
{c |}{...}
 {res}      166       343       688       195  453.4639  335.9349
{txt}{ralign 8:717} {...}
{c |}{...}
 {res}      165       373       604       189  423.5879  293.9344
{txt}{ralign 8:718} {...}
{c |}{...}
 {res}      144       398       684       222  457.8194   284.317
{txt}{ralign 8:719} {...}
{c |}{...}
 {res}      164       442       701       236  487.9268   329.075
{txt}{ralign 8:720} {...}
{c |}{...}
 {res}      170       414       679       195  453.4882  326.5294
{txt}{ralign 8:721} {...}
{c |}{...}
 {res}      141       363       627       205  444.9504  312.6054
{txt}{ralign 8:722} {...}
{c |}{...}
 {res}      148     405.5     746.5     175.5  490.2905  366.4688
{txt}{ralign 8:723} {...}
{c |}{...}
 {res}      162       428       700       207  474.3704   336.868
{txt}{ralign 8:724} {...}
{c |}{...}
 {res}      167       437       726       220  480.8084  318.8928
{txt}{ralign 8:725} {...}
{c |}{...}
 {res}      136       422     616.5       216  447.8309  295.7172
{txt}{ralign 8:726} {...}
{c |}{...}
 {res}      143       416       653       188  444.4336  318.7951
{txt}{ralign 8:727} {...}
{c |}{...}
 {res}      159       422       682       225  468.8239   320.762
{txt}{ralign 8:728} {...}
{c |}{...}
 {res}      148     413.5       731       221  491.1824  324.0485
{txt}{ralign 8:729} {...}
{c |}{...}
 {res}      159       385       755       188  468.5912  348.5041
{txt}{ralign 8:730} {...}
{c |}{...}
 {res}      137       380       673       201  445.7226  297.9703
{txt}{ralign 8:731} {...}
{c |}{...}
 {res}      146       425       717       212  479.5411  330.2486
{txt}{ralign 8:732} {...}
{c |}{...}
 {res}      177       394       672       213  461.6102  316.2886
{txt}{ralign 8:733} {...}
{c |}{...}
 {res}      144     390.5     616.5       213  460.0556  318.5163
{txt}{ralign 8:734} {...}
{c |}{...}
 {res}      160     387.5       719     192.5  471.8062  337.5156
{txt}{ralign 8:735} {...}
{c |}{...}
 {res}      155       382       668       216  466.9097  327.6913
{txt}{ralign 8:736} {...}
{c |}{...}
 {res}      150     424.5       715       258  511.8067  327.9561
{txt}{ralign 8:737} {...}
{c |}{...}
 {res}      163       386       679       209  465.6196   317.976
{txt}{ralign 8:738} {...}
{c |}{...}
 {res}      151       358       594       159  423.9801  327.2837
{txt}{ralign 8:739} {...}
{c |}{...}
 {res}      152       423     656.5     210.5  464.5921  335.9999
{txt}{ralign 8:740} {...}
{c |}{...}
 {res}      168       380     682.5     170.5  456.1429  335.0945
{txt}{ralign 8:741} {...}
{c |}{...}
 {res}      166     390.5       704       217  480.1867   330.686
{txt}{ralign 8:742} {...}
{c |}{...}
 {res}      157       370       767       187  481.9108  342.5296
{txt}{ralign 8:743} {...}
{c |}{...}
 {res}      164       386     643.5       217  453.2805  302.1442
{txt}{ralign 8:744} {...}
{c |}{...}
 {res}      142       448       705       279  515.1056  327.6812
{txt}{ralign 8:745} {...}
{c |}{...}
 {res}      147       351       635       193  438.4558  318.2386
{txt}{ralign 8:746} {...}
{c |}{...}
 {res}      164     426.5       704     239.5  488.4939  326.0693
{txt}{ralign 8:747} {...}
{c |}{...}
 {res}       75       396       619       280  473.5733  303.9266
{txt}{hline 9}{c +}{hline 60}
{ralign 8:Total} {...}
{c |}{...}
 {res}     5783       400       679       210   467.819    322.81
{txt}{hline 9}{c BT}{hline 60}
{res}{txt}(note: file /workspace/output/tables/Biol_delay_ra.doc not found)
{res}Click to Open File:  {browse "/workspace/output/tables/Biol_delay_ra.doc"}
{txt}
{com}. keep if time_to_biologic!=. & has_12m_follow_up==1 & ra_code==1 //drop those with no rheum appt and/or biologic prescription
{txt}(26,582 observations deleted)

{com}. collapse (p50) p50_biologic_delay=time_to_biologic (p75) p75_biologic_delay=time_to_biologic (p25) p25_biologic_delay=time_to_biologic (mean) mean_biologic_delay=time_to_biologic (sd) sd_biologic_delay=time_to_biologic (count) n_biologic_delay=time_to_biologic, by(mo_year_diagn)
{txt}
{com}. 
. tsset mo_year_diagn
{res}{txt}{col 9}time variable:  {res}{col 25}mo_year_diagn, 2019m3 to 2022m4
{txt}{col 17}delta:  {res}1 month
{txt}
{com}. 
. **Newey Standard Errors with 6 lags
. itsa p50_biologic_delay if inrange(mo_year_diagn, tm(2019m3), tm(2020m11)), single trperiod(2020m3) lag(6) replace figure(title("", size(small)) subtitle("", size(medsmall)) ytitle("Median time to biologic, days", size(medsmall) margin(small)) ylabel(, nogrid) xtitle("Date of diagnosis", size(medsmall) margin(medsmall)) xlabel(710 "Mar 2019" 716 "Sep 2019" 722 "Mar 2020" 728 "Sep 2020" 734 "Mar 2021" 740 "Sep 2021" 746 "Mar 2022", nogrid) note("", size(v.small)) legend(off) saving("$projectdir/output/figures/ITSA_biologic_delay_newey_ra.gph", replace)) posttrend 


{res}{txt}{col 9}time variable:  {res}{col 25}mo_year_diagn, 2019m3 to 2022m4
{txt}{col 17}delta:  {res}1 month

{txt}Regression with Newey-West standard errors{col 49}Number of obs{col 67}= {res}        21
{txt}maximum lag: {res}6{col 49}{txt}F(  3,        17){col 67}= {res}      2.42
{col 49}{txt}Prob > F{col 67}= {res}    0.1014

{txt}{hline 13}{c TT}{hline 11}{hline 11}{hline 9}{hline 8}{hline 13}{hline 12}
{col 14}{c |}{col 26}  Newey-West
{col 1}_p50_biolo~y{col 14}{c |}      Coef.{col 26}   Std. Err.{col 38}      t{col 46}   P>|t|{col 54}     [95% Con{col 67}f. Interval]
{hline 13}{c +}{hline 11}{hline 11}{hline 9}{hline 8}{hline 13}{hline 12}
{space 10}_t {c |}{col 14}{res}{space 2}-4.227273{col 26}{space 2} 2.289138{col 37}{space 1}   -1.85{col 46}{space 3}0.082{col 54}{space 4}-9.056931{col 67}{space 3} .6023855
{txt}{space 4}_x2020m3 {c |}{col 14}{res}{space 2} 54.37172{col 26}{space 2} 21.50714{col 37}{space 1}    2.53{col 46}{space 3}0.022{col 54}{space 4} 8.995628{col 67}{space 3} 99.74781
{txt}{space 2}_x_t2020m3 {c |}{col 14}{res}{space 2}-.4060606{col 26}{space 2} 2.628832{col 37}{space 1}   -0.15{col 46}{space 3}0.879{col 54}{space 4}-5.952412{col 67}{space 3} 5.140291
{txt}{space 7}_cons {c |}{col 14}{res}{space 2}      427{col 26}{space 2} 14.89279{col 37}{space 1}   28.67{col 46}{space 3}0.000{col 54}{space 4}  395.579{col 67}{space 3}  458.421
{txt}{hline 13}{c BT}{hline 11}{hline 11}{hline 9}{hline 8}{hline 13}{hline 12}


{col 20} Postintervention Linear Trend: 2020m3

Treated: _b[_t]+_b[_x_t2020m3]
{hline 13}{c TT}{hline 64}
Linear Trend {c |}{col 21}Coef. {col 29}Std. Err.{col 44}t{col 49}{col 59}[95% Conf. Interval]
{hline 13}{c +}{hline 64}
{col 1}     Treated{col 14}{c |}{res}{col 17}-4.633333{col 28} 2.015252{col 38}   -2.30{col 46}   0.034{col 58}-8.885143{col 70}-.3815233
{txt}{hline 13}{c BT}{hline 64}
{p 0 4 2}
{txt}(note:  named style
v.small not found in class
gsize,  default attributes used)
{p_end}
{res}{txt}(note: file /workspace/output/figures/ITSA_biologic_delay_newey_ra.gph not found)
{res}{txt}(file /workspace/output/figures/ITSA_biologic_delay_newey_ra.gph saved)

{com}.         graph export "$projectdir/output/figures/ITSA_biologic_delay_newey_ra.svg", replace
{txt}(note: file /workspace/output/figures/ITSA_biologic_delay_newey_ra.svg not found)
(file /workspace/output/figures/ITSA_biologic_delay_newey_ra.svg written in SVG format)

{com}. actest, lag(18) 

{txt}Cumby-Huizinga test for autocorrelation (Breusch-Godfrey)
  H0: variable is MA process up to order q
  HA: serial correlation present at specified lags >q
{hline 41}{c TT}{hline 35}
  H0: q=0 (serially uncorrelated){col 42}{c |}  H0: q=specified lag-1
  HA: s.c. present at range specified{col 42}{c |}  HA: s.c. present at lag specified
{hline 11}{c TT}{hline 29}{c +}{hline 5}{c TT}{hline 29}
{col 5}lags{col 12}{c |}{col 19}chi2{col 29}df{col 36}p-val{col 42}{c |}{col 44}lag{col 48}{c |}{col 55}chi2{col 65}df{col 72}p-val
{hline 11}{c +}{hline 29}{c +}{hline 5}{c +}{hline 29}
{res}{col 2}  1{txt}{col 6}-{res}{col 7}  1{txt}{col 12}{c |}{res}{col 17}  0.422{col 30}1{col 35}0.5162{txt}{col 42}{c |}{res}{col 44}  1{txt}{col 48}{c |}{res}{col 53}  0.422{col 66}1{col 71}0.5162
{col 2}  1{txt}{col 6}-{res}{col 7}  2{txt}{col 12}{c |}{res}{col 17}  1.099{col 30}2{col 35}0.5771{txt}{col 42}{c |}{res}{col 44}  2{txt}{col 48}{c |}{res}{col 53}  0.527{col 66}1{col 71}0.4680
{col 2}  1{txt}{col 6}-{res}{col 7}  3{txt}{col 12}{c |}{res}{col 17}  5.055{col 30}3{col 35}0.1678{txt}{col 42}{c |}{res}{col 44}  3{txt}{col 48}{c |}{res}{col 53}  4.309{col 66}1{col 71}0.0379
{col 2}  1{txt}{col 6}-{res}{col 7}  4{txt}{col 12}{c |}{res}{col 17}  5.607{col 30}4{col 35}0.2305{txt}{col 42}{c |}{res}{col 44}  4{txt}{col 48}{c |}{res}{col 53}  0.214{col 66}1{col 71}0.6437
{col 2}  1{txt}{col 6}-{res}{col 7}  5{txt}{col 12}{c |}{res}{col 17}  5.664{col 30}5{col 35}0.3403{txt}{col 42}{c |}{res}{col 44}  5{txt}{col 48}{c |}{res}{col 53}  0.514{col 66}1{col 71}0.4733
{col 2}  1{txt}{col 6}-{res}{col 7}  6{txt}{col 12}{c |}{res}{col 17} 10.917{col 30}6{col 35}0.0910{txt}{col 42}{c |}{res}{col 44}  6{txt}{col 48}{c |}{res}{col 53}  0.468{col 66}1{col 71}0.4940
{col 2}  1{txt}{col 6}-{res}{col 7}  7{txt}{col 12}{c |}{res}{col 17} 12.066{col 30}7{col 35}0.0984{txt}{col 42}{c |}{res}{col 44}  7{txt}{col 48}{c |}{res}{col 53}  0.064{col 66}1{col 71}0.8003
{col 2}  1{txt}{col 6}-{res}{col 7}  8{txt}{col 12}{c |}{res}{col 17} 12.070{col 30}8{col 35}0.1481{txt}{col 42}{c |}{res}{col 44}  8{txt}{col 48}{c |}{res}{col 53}  0.016{col 66}1{txt}*{res}{col 71}0.8990
{col 2}  1{txt}{col 6}-{res}{col 7}  9{txt}{col 12}{c |}{res}{col 17} 12.108{col 30}9{col 35}0.2073{txt}{col 42}{c |}{res}{col 44}  9{txt}{col 48}{c |}{res}{col 53}  0.537{col 66}1{col 71}0.4638
{col 2}  1{txt}{col 6}-{res}{col 7} 10{txt}{col 12}{c |}{res}{col 17} 15.793{col 30}10{col 35}0.1057{txt}{col 42}{c |}{res}{col 44} 10{txt}{col 48}{c |}{res}{col 53}  0.003{col 66}1{col 71}0.9597
{col 2}  1{txt}{col 6}-{res}{col 7} 11{txt}{col 12}{c |}{res}{col 17} 17.499{col 30}11{col 35}0.0940{txt}{col 42}{c |}{res}{col 44} 11{txt}{col 48}{c |}{res}{col 53}  0.757{col 66}1{col 71}0.3841
{col 2}  1{txt}{col 6}-{res}{col 7} 12{txt}{col 12}{c |}{res}{col 17} 17.560{col 30}12{col 35}0.1297{txt}{col 42}{c |}{res}{col 44} 12{txt}{col 48}{c |}{res}{col 53}  0.699{col 66}1{col 71}0.4032
{col 2}  1{txt}{col 6}-{res}{col 7} 13{txt}{col 12}{c |}{res}{col 17} 17.598{col 30}13{col 35}0.1734{txt}{col 42}{c |}{res}{col 44} 13{txt}{col 48}{c |}{res}{col 53}  0.203{col 66}1{txt}*{res}{col 71}0.6523
{col 2}  1{txt}{col 6}-{res}{col 7} 14{txt}{col 12}{c |}{res}{col 17} 18.016{col 30}14{col 35}0.2060{txt}{col 42}{c |}{res}{col 44} 14{txt}{col 48}{c |}{res}{col 53}  0.453{col 66}1{col 71}0.5009
{col 2}  1{txt}{col 6}-{res}{col 7} 15{txt}{col 12}{c |}{res}{col 17} 20.881{col 30}15{col 35}0.1407{txt}{col 42}{c |}{res}{col 44} 15{txt}{col 48}{c |}{res}{col 53}  0.016{col 66}1{col 71}0.9006
{col 2}  1{txt}{col 6}-{res}{col 7} 16{txt}{col 12}{c |}{res}{col 17} 20.903{col 30}16{col 35}0.1823{txt}{col 42}{c |}{res}{col 44} 16{txt}{col 48}{c |}{res}{col 53}  0.038{col 66}1{col 71}0.8452
{col 2}  1{txt}{col 6}-{res}{col 7} 17{txt}{col 12}{c |}{res}{col 17} 21.000{col 30}17{col 35}0.2263{txt}{col 42}{c |}{res}{col 44} 17{txt}{col 48}{c |}{res}{col 53}  0.160{col 66}1{col 71}0.6890
{col 2}  1{txt}{col 6}-{res}{col 7} 18{txt}{col 12}{c |}{res}{col 17} 21.000{col 30}18{txt}*{res}{col 35}0.2794{txt}{col 42}{c |}{res}{col 44} 18{txt}{col 48}{c |}{res}{col 53}  0.264{col 66}1{col 71}0.6070
{txt}{hline 11}{c BT}{hline 29}{c BT}{hline 5}{c BT}{hline 29}
  Test allows predetermined regressors/instruments
  Test requires conditional homoskedasticity
  * Eigenvalues adjusted to make matrix positive semidefinite

{com}. 
. **Prais-Winsten 
. itsa p50_biologic_delay if inrange(mo_year_diagn, tm(2019m3), tm(2020m11)), single trperiod(2020m3) replace prais rhotype(tscorr) vce(robust) figure(title("", size(small)) subtitle("", size(medsmall)) ytitle("Median time to biologic, days", size(medsmall) margin(small)) ylabel(, nogrid) xtitle("Date of diagnosis", size(medsmall) margin(medsmall)) xlabel(710 "Mar 2019" 716 "Sep 2019" 722 "Mar 2020" 728 "Sep 2020" 734 "Mar 2021" 740 "Sep 2021" 746 "Mar 2022", nogrid) note("", size(v.small))  legend(off) saving("$projectdir/output/figures/ITSA_biologic_delay_prais_ra.gph", replace)) posttrend 


{res}{txt}{col 9}time variable:  {res}{col 25}mo_year_diagn, 2019m3 to 2022m4
{txt}{col 17}delta:  {res}1 month

{txt}Iteration 0:  rho = {res}0.0000
{txt}Iteration 1:  rho = {res}0.1384
{txt}Iteration 2:  rho = {res}0.1509
{txt}Iteration 3:  rho = {res}0.1523
{txt}Iteration 4:  rho = {res}0.1525
{txt}Iteration 5:  rho = {res}0.1525
{txt}Iteration 6:  rho = {res}0.1525
{txt}Iteration 7:  rho = {res}0.1525

{txt}Prais-Winsten AR(1) regression -- iterated estimates

Linear regression                               Number of obs     = {res}        21
                                                {txt}F(3, 17)          =  {res}     1.89
                                                {txt}Prob > F          = {res}    0.1697
                                                {txt}R-squared         = {res}    0.5305
                                                {txt}Root MSE          =    {res} 27.934

{txt}{hline 13}{c TT}{hline 11}{hline 11}{hline 9}{hline 8}{hline 13}{hline 12}
{col 14}{c |}{col 26}  Semirobust
{col 1}_p50_biolo~y{col 14}{c |}      Coef.{col 26}   Std. Err.{col 38}      t{col 46}   P>|t|{col 54}     [95% Con{col 67}f. Interval]
{hline 13}{c +}{hline 11}{hline 11}{hline 9}{hline 8}{hline 13}{hline 12}
{space 10}_t {c |}{col 14}{res}{space 2}-4.588465{col 26}{space 2} 3.602976{col 37}{space 1}   -1.27{col 46}{space 3}0.220{col 54}{space 4}-12.19008{col 67}{space 3} 3.013149
{txt}{space 4}_x2020m3 {c |}{col 14}{res}{space 2} 55.38877{col 26}{space 2} 26.88552{col 37}{space 1}    2.06{col 46}{space 3}0.055{col 54}{space 4}-1.334723{col 67}{space 3} 112.1123
{txt}{space 2}_x_t2020m3 {c |}{col 14}{res}{space 2}-.0439092{col 26}{space 2} 4.548653{col 37}{space 1}   -0.01{col 46}{space 3}0.992{col 54}{space 4}-9.640728{col 67}{space 3} 9.552909
{txt}{space 7}_cons {c |}{col 14}{res}{space 2} 429.8553{col 26}{space 2} 24.47576{col 37}{space 1}   17.56{col 46}{space 3}0.000{col 54}{space 4} 378.2159{col 67}{space 3} 481.4946
{txt}{hline 13}{c +}{hline 11}{hline 11}{hline 9}{hline 8}{hline 13}{hline 12}
         rho {c |}  {res} .1524883
{txt}{hline 13}{c BT}{hline 64}
Durbin-Watson statistic (original)    {res}1.518525
{txt}Durbin-Watson statistic (transformed) {res}1.760369


{txt}{col 20} Postintervention Linear Trend: 2020m3

Treated: _b[_t]+_b[_x_t2020m3]
{hline 13}{c TT}{hline 64}
Linear Trend {c |}{col 21}Coef. {col 29}Std. Err.{col 44}t{col 49}{col 59}[95% Conf. Interval]
{hline 13}{c +}{hline 64}
{col 1}     Treated{col 14}{c |}{res}{col 17}-4.632374{col 28} 2.524223{col 38}   -1.84{col 46}   0.084{col 58}-9.958019{col 70} .6932706
{txt}{hline 13}{c BT}{hline 64}
{p 0 4 2}
{txt}(note:  named style
v.small not found in class
gsize,  default attributes used)
{p_end}
{res}{txt}(note: file /workspace/output/figures/ITSA_biologic_delay_prais_ra.gph not found)
{res}{txt}(file /workspace/output/figures/ITSA_biologic_delay_prais_ra.gph saved)

{com}.         graph export "$projectdir/output/figures/ITSA_biologic_delay_prais_ra.svg", replace     
{txt}(note: file /workspace/output/figures/ITSA_biologic_delay_prais_ra.svg not found)
(file /workspace/output/figures/ITSA_biologic_delay_prais_ra.svg written in SVG format)

{com}. restore
{txt}
{com}. 
. **Time from rheum appt to biologic for PsA patients
. preserve
{txt}
{com}. asdoc tabstat time_to_biologic if psa_code==1 & has_12m_follow_up==1, by(mo_year_diagn) stat(count p50 p75 p25 mean sd) save($projectdir/output/tables/Biol_delay_PsA.doc) dec(0)

{txt}Summary for variables: time_to_biologic
{col 6}by categories of: __000000 (mo_year_diagn)

{ralign 8:__000000} {...}
{c |}         N       p50       p75       p25      mean        sd
{hline 9}{c +}{hline 60}
{ralign 8:710} {...}
{c |}{...}
 {res}      147       446       691       264  486.1361  302.7576
{txt}{ralign 8:711} {...}
{c |}{...}
 {res}      155       401       629       226  447.1484  287.2408
{txt}{ralign 8:712} {...}
{c |}{...}
 {res}      160       477     658.5       250   486.725  306.6137
{txt}{ralign 8:713} {...}
{c |}{...}
 {res}      169       445       655       187  465.8107  321.3116
{txt}{ralign 8:714} {...}
{c |}{...}
 {res}      147       393       686       225  462.6531  307.6235
{txt}{ralign 8:715} {...}
{c |}{...}
 {res}      144     361.5       670     180.5  451.1111  320.0853
{txt}{ralign 8:716} {...}
{c |}{...}
 {res}      123       366       624       195  440.2114  305.4391
{txt}{ralign 8:717} {...}
{c |}{...}
 {res}      151       405       641       191  456.1325  311.5844
{txt}{ralign 8:718} {...}
{c |}{...}
 {res}      166     367.5       652       213  445.4398  301.3079
{txt}{ralign 8:719} {...}
{c |}{...}
 {res}      172     380.5     613.5     192.5  437.2093  306.9271
{txt}{ralign 8:720} {...}
{c |}{...}
 {res}      154     418.5       663       240  481.5519  323.6579
{txt}{ralign 8:721} {...}
{c |}{...}
 {res}      136     436.5       708     269.5  498.4338  329.5074
{txt}{ralign 8:722} {...}
{c |}{...}
 {res}      160     374.5     640.5       202   441.375  298.4223
{txt}{ralign 8:723} {...}
{c |}{...}
 {res}      180       437     686.5       196  486.1389  338.7575
{txt}{ralign 8:724} {...}
{c |}{...}
 {res}      171       388       637       219  451.0994  299.3423
{txt}{ralign 8:725} {...}
{c |}{...}
 {res}      164       368     617.5     185.5  429.1037  308.8932
{txt}{ralign 8:726} {...}
{c |}{...}
 {res}      156     428.5       660     237.5  479.6667  320.8411
{txt}{ralign 8:727} {...}
{c |}{...}
 {res}      154       401       664       237  463.5779  299.0746
{txt}{ralign 8:728} {...}
{c |}{...}
 {res}      130       399       653       230  465.0154  309.8139
{txt}{ralign 8:729} {...}
{c |}{...}
 {res}      166       379       594       196   421.012  284.3281
{txt}{ralign 8:730} {...}
{c |}{...}
 {res}      144       483       692     282.5  503.1944  286.2243
{txt}{ralign 8:731} {...}
{c |}{...}
 {res}      137       405       599       173  434.4015  291.8499
{txt}{ralign 8:732} {...}
{c |}{...}
 {res}      162       389       665       228  473.7407  320.1671
{txt}{ralign 8:733} {...}
{c |}{...}
 {res}      138     391.5       678       220  473.0145  323.5965
{txt}{ralign 8:734} {...}
{c |}{...}
 {res}      183       409       693       194  470.6175  324.7543
{txt}{ralign 8:735} {...}
{c |}{...}
 {res}      151       420       646       165  439.9934  308.6897
{txt}{ralign 8:736} {...}
{c |}{...}
 {res}      134       421       645       224  450.0448  304.2547
{txt}{ralign 8:737} {...}
{c |}{...}
 {res}      170       341       636       137  418.2824  332.8818
{txt}{ralign 8:738} {...}
{c |}{...}
 {res}      137       464       650       247   483.073  305.0778
{txt}{ralign 8:739} {...}
{c |}{...}
 {res}      132       355       685     181.5  445.4697  334.2542
{txt}{ralign 8:740} {...}
{c |}{...}
 {res}      157       397       677       177  459.9936  318.2215
{txt}{ralign 8:741} {...}
{c |}{...}
 {res}      172       355     662.5       150  436.8721  327.8423
{txt}{ralign 8:742} {...}
{c |}{...}
 {res}      146     431.5       693       225  492.2123  330.2938
{txt}{ralign 8:743} {...}
{c |}{...}
 {res}      172     362.5       626       185  438.1105   319.334
{txt}{ralign 8:744} {...}
{c |}{...}
 {res}      155       374       561       220  412.9032  268.3114
{txt}{ralign 8:745} {...}
{c |}{...}
 {res}      120       367       679     184.5  455.8333  335.6883
{txt}{ralign 8:746} {...}
{c |}{...}
 {res}      150       405       652       220  461.7867   323.851
{txt}{ralign 8:747} {...}
{c |}{...}
 {res}       98     472.5       710       205  483.0204  309.1788
{txt}{hline 9}{c +}{hline 60}
{ralign 8:Total} {...}
{c |}{...}
 {res}     5763       401       656       211  458.0047  312.0819
{txt}{hline 9}{c BT}{hline 60}
{res}{txt}(note: file /workspace/output/tables/Biol_delay_PsA.doc not found)
{res}Click to Open File:  {browse "/workspace/output/tables/Biol_delay_PsA.doc"}
{txt}
{com}. keep if time_to_biologic!=. & has_12m_follow_up==1 & psa_code==1 //drop those with no rheum appt and/or biologic prescription - may need to cut sooner to give sufficient time for DMARD
{txt}(26,602 observations deleted)

{com}. collapse (p50) p50_biologic_delay=time_to_biologic (p75) p75_biologic_delay=time_to_biologic (p25) p25_biologic_delay=time_to_biologic (mean) mean_biologic_delay=time_to_biologic (sd) sd_biologic_delay=time_to_biologic (count) n_biologic_delay=time_to_biologic, by(mo_year_diagn)
{txt}
{com}. 
. tsset mo_year_diagn
{res}{txt}{col 9}time variable:  {res}{col 25}mo_year_diagn, 2019m3 to 2022m4
{txt}{col 17}delta:  {res}1 month
{txt}
{com}. 
. **Newey Standard Errors with 6 lags
. itsa p50_biologic_delay if inrange(mo_year_diagn, tm(2019m3), tm(2020m11)), single trperiod(2020m3) lag(6) replace figure(title("", size(small)) subtitle("", size(medsmall)) ytitle("Median time to biologic, days", size(medsmall) margin(small)) ylabel(, nogrid) xtitle("Date of diagnosis", size(medsmall) margin(medsmall)) xlabel(710 "Mar 2019" 716 "Sep 2019" 722 "Mar 2020" 728 "Sep 2020" 734 "Mar 2021" 740 "Sep 2021" 746 "Mar 2022", nogrid) note("", size(v.small)) legend(off) saving("$projectdir/output/figures/ITSA_biologic_delay_newey_psa.gph", replace)) posttrend 


{res}{txt}{col 9}time variable:  {res}{col 25}mo_year_diagn, 2019m3 to 2022m4
{txt}{col 17}delta:  {res}1 month

{txt}Regression with Newey-West standard errors{col 49}Number of obs{col 67}= {res}        21
{txt}maximum lag: {res}6{col 49}{txt}F(  3,        17){col 67}= {res}      1.41
{col 49}{txt}Prob > F{col 67}= {res}    0.2734

{txt}{hline 13}{c TT}{hline 11}{hline 11}{hline 9}{hline 8}{hline 13}{hline 12}
{col 14}{c |}{col 26}  Newey-West
{col 1}_p50_biolo~y{col 14}{c |}      Coef.{col 26}   Std. Err.{col 38}      t{col 46}   P>|t|{col 54}     [95% Con{col 67}f. Interval]
{hline 13}{c +}{hline 11}{hline 11}{hline 9}{hline 8}{hline 13}{hline 12}
{space 10}_t {c |}{col 14}{res}{space 2} -3.38986{col 26}{space 2} 2.898871{col 37}{space 1}   -1.17{col 46}{space 3}0.258{col 54}{space 4}-9.505942{col 67}{space 3} 2.726222
{txt}{space 4}_x2020m3 {c |}{col 14}{res}{space 2}-.6464646{col 26}{space 2} 21.89112{col 37}{space 1}   -0.03{col 46}{space 3}0.977{col 54}{space 4}-46.83269{col 67}{space 3} 45.53976
{txt}{space 2}_x_t2020m3 {c |}{col 14}{res}{space 2}  8.63986{col 26}{space 2}  4.54997{col 37}{space 1}    1.90{col 46}{space 3}0.075{col 54}{space 4}-.9597371{col 67}{space 3} 18.23946
{txt}{space 7}_cons {c |}{col 14}{res}{space 2} 426.7692{col 26}{space 2} 16.91443{col 37}{space 1}   25.23{col 46}{space 3}0.000{col 54}{space 4} 391.0829{col 67}{space 3} 462.4556
{txt}{hline 13}{c BT}{hline 11}{hline 11}{hline 9}{hline 8}{hline 13}{hline 12}


{col 20} Postintervention Linear Trend: 2020m3

Treated: _b[_t]+_b[_x_t2020m3]
{hline 13}{c TT}{hline 64}
Linear Trend {c |}{col 21}Coef. {col 29}Std. Err.{col 44}t{col 49}{col 59}[95% Conf. Interval]
{hline 13}{c +}{hline 64}
{col 1}     Treated{col 14}{c |}{res}{col 17}     5.25{col 28} 3.009858{col 38}    1.74{col 46}   0.099{col 58}-1.100246{col 70} 11.60025
{txt}{hline 13}{c BT}{hline 64}
{p 0 4 2}
{txt}(note:  named style
v.small not found in class
gsize,  default attributes used)
{p_end}
{res}{txt}(note: file /workspace/output/figures/ITSA_biologic_delay_newey_psa.gph not found)
{res}{txt}(file /workspace/output/figures/ITSA_biologic_delay_newey_psa.gph saved)

{com}.         graph export "$projectdir/output/figures/ITSA_biologic_delay_newey_psa.svg", replace
{txt}(note: file /workspace/output/figures/ITSA_biologic_delay_newey_psa.svg not found)
(file /workspace/output/figures/ITSA_biologic_delay_newey_psa.svg written in SVG format)

{com}. actest, lag(18) 

{txt}Cumby-Huizinga test for autocorrelation (Breusch-Godfrey)
  H0: variable is MA process up to order q
  HA: serial correlation present at specified lags >q
{hline 41}{c TT}{hline 35}
  H0: q=0 (serially uncorrelated){col 42}{c |}  H0: q=specified lag-1
  HA: s.c. present at range specified{col 42}{c |}  HA: s.c. present at lag specified
{hline 11}{c TT}{hline 29}{c +}{hline 5}{c TT}{hline 29}
{col 5}lags{col 12}{c |}{col 19}chi2{col 29}df{col 36}p-val{col 42}{c |}{col 44}lag{col 48}{c |}{col 55}chi2{col 65}df{col 72}p-val
{hline 11}{c +}{hline 29}{c +}{hline 5}{c +}{hline 29}
{res}{col 2}  1{txt}{col 6}-{res}{col 7}  1{txt}{col 12}{c |}{res}{col 17}  0.001{col 30}1{col 35}0.9820{txt}{col 42}{c |}{res}{col 44}  1{txt}{col 48}{c |}{res}{col 53}  0.001{col 66}1{col 71}0.9820
{col 2}  1{txt}{col 6}-{res}{col 7}  2{txt}{col 12}{c |}{res}{col 17}  0.278{col 30}2{col 35}0.8703{txt}{col 42}{c |}{res}{col 44}  2{txt}{col 48}{c |}{res}{col 53}  0.269{col 66}1{col 71}0.6040
{col 2}  1{txt}{col 6}-{res}{col 7}  3{txt}{col 12}{c |}{res}{col 17}  0.357{col 30}3{col 35}0.9489{txt}{col 42}{c |}{res}{col 44}  3{txt}{col 48}{c |}{res}{col 53}  0.030{col 66}1{col 71}0.8620
{col 2}  1{txt}{col 6}-{res}{col 7}  4{txt}{col 12}{c |}{res}{col 17}  0.506{col 30}4{col 35}0.9730{txt}{col 42}{c |}{res}{col 44}  4{txt}{col 48}{c |}{res}{col 53}  0.075{col 66}1{col 71}0.7841
{col 2}  1{txt}{col 6}-{res}{col 7}  5{txt}{col 12}{c |}{res}{col 17}  4.158{col 30}5{col 35}0.5269{txt}{col 42}{c |}{res}{col 44}  5{txt}{col 48}{c |}{res}{col 53}  2.797{col 66}1{col 71}0.0944
{col 2}  1{txt}{col 6}-{res}{col 7}  6{txt}{col 12}{c |}{res}{col 17}  7.895{col 30}6{col 35}0.2459{txt}{col 42}{c |}{res}{col 44}  6{txt}{col 48}{c |}{res}{col 53}  2.759{col 66}1{col 71}0.0967
{col 2}  1{txt}{col 6}-{res}{col 7}  7{txt}{col 12}{c |}{res}{col 17}  8.054{col 30}7{col 35}0.3278{txt}{col 42}{c |}{res}{col 44}  7{txt}{col 48}{c |}{res}{col 53}  0.066{col 66}1{txt}*{res}{col 71}0.7969
{col 2}  1{txt}{col 6}-{res}{col 7}  8{txt}{col 12}{c |}{res}{col 17} 10.882{col 30}8{col 35}0.2085{txt}{col 42}{c |}{res}{col 44}  8{txt}{col 48}{c |}{res}{col 53}  0.764{col 66}1{txt}*{res}{col 71}0.3821
{col 2}  1{txt}{col 6}-{res}{col 7}  9{txt}{col 12}{c |}{res}{col 17} 12.809{col 30}9{col 35}0.1714{txt}{col 42}{c |}{res}{col 44}  9{txt}{col 48}{c |}{res}{col 53}  1.198{col 66}1{txt}*{res}{col 71}0.2737
{col 2}  1{txt}{col 6}-{res}{col 7} 10{txt}{col 12}{c |}{res}{col 17} 12.812{col 30}10{col 35}0.2344{txt}{col 42}{c |}{res}{col 44} 10{txt}{col 48}{c |}{res}{col 53}  0.895{col 66}1{txt}*{res}{col 71}0.3440
{col 2}  1{txt}{col 6}-{res}{col 7} 11{txt}{col 12}{c |}{res}{col 17} 13.011{col 30}11{col 35}0.2926{txt}{col 42}{c |}{res}{col 44} 11{txt}{col 48}{c |}{res}{col 53}  1.747{col 66}1{txt}*{res}{col 71}0.1863
{col 2}  1{txt}{col 6}-{res}{col 7} 12{txt}{col 12}{c |}{res}{col 17} 16.560{col 30}12{col 35}0.1669{txt}{col 42}{c |}{res}{col 44} 12{txt}{col 48}{c |}{res}{col 53}  1.805{col 66}1{col 71}0.1791
{col 2}  1{txt}{col 6}-{res}{col 7} 13{txt}{col 12}{c |}{res}{col 17} 16.702{col 30}13{col 35}0.2133{txt}{col 42}{c |}{res}{col 44} 13{txt}{col 48}{c |}{res}{col 53}  0.931{col 66}1{col 71}0.3346
{col 2}  1{txt}{col 6}-{res}{col 7} 14{txt}{col 12}{c |}{res}{col 17} 16.718{col 30}14{col 35}0.2715{txt}{col 42}{c |}{res}{col 44} 14{txt}{col 48}{c |}{res}{col 53}  0.349{col 66}1{col 71}0.5544
{col 2}  1{txt}{col 6}-{res}{col 7} 15{txt}{col 12}{c |}{res}{col 17} 18.486{col 30}15{col 35}0.2380{txt}{col 42}{c |}{res}{col 44} 15{txt}{col 48}{c |}{res}{col 53}  1.795{col 66}1{col 71}0.1803
{col 2}  1{txt}{col 6}-{res}{col 7} 16{txt}{col 12}{c |}{res}{col 17} 19.593{col 30}16{col 35}0.2391{txt}{col 42}{c |}{res}{col 44} 16{txt}{col 48}{c |}{res}{col 53}  1.371{col 66}1{col 71}0.2417
{col 2}  1{txt}{col 6}-{res}{col 7} 17{txt}{col 12}{c |}{res}{col 17} 21.000{col 30}17{col 35}0.2263{txt}{col 42}{c |}{res}{col 44} 17{txt}{col 48}{c |}{res}{col 53}  0.135{col 66}1{col 71}0.7134
{col 2}  1{txt}{col 6}-{res}{col 7} 18{txt}{col 12}{c |}{res}{col 17} 21.000{col 30}18{col 35}0.2794{txt}{col 42}{c |}{res}{col 44} 18{txt}{col 48}{c |}{res}{col 53}  4.199{col 66}1{col 71}0.0404
{txt}{hline 11}{c BT}{hline 29}{c BT}{hline 5}{c BT}{hline 29}
  Test allows predetermined regressors/instruments
  Test requires conditional homoskedasticity
  * Eigenvalues adjusted to make matrix positive semidefinite

{com}. 
. **Prais-Winsten 
. itsa p50_biologic_delay if inrange(mo_year_diagn, tm(2019m3), tm(2020m11)), single trperiod(2020m3) replace prais rhotype(tscorr) vce(robust) figure(title("", size(small)) subtitle("", size(medsmall)) ytitle("Median time to biologic, days", size(medsmall) margin(small)) ylabel(, nogrid) xtitle("Date of diagnosis", size(medsmall) margin(medsmall)) xlabel(710 "Mar 2019" 716 "Sep 2019" 722 "Mar 2020" 728 "Sep 2020" 734 "Mar 2021" 740 "Sep 2021" 746 "Mar 2022", nogrid) note("", size(v.small))  legend(off) saving("$projectdir/output/figures/ITSA_biologic_delay_prais_psa.gph", replace)) posttrend 


{res}{txt}{col 9}time variable:  {res}{col 25}mo_year_diagn, 2019m3 to 2022m4
{txt}{col 17}delta:  {res}1 month

{txt}Iteration 0:  rho = {res}0.0000
{txt}Iteration 1:  rho = {res}-0.0040
{txt}Iteration 2:  rho = {res}-0.0050
{txt}Iteration 3:  rho = {res}-0.0052
{txt}Iteration 4:  rho = {res}-0.0053
{txt}Iteration 5:  rho = {res}-0.0053
{txt}Iteration 6:  rho = {res}-0.0053
{txt}Iteration 7:  rho = {res}-0.0053

{txt}Prais-Winsten AR(1) regression -- iterated estimates

Linear regression                               Number of obs     = {res}        21
                                                {txt}F(3, 17)          =  {res}     0.75
                                                {txt}Prob > F          = {res}    0.5387
                                                {txt}R-squared         = {res}    0.1218
                                                {txt}Root MSE          =    {res} 36.592

{txt}{hline 13}{c TT}{hline 11}{hline 11}{hline 9}{hline 8}{hline 13}{hline 12}
{col 14}{c |}{col 26}  Semirobust
{col 1}_p50_biolo~y{col 14}{c |}      Coef.{col 26}   Std. Err.{col 38}      t{col 46}   P>|t|{col 54}     [95% Con{col 67}f. Interval]
{hline 13}{c +}{hline 11}{hline 11}{hline 9}{hline 8}{hline 13}{hline 12}
{space 10}_t {c |}{col 14}{res}{space 2}-3.398679{col 26}{space 2} 3.082356{col 37}{space 1}   -1.10{col 46}{space 3}0.286{col 54}{space 4}-9.901881{col 67}{space 3} 3.104524
{txt}{space 4}_x2020m3 {c |}{col 14}{res}{space 2}-.3721062{col 26}{space 2} 30.96287{col 37}{space 1}   -0.01{col 46}{space 3}0.991{col 54}{space 4}-65.69805{col 67}{space 3} 64.95384
{txt}{space 2}_x_t2020m3 {c |}{col 14}{res}{space 2}  8.60316{col 26}{space 2}   6.3324{col 37}{space 1}    1.36{col 46}{space 3}0.192{col 54}{space 4}-4.757037{col 67}{space 3} 21.96336
{txt}{space 7}_cons {c |}{col 14}{res}{space 2}  426.784{col 26}{space 2}  20.0465{col 37}{space 1}   21.29{col 46}{space 3}0.000{col 54}{space 4} 384.4896{col 67}{space 3} 469.0785
{txt}{hline 13}{c +}{hline 11}{hline 11}{hline 9}{hline 8}{hline 13}{hline 12}
         rho {c |}  {res}-.0052682
{txt}{hline 13}{c BT}{hline 64}
Durbin-Watson statistic (original)    {res}1.856210
{txt}Durbin-Watson statistic (transformed) {res}1.850746


{txt}{col 20} Postintervention Linear Trend: 2020m3

Treated: _b[_t]+_b[_x_t2020m3]
{hline 13}{c TT}{hline 64}
Linear Trend {c |}{col 21}Coef. {col 29}Std. Err.{col 44}t{col 49}{col 59}[95% Conf. Interval]
{hline 13}{c +}{hline 64}
{col 1}     Treated{col 14}{c |}{res}{col 17} 5.204481{col 28} 5.538108{col 38}    0.94{col 46}   0.361{col 58}-6.479905{col 70} 16.88887
{txt}{hline 13}{c BT}{hline 64}
{p 0 4 2}
{txt}(note:  named style
v.small not found in class
gsize,  default attributes used)
{p_end}
{res}{txt}(note: file /workspace/output/figures/ITSA_biologic_delay_prais_psa.gph not found)
{res}{txt}(file /workspace/output/figures/ITSA_biologic_delay_prais_psa.gph saved)

{com}.         graph export "$projectdir/output/figures/ITSA_biologic_delay_prais_psa.svg", replace    
{txt}(note: file /workspace/output/figures/ITSA_biologic_delay_prais_psa.svg not found)
(file /workspace/output/figures/ITSA_biologic_delay_prais_psa.svg written in SVG format)

{com}. restore
{txt}
{com}. 
. **Time from rheum appt to biologic for AxSpA patients
. preserve
{txt}
{com}. asdoc tabstat time_to_biologic if anksp_code==1 & has_12m_follow_up==1, by(mo_year_diagn) stat(count p50 p75 p25 mean sd) save($projectdir/output/tables/Biol_delay_anksp.doc) dec(0)

{txt}Summary for variables: time_to_biologic
{col 6}by categories of: __000000 (mo_year_diagn)

{ralign 8:__000000} {...}
{c |}         N       p50       p75       p25      mean        sd
{hline 9}{c +}{hline 60}
{ralign 8:710} {...}
{c |}{...}
 {res}      167       404       637       223  462.8443  309.0593
{txt}{ralign 8:711} {...}
{c |}{...}
 {res}      178       364       566       157  419.2528  317.6058
{txt}{ralign 8:712} {...}
{c |}{...}
 {res}      150     396.5       650       195       446  319.5599
{txt}{ralign 8:713} {...}
{c |}{...}
 {res}      142       377       632       194  445.9437  310.2539
{txt}{ralign 8:714} {...}
{c |}{...}
 {res}      172     347.5       634     155.5  432.6221  334.6212
{txt}{ralign 8:715} {...}
{c |}{...}
 {res}      149       372       586       184  428.2953  303.0826
{txt}{ralign 8:716} {...}
{c |}{...}
 {res}      173       405       678       202  469.1792  336.0666
{txt}{ralign 8:717} {...}
{c |}{...}
 {res}      155       400       748       190  485.4065  331.3512
{txt}{ralign 8:718} {...}
{c |}{...}
 {res}      133       433       702       249  490.2782  328.7235
{txt}{ralign 8:719} {...}
{c |}{...}
 {res}      151       431       690       194  459.5894   300.854
{txt}{ralign 8:720} {...}
{c |}{...}
 {res}      163       330       663       159   423.092  332.7764
{txt}{ralign 8:721} {...}
{c |}{...}
 {res}      146       408       676       201  461.0616  318.8534
{txt}{ralign 8:722} {...}
{c |}{...}
 {res}      178       342       653       173  416.1742  316.7135
{txt}{ralign 8:723} {...}
{c |}{...}
 {res}      166     417.5       715       202  473.7169  321.1876
{txt}{ralign 8:724} {...}
{c |}{...}
 {res}      171       377       677       246  451.7018  310.8476
{txt}{ralign 8:725} {...}
{c |}{...}
 {res}      168     413.5     703.5     157.5   464.881  324.0723
{txt}{ralign 8:726} {...}
{c |}{...}
 {res}      195       430       632       207  464.1538  323.9204
{txt}{ralign 8:727} {...}
{c |}{...}
 {res}      148     462.5     644.5     258.5  468.8378  281.6815
{txt}{ralign 8:728} {...}
{c |}{...}
 {res}      154     383.5       610       234  453.5844  295.4494
{txt}{ralign 8:729} {...}
{c |}{...}
 {res}      161       408       646       175  453.3478  320.9925
{txt}{ralign 8:730} {...}
{c |}{...}
 {res}      155       410       657       199  459.2516  310.1241
{txt}{ralign 8:731} {...}
{c |}{...}
 {res}      163       391       652       202  444.4233  301.1159
{txt}{ralign 8:732} {...}
{c |}{...}
 {res}      201       394       627       176  434.9353  305.5524
{txt}{ralign 8:733} {...}
{c |}{...}
 {res}      147       371       594       218  432.9252  304.3642
{txt}{ralign 8:734} {...}
{c |}{...}
 {res}      144       406       629     181.5  440.3542  303.6868
{txt}{ralign 8:735} {...}
{c |}{...}
 {res}      145       406       736       202  492.3586  334.9496
{txt}{ralign 8:736} {...}
{c |}{...}
 {res}      167       409       623       203  461.0359  325.4539
{txt}{ralign 8:737} {...}
{c |}{...}
 {res}      140     385.5       661       186  435.4286  280.7924
{txt}{ralign 8:738} {...}
{c |}{...}
 {res}      170     424.5       654       201  454.6294  317.5714
{txt}{ralign 8:739} {...}
{c |}{...}
 {res}      139       458       679       256  492.6043  300.2736
{txt}{ralign 8:740} {...}
{c |}{...}
 {res}      141       404       677       224  481.7376  332.1597
{txt}{ralign 8:741} {...}
{c |}{...}
 {res}      163       414       670       206   477.362  326.2024
{txt}{ralign 8:742} {...}
{c |}{...}
 {res}      152       443     692.5     253.5  482.0724  293.7797
{txt}{ralign 8:743} {...}
{c |}{...}
 {res}      143       518       749       269  531.3636  331.3124
{txt}{ralign 8:744} {...}
{c |}{...}
 {res}      143       427       631       224  473.2238  313.1501
{txt}{ralign 8:745} {...}
{c |}{...}
 {res}      126       413       647       198  447.0714  305.7136
{txt}{ralign 8:746} {...}
{c |}{...}
 {res}      125       360       651       197    444.76  320.3657
{txt}{ralign 8:747} {...}
{c |}{...}
 {res}      105       422       679       192   444.419  306.7785
{txt}{hline 9}{c +}{hline 60}
{ralign 8:Total} {...}
{c |}{...}
 {res}     5889       402       657       201  457.2792  315.0432
{txt}{hline 9}{c BT}{hline 60}
{res}{txt}(note: file /workspace/output/tables/Biol_delay_anksp.doc not found)
{res}Click to Open File:  {browse "/workspace/output/tables/Biol_delay_anksp.doc"}
{txt}
{com}. keep if time_to_biologic!=. & has_12m_follow_up==1 & anksp_code==1 //drop those with no rheum appt and/or biologic prescription - may need to cut sooner to give sufficient time for DMARD
{txt}(26,476 observations deleted)

{com}. collapse (p50) p50_biologic_delay=time_to_biologic (p75) p75_biologic_delay=time_to_biologic (p25) p25_biologic_delay=time_to_biologic (mean) mean_biologic_delay=time_to_biologic (sd) sd_biologic_delay=time_to_biologic (count) n_biologic_delay=time_to_biologic, by(mo_year_diagn)
{txt}
{com}. 
. tsset mo_year_diagn
{res}{txt}{col 9}time variable:  {res}{col 25}mo_year_diagn, 2019m3 to 2022m4
{txt}{col 17}delta:  {res}1 month
{txt}
{com}. 
. **Newey Standard Errors with 6 lags
. itsa p50_biologic_delay if inrange(mo_year_diagn, tm(2019m3), tm(2020m11)), single trperiod(2020m3) lag(6) replace figure(title("", size(small)) subtitle("", size(medsmall)) ytitle("Median time to biologic, days", size(medsmall) margin(small)) ylabel(, nogrid) xtitle("Date of diagnosis", size(medsmall) margin(medsmall)) xlabel(710 "Mar 2019" 716 "Sep 2019" 722 "Mar 2020" 728 "Sep 2020" 734 "Mar 2021" 740 "Sep 2021" 746 "Mar 2022", nogrid) note("", size(v.small)) legend(off) saving("$projectdir/output/figures/ITSA_biologic_delay_newey_anksp.gph", replace)) posttrend 


{res}{txt}{col 9}time variable:  {res}{col 25}mo_year_diagn, 2019m3 to 2022m4
{txt}{col 17}delta:  {res}1 month

{txt}Regression with Newey-West standard errors{col 49}Number of obs{col 67}= {res}        21
{txt}maximum lag: {res}6{col 49}{txt}F(  3,        17){col 67}= {res}      3.09
{col 49}{txt}Prob > F{col 67}= {res}    0.0548

{txt}{hline 13}{c TT}{hline 11}{hline 11}{hline 9}{hline 8}{hline 13}{hline 12}
{col 14}{c |}{col 26}  Newey-West
{col 1}_p50_biolo~y{col 14}{c |}      Coef.{col 26}   Std. Err.{col 38}      t{col 46}   P>|t|{col 54}     [95% Con{col 67}f. Interval]
{hline 13}{c +}{hline 11}{hline 11}{hline 9}{hline 8}{hline 13}{hline 12}
{space 10}_t {c |}{col 14}{res}{space 2} 1.573427{col 26}{space 2} 1.520959{col 37}{space 1}    1.03{col 46}{space 3}0.315{col 54}{space 4}-1.635517{col 67}{space 3}  4.78237
{txt}{space 4}_x2020m3 {c |}{col 14}{res}{space 2}-14.70505{col 26}{space 2} 18.12633{col 37}{space 1}   -0.81{col 46}{space 3}0.428{col 54}{space 4}-52.94827{col 67}{space 3} 23.53817
{txt}{space 2}_x_t2020m3 {c |}{col 14}{res}{space 2}  3.51824{col 26}{space 2}  3.69341{col 37}{space 1}    0.95{col 46}{space 3}0.354{col 54}{space 4}-4.274173{col 67}{space 3} 11.31065
{txt}{space 7}_cons {c |}{col 14}{res}{space 2} 380.3462{col 26}{space 2} 8.247514{col 37}{space 1}   46.12{col 46}{space 3}0.000{col 54}{space 4} 362.9454{col 67}{space 3} 397.7469
{txt}{hline 13}{c BT}{hline 11}{hline 11}{hline 9}{hline 8}{hline 13}{hline 12}


{col 20} Postintervention Linear Trend: 2020m3

Treated: _b[_t]+_b[_x_t2020m3]
{hline 13}{c TT}{hline 64}
Linear Trend {c |}{col 21}Coef. {col 29}Std. Err.{col 44}t{col 49}{col 59}[95% Conf. Interval]
{hline 13}{c +}{hline 64}
{col 1}     Treated{col 14}{c |}{res}{col 17} 5.091667{col 28} 3.182342{col 38}    1.60{col 46}   0.128{col 58}-1.622488{col 70} 11.80582
{txt}{hline 13}{c BT}{hline 64}
{p 0 4 2}
{txt}(note:  named style
v.small not found in class
gsize,  default attributes used)
{p_end}
{res}{txt}(note: file /workspace/output/figures/ITSA_biologic_delay_newey_anksp.gph not found)
{res}{txt}(file /workspace/output/figures/ITSA_biologic_delay_newey_anksp.gph saved)

{com}.         graph export "$projectdir/output/figures/ITSA_biologic_delay_newey_anksp.svg", replace
{txt}(note: file /workspace/output/figures/ITSA_biologic_delay_newey_anksp.svg not found)
(file /workspace/output/figures/ITSA_biologic_delay_newey_anksp.svg written in SVG format)

{com}. actest, lag(18) 

{txt}Cumby-Huizinga test for autocorrelation (Breusch-Godfrey)
  H0: variable is MA process up to order q
  HA: serial correlation present at specified lags >q
{hline 41}{c TT}{hline 35}
  H0: q=0 (serially uncorrelated){col 42}{c |}  H0: q=specified lag-1
  HA: s.c. present at range specified{col 42}{c |}  HA: s.c. present at lag specified
{hline 11}{c TT}{hline 29}{c +}{hline 5}{c TT}{hline 29}
{col 5}lags{col 12}{c |}{col 19}chi2{col 29}df{col 36}p-val{col 42}{c |}{col 44}lag{col 48}{c |}{col 55}chi2{col 65}df{col 72}p-val
{hline 11}{c +}{hline 29}{c +}{hline 5}{c +}{hline 29}
{res}{col 2}  1{txt}{col 6}-{res}{col 7}  1{txt}{col 12}{c |}{res}{col 17}  0.565{col 30}1{col 35}0.4522{txt}{col 42}{c |}{res}{col 44}  1{txt}{col 48}{c |}{res}{col 53}  0.565{col 66}1{col 71}0.4522
{col 2}  1{txt}{col 6}-{res}{col 7}  2{txt}{col 12}{c |}{res}{col 17}  0.653{col 30}2{col 35}0.7215{txt}{col 42}{c |}{res}{col 44}  2{txt}{col 48}{c |}{res}{col 53}  0.173{col 66}1{col 71}0.6778
{col 2}  1{txt}{col 6}-{res}{col 7}  3{txt}{col 12}{c |}{res}{col 17}  3.874{col 30}3{col 35}0.2753{txt}{col 42}{c |}{res}{col 44}  3{txt}{col 48}{c |}{res}{col 53}  2.825{col 66}1{col 71}0.0928
{col 2}  1{txt}{col 6}-{res}{col 7}  4{txt}{col 12}{c |}{res}{col 17}  5.431{col 30}4{col 35}0.2459{txt}{col 42}{c |}{res}{col 44}  4{txt}{col 48}{c |}{res}{col 53}  0.402{col 66}1{col 71}0.5258
{col 2}  1{txt}{col 6}-{res}{col 7}  5{txt}{col 12}{c |}{res}{col 17}  8.275{col 30}5{col 35}0.1417{txt}{col 42}{c |}{res}{col 44}  5{txt}{col 48}{c |}{res}{col 53}  1.399{col 66}1{txt}*{res}{col 71}0.2368
{col 2}  1{txt}{col 6}-{res}{col 7}  6{txt}{col 12}{c |}{res}{col 17}  8.962{col 30}6{col 35}0.1757{txt}{col 42}{c |}{res}{col 44}  6{txt}{col 48}{c |}{res}{col 53}  0.421{col 66}1{txt}*{res}{col 71}0.5163
{col 2}  1{txt}{col 6}-{res}{col 7}  7{txt}{col 12}{c |}{res}{col 17} 11.900{col 30}7{col 35}0.1039{txt}{col 42}{c |}{res}{col 44}  7{txt}{col 48}{c |}{res}{col 53}  0.091{col 66}1{txt}*{res}{col 71}0.7628
{col 2}  1{txt}{col 6}-{res}{col 7}  8{txt}{col 12}{c |}{res}{col 17} 13.394{col 30}8{col 35}0.0990{txt}{col 42}{c |}{res}{col 44}  8{txt}{col 48}{c |}{res}{col 53}  2.448{col 66}1{txt}*{res}{col 71}0.1177
{col 2}  1{txt}{col 6}-{res}{col 7}  9{txt}{col 12}{c |}{res}{col 17} 13.394{col 30}9{col 35}0.1456{txt}{col 42}{c |}{res}{col 44}  9{txt}{col 48}{c |}{res}{col 53}  1.336{col 66}1{col 71}0.2478
{col 2}  1{txt}{col 6}-{res}{col 7} 10{txt}{col 12}{c |}{res}{col 17} 18.356{col 30}10{col 35}0.0492{txt}{col 42}{c |}{res}{col 44} 10{txt}{col 48}{c |}{res}{col 53}  0.305{col 66}1{col 71}0.5807
{col 2}  1{txt}{col 6}-{res}{col 7} 11{txt}{col 12}{c |}{res}{col 17} 20.289{col 30}11{col 35}0.0415{txt}{col 42}{c |}{res}{col 44} 11{txt}{col 48}{c |}{res}{col 53}  0.001{col 66}1{txt}*{res}{col 71}0.9806
{col 2}  1{txt}{col 6}-{res}{col 7} 12{txt}{col 12}{c |}{res}{col 17} 20.298{col 30}12{col 35}0.0617{txt}{col 42}{c |}{res}{col 44} 12{txt}{col 48}{c |}{res}{col 53}  4.038{col 66}1{txt}*{res}{col 71}0.0445
{col 2}  1{txt}{col 6}-{res}{col 7} 13{txt}{col 12}{c |}{res}{col 17} 20.370{col 30}13{col 35}0.0864{txt}{col 42}{c |}{res}{col 44} 13{txt}{col 48}{c |}{res}{col 53}  0.261{col 66}1{col 71}0.6094
{col 2}  1{txt}{col 6}-{res}{col 7} 14{txt}{col 12}{c |}{res}{col 17} 20.459{col 30}14{col 35}0.1163{txt}{col 42}{c |}{res}{col 44} 14{txt}{col 48}{c |}{res}{col 53}  0.069{col 66}1{txt}*{res}{col 71}0.7929
{col 2}  1{txt}{col 6}-{res}{col 7} 15{txt}{col 12}{c |}{res}{col 17} 20.459{col 30}15{col 35}0.1550{txt}{col 42}{c |}{res}{col 44} 15{txt}{col 48}{c |}{res}{col 53}  1.213{col 66}1{txt}*{res}{col 71}0.2707
{col 2}  1{txt}{col 6}-{res}{col 7} 16{txt}{col 12}{c |}{res}{col 17} 20.992{col 30}16{col 35}0.1788{txt}{col 42}{c |}{res}{col 44} 16{txt}{col 48}{c |}{res}{col 53}  0.002{col 66}1{col 71}0.9654
{col 2}  1{txt}{col 6}-{res}{col 7} 17{txt}{col 12}{c |}{res}{col 17} 21.000{col 30}17{col 35}0.2263{txt}{col 42}{c |}{res}{col 44} 17{txt}{col 48}{c |}{res}{col 53}  2.226{col 66}1{col 71}0.1357
{col 2}  1{txt}{col 6}-{res}{col 7} 18{txt}{col 12}{c |}{res}{col 17} 21.000{col 30}18{txt}*{res}{col 35}0.2794{txt}{col 42}{c |}{res}{col 44} 18{txt}{col 48}{c |}{res}{col 53}  0.487{col 66}1{col 71}0.4854
{txt}{hline 11}{c BT}{hline 29}{c BT}{hline 5}{c BT}{hline 29}
  Test allows predetermined regressors/instruments
  Test requires conditional homoskedasticity
  * Eigenvalues adjusted to make matrix positive semidefinite

{com}. 
. **Prais-Winsten 
. itsa p50_biologic_delay if inrange(mo_year_diagn, tm(2019m3), tm(2020m11)), single trperiod(2020m3) replace prais rhotype(tscorr) vce(robust) figure(title("", size(small)) subtitle("", size(medsmall)) ytitle("Median time to biologic, days", size(medsmall) margin(small)) ylabel(, nogrid) xtitle("Date of diagnosis", size(medsmall) margin(medsmall)) xlabel(710 "Mar 2019" 716 "Sep 2019" 722 "Mar 2020" 728 "Sep 2020" 734 "Mar 2021" 740 "Sep 2021" 746 "Mar 2022", nogrid) note("", size(v.small))  legend(off) saving("$projectdir/output/figures/ITSA_biologic_delay_prais_anksp.gph", replace)) posttrend 


{res}{txt}{col 9}time variable:  {res}{col 25}mo_year_diagn, 2019m3 to 2022m4
{txt}{col 17}delta:  {res}1 month

{txt}Iteration 0:  rho = {res}0.0000
{txt}Iteration 1:  rho = {res}-0.1624
{txt}Iteration 2:  rho = {res}-0.1729
{txt}Iteration 3:  rho = {res}-0.1733
{txt}Iteration 4:  rho = {res}-0.1734
{txt}Iteration 5:  rho = {res}-0.1734

{txt}Prais-Winsten AR(1) regression -- iterated estimates

Linear regression                               Number of obs     = {res}        21
                                                {txt}F(3, 17)          =  {res}     2.02
                                                {txt}Prob > F          = {res}    0.1500
                                                {txt}R-squared         = {res}    0.3162
                                                {txt}Root MSE          =    {res} 32.477

{txt}{hline 13}{c TT}{hline 11}{hline 11}{hline 9}{hline 8}{hline 13}{hline 12}
{col 14}{c |}{col 26}  Semirobust
{col 1}_p50_biolo~y{col 14}{c |}      Coef.{col 26}   Std. Err.{col 38}      t{col 46}   P>|t|{col 54}     [95% Con{col 67}f. Interval]
{hline 13}{c +}{hline 11}{hline 11}{hline 9}{hline 8}{hline 13}{hline 12}
{space 10}_t {c |}{col 14}{res}{space 2} 1.442668{col 26}{space 2} 2.456806{col 37}{space 1}    0.59{col 46}{space 3}0.565{col 54}{space 4}-3.740739{col 67}{space 3} 6.626075
{txt}{space 4}_x2020m3 {c |}{col 14}{res}{space 2}-10.32764{col 26}{space 2} 27.46433{col 37}{space 1}   -0.38{col 46}{space 3}0.712{col 54}{space 4}-68.27232{col 67}{space 3} 47.61703
{txt}{space 2}_x_t2020m3 {c |}{col 14}{res}{space 2} 3.250428{col 26}{space 2} 4.121501{col 37}{space 1}    0.79{col 46}{space 3}0.441{col 54}{space 4}-5.445179{col 67}{space 3} 11.94604
{txt}{space 7}_cons {c |}{col 14}{res}{space 2} 380.1726{col 26}{space 2}  11.2117{col 37}{space 1}   33.91{col 46}{space 3}0.000{col 54}{space 4}  356.518{col 67}{space 3} 403.8272
{txt}{hline 13}{c +}{hline 11}{hline 11}{hline 9}{hline 8}{hline 13}{hline 12}
         rho {c |}  {res}-.1733688
{txt}{hline 13}{c BT}{hline 64}
Durbin-Watson statistic (original)    {res}2.281951
{txt}Durbin-Watson statistic (transformed) {res}1.934406


{txt}{col 20} Postintervention Linear Trend: 2020m3

Treated: _b[_t]+_b[_x_t2020m3]
{hline 13}{c TT}{hline 64}
Linear Trend {c |}{col 21}Coef. {col 29}Std. Err.{col 44}t{col 49}{col 59}[95% Conf. Interval]
{hline 13}{c +}{hline 64}
{col 1}     Treated{col 14}{c |}{res}{col 17} 4.693096{col 28} 3.315059{col 38}    1.42{col 46}   0.175{col 58}-2.301068{col 70} 11.68726
{txt}{hline 13}{c BT}{hline 64}
{p 0 4 2}
{txt}(note:  named style
v.small not found in class
gsize,  default attributes used)
{p_end}
{res}{txt}(note: file /workspace/output/figures/ITSA_biologic_delay_prais_anksp.gph not found)
{res}{txt}(file /workspace/output/figures/ITSA_biologic_delay_prais_anksp.gph saved)

{com}.         graph export "$projectdir/output/figures/ITSA_biologic_delay_prais_anksp.svg", replace  
{txt}(note: file /workspace/output/figures/ITSA_biologic_delay_prais_anksp.svg not found)
(file /workspace/output/figures/ITSA_biologic_delay_prais_anksp.svg written in SVG format)

{com}. restore
{txt}
{com}. */
. 
. log close
      {txt}name:  {res}<unnamed>
       {txt}log:  {res}/workspace/logs/itsa_models.smcl
  {txt}log type:  {res}smcl
 {txt}closed on:  {res} 4 Apr 2022, 15:45:37
{txt}{.-}
{smcl}
{txt}{sf}{ul off}